C:/Users/tomke/Documents/2_Hardwarenahes_Prog/graviermaschine/libs/LibL6474/src/LibL6474x.c:178:19:L6474_HelperLock	16	static
C:/Users/tomke/Documents/2_Hardwarenahes_Prog/graviermaschine/libs/LibL6474/src/LibL6474x.c:190:20:L6474_HelperUnlock	16	static
C:/Users/tomke/Documents/2_Hardwarenahes_Prog/graviermaschine/libs/LibL6474/src/LibL6474x.c:203:13:L6474_HelperReleaseStep	16	static
C:/Users/tomke/Documents/2_Hardwarenahes_Prog/graviermaschine/libs/LibL6474/src/LibL6474x.c:212:12:L6474_GetStatusCommand	40	static
C:/Users/tomke/Documents/2_Hardwarenahes_Prog/graviermaschine/libs/LibL6474/src/LibL6474x.c:236:12:L6474_NopCommand	40	static
C:/Users/tomke/Documents/2_Hardwarenahes_Prog/graviermaschine/libs/LibL6474/src/LibL6474x.c:257:12:L6474_GetParamCommand	56	static
C:/Users/tomke/Documents/2_Hardwarenahes_Prog/graviermaschine/libs/LibL6474/src/LibL6474x.c:316:12:L6474_SetParamCommand	56	static
C:/Users/tomke/Documents/2_Hardwarenahes_Prog/graviermaschine/libs/LibL6474/src/LibL6474x.c:376:12:L6474_EnableCommand	40	static
C:/Users/tomke/Documents/2_Hardwarenahes_Prog/graviermaschine/libs/LibL6474/src/LibL6474x.c:407:12:L6474_DisableCommand	40	static
C:/Users/tomke/Documents/2_Hardwarenahes_Prog/graviermaschine/libs/LibL6474/src/LibL6474x.c:440:16:L6474_CreateInstance	32	static
C:/Users/tomke/Documents/2_Hardwarenahes_Prog/graviermaschine/libs/LibL6474/src/LibL6474x.c:496:5:L6474_DestroyInstance	16	static
C:/Users/tomke/Documents/2_Hardwarenahes_Prog/graviermaschine/libs/LibL6474/src/LibL6474x.c:521:5:L6474_ResetStandBy	24	static
C:/Users/tomke/Documents/2_Hardwarenahes_Prog/graviermaschine/libs/LibL6474/src/LibL6474x.c:563:5:L6474_SetBaseParameter	16	static
C:/Users/tomke/Documents/2_Hardwarenahes_Prog/graviermaschine/libs/LibL6474/src/LibL6474x.c:581:6:L6474_EncodePhaseCurrent	16	static
C:/Users/tomke/Documents/2_Hardwarenahes_Prog/graviermaschine/libs/LibL6474/src/LibL6474x.c:591:5:L6474_EncodePhaseCurrentParameter	16	static
C:/Users/tomke/Documents/2_Hardwarenahes_Prog/graviermaschine/libs/LibL6474/src/LibL6474x.c:601:5:L6474_Initialize	24	static
C:/Users/tomke/Documents/2_Hardwarenahes_Prog/graviermaschine/libs/LibL6474/src/LibL6474x.c:727:5:L6474_IsMoving	16	static
C:/Users/tomke/Documents/2_Hardwarenahes_Prog/graviermaschine/libs/LibL6474/src/LibL6474x.c:744:5:L6474_SetStepMode	24	static
C:/Users/tomke/Documents/2_Hardwarenahes_Prog/graviermaschine/libs/LibL6474/src/LibL6474x.c:782:5:L6474_GetStepMode	24	static
C:/Users/tomke/Documents/2_Hardwarenahes_Prog/graviermaschine/libs/LibL6474/src/LibL6474x.c:819:5:L6474_SetPowerOutputs	24	static
C:/Users/tomke/Documents/2_Hardwarenahes_Prog/graviermaschine/libs/LibL6474/src/LibL6474x.c:851:5:L6474_GetAbsolutePosition	24	static
C:/Users/tomke/Documents/2_Hardwarenahes_Prog/graviermaschine/libs/LibL6474/src/LibL6474x.c:888:5:L6474_SetAbsolutePosition	24	static
C:/Users/tomke/Documents/2_Hardwarenahes_Prog/graviermaschine/libs/LibL6474/src/LibL6474x.c:920:5:L6474_GetElectricalPosition	24	static
C:/Users/tomke/Documents/2_Hardwarenahes_Prog/graviermaschine/libs/LibL6474/src/LibL6474x.c:953:5:L6474_SetElectricalPosition	24	static
C:/Users/tomke/Documents/2_Hardwarenahes_Prog/graviermaschine/libs/LibL6474/src/LibL6474x.c:985:5:L6474_GetPositionMark	24	static
C:/Users/tomke/Documents/2_Hardwarenahes_Prog/graviermaschine/libs/LibL6474/src/LibL6474x.c:1021:5:L6474_SetPositionMark	24	static
C:/Users/tomke/Documents/2_Hardwarenahes_Prog/graviermaschine/libs/LibL6474/src/LibL6474x.c:1053:5:L6474_GetAlarmEnables	24	static
C:/Users/tomke/Documents/2_Hardwarenahes_Prog/graviermaschine/libs/LibL6474/src/LibL6474x.c:1086:5:L6474_SetProperty	32	static
C:/Users/tomke/Documents/2_Hardwarenahes_Prog/graviermaschine/libs/LibL6474/src/LibL6474x.c:1118:5:L6474_GetProperty	32	static
C:/Users/tomke/Documents/2_Hardwarenahes_Prog/graviermaschine/libs/LibL6474/src/LibL6474x.c:1151:5:L6474_SetAlarmEnables	24	static
C:/Users/tomke/Documents/2_Hardwarenahes_Prog/graviermaschine/libs/LibL6474/src/LibL6474x.c:1183:5:L6474_GetStatus	24	static
C:/Users/tomke/Documents/2_Hardwarenahes_Prog/graviermaschine/libs/LibL6474/src/LibL6474x.c:1227:5:L6474_GetState	16	static
C:/Users/tomke/Documents/2_Hardwarenahes_Prog/graviermaschine/libs/LibL6474/src/LibL6474x.c:1242:5:L6474_StopMovement	16	static
C:/Users/tomke/Documents/2_Hardwarenahes_Prog/graviermaschine/libs/LibL6474/src/LibL6474x.c:1283:5:L6474_StepIncremental	40	static
