../Core/Src/OwnCode/stepper.c:54:14:StepLibraryMalloc	16	static
../Core/Src/OwnCode/stepper.c:59:13:StepLibraryFree	16	static
../Core/Src/OwnCode/stepper.c:64:12:StepDriverSpiTransfer	40	static
../Core/Src/OwnCode/stepper.c:76:13:StepDriverReset	16	static
../Core/Src/OwnCode/stepper.c:82:13:StepLibraryDelay	4	static
../Core/Src/OwnCode/stepper.c:87:12:StepTimerAsync	24	static
../Core/Src/OwnCode/stepper.c:97:12:StepTimerCancelAsync	16	static
../Core/Src/OwnCode/stepper.c:108:12:Reset	32	static
../Core/Src/OwnCode/stepper.c:131:12:Reference	40	static
../Core/Src/OwnCode/stepper.c:199:12:Position	32	static
../Core/Src/OwnCode/stepper.c:205:12:Status	64	static
../Core/Src/OwnCode/stepper.c:217:12:Move	64	static
../Core/Src/OwnCode/stepper.c:283:12:Config	24	static
../Core/Src/OwnCode/stepper.c:299:5:powerena	32	static
../Core/Src/OwnCode/stepper.c:322:6:set_speed	32	static
../Core/Src/OwnCode/stepper.c:332:12:Initialize	16	static
../Core/Src/OwnCode/stepper.c:340:12:StepperHandler	32	static
../Core/Src/OwnCode/stepper.c:376:6:start_tim1	24	static
../Core/Src/OwnCode/stepper.c:390:6:HAL_TIM_PWM_PulseFinishedCallback	16	static
../Core/Src/OwnCode/stepper.c:401:6:InitStepper	32	static
