../Core/Src/OwnCode/stepper.c:55:14:StepLibraryMalloc	16	static
../Core/Src/OwnCode/stepper.c:60:13:StepLibraryFree	16	static
../Core/Src/OwnCode/stepper.c:65:12:StepDriverSpiTransfer	40	static
../Core/Src/OwnCode/stepper.c:77:13:StepDriverReset	16	static
../Core/Src/OwnCode/stepper.c:83:13:StepLibraryDelay	4	static
../Core/Src/OwnCode/stepper.c:88:12:StepTimerAsync	24	static
../Core/Src/OwnCode/stepper.c:98:12:StepTimerCancelAsync	16	static
../Core/Src/OwnCode/stepper.c:109:12:Reset	32	static
../Core/Src/OwnCode/stepper.c:132:12:Reference	40	static
../Core/Src/OwnCode/stepper.c:200:12:Position	32	static
../Core/Src/OwnCode/stepper.c:206:12:Status	64	static
../Core/Src/OwnCode/stepper.c:218:12:Move	64	static
../Core/Src/OwnCode/stepper.c:284:12:Config	24	static
../Core/Src/OwnCode/stepper.c:300:5:powerena	32	static
../Core/Src/OwnCode/stepper.c:323:6:set_speed	32	static
../Core/Src/OwnCode/stepper.c:333:12:Initialize	16	static
../Core/Src/OwnCode/stepper.c:341:12:StepperHandler	32	static
../Core/Src/OwnCode/stepper.c:377:6:start_tim1	24	static
../Core/Src/OwnCode/stepper.c:391:6:HAL_TIM_PWM_PulseFinishedCallback	16	static
../Core/Src/OwnCode/stepper.c:402:6:InitStepper	32	static
