../Core/Src/OwnCode/stepper.c:61:14:StepLibraryMalloc	16	static
../Core/Src/OwnCode/stepper.c:66:13:StepLibraryFree	16	static
../Core/Src/OwnCode/stepper.c:71:12:StepDriverSpiTransfer	40	static
../Core/Src/OwnCode/stepper.c:83:13:StepDriverReset	16	static
../Core/Src/OwnCode/stepper.c:89:13:StepLibraryDelay	4	static
../Core/Src/OwnCode/stepper.c:94:12:StepTimerAsync	24	static
../Core/Src/OwnCode/stepper.c:104:12:StepTimerCancelAsync	16	static
../Core/Src/OwnCode/stepper.c:115:12:Reset	32	static
../Core/Src/OwnCode/stepper.c:138:12:Reference	40	static
../Core/Src/OwnCode/stepper.c:206:12:Position	32	static
../Core/Src/OwnCode/stepper.c:213:12:Status	64	static
../Core/Src/OwnCode/stepper.c:225:12:Move	64	static
../Core/Src/OwnCode/stepper.c:291:12:Config	24	static
../Core/Src/OwnCode/stepper.c:307:5:powerena	32	static
../Core/Src/OwnCode/stepper.c:330:6:set_speed	32	static
../Core/Src/OwnCode/stepper.c:340:12:Initialize	16	static
../Core/Src/OwnCode/stepper.c:348:12:StepperHandler	32	static
../Core/Src/OwnCode/stepper.c:384:6:start_tim1	24	static
../Core/Src/OwnCode/stepper.c:398:6:HAL_TIM_PWM_PulseFinishedCallback	16	static
../Core/Src/OwnCode/stepper.c:409:6:InitStepper	32	static
