../Drivers/CMSIS/Include/core_cm7.h:2147:34:__NVIC_SystemReset	4	static,ignoring_inline_asm
C:/Users/maxor/Documents/local_projects/HW-nahes_Programmieren/Graviermaschine/libs/LibRTOSConsole/src/Console.c:210:9:ControlSequenceParserConsume	16	static
C:/Users/maxor/Documents/local_projects/HW-nahes_Programmieren/Graviermaschine/libs/LibRTOSConsole/src/Console.c:339:12:ProcessCommand	368	static
C:/Users/maxor/Documents/local_projects/HW-nahes_Programmieren/Graviermaschine/libs/LibRTOSConsole/src/Console.c:428:12:TransformAndProcessTheCommand	256	static
C:/Users/maxor/Documents/local_projects/HW-nahes_Programmieren/Graviermaschine/libs/LibRTOSConsole/src/Console.c:521:13:PrintConsoleControl	24	static
C:/Users/maxor/Documents/local_projects/HW-nahes_Programmieren/Graviermaschine/libs/LibRTOSConsole/src/Console.c:535:12:ConsoleIsArrowLeft	16	static
C:/Users/maxor/Documents/local_projects/HW-nahes_Programmieren/Graviermaschine/libs/LibRTOSConsole/src/Console.c:542:12:ConsoleIsArrowRight	16	static
C:/Users/maxor/Documents/local_projects/HW-nahes_Programmieren/Graviermaschine/libs/LibRTOSConsole/src/Console.c:549:12:ConsoleIsArrowUp	16	static
C:/Users/maxor/Documents/local_projects/HW-nahes_Programmieren/Graviermaschine/libs/LibRTOSConsole/src/Console.c:556:12:ConsoleIsArrowDown	16	static
C:/Users/maxor/Documents/local_projects/HW-nahes_Programmieren/Graviermaschine/libs/LibRTOSConsole/src/Console.c:563:12:ConsoleIsEntf	16	static
C:/Users/maxor/Documents/local_projects/HW-nahes_Programmieren/Graviermaschine/libs/LibRTOSConsole/src/Console.c:570:13:PrintConsoleArrowLeft	8	static
C:/Users/maxor/Documents/local_projects/HW-nahes_Programmieren/Graviermaschine/libs/LibRTOSConsole/src/Console.c:580:5:CONSOLE_RedirectStreams	48	static
C:/Users/maxor/Documents/local_projects/HW-nahes_Programmieren/Graviermaschine/libs/LibRTOSConsole/src/Console.c:645:13:ConsoleFunction	112	static
C:/Users/maxor/Documents/local_projects/HW-nahes_Programmieren/Graviermaschine/libs/LibRTOSConsole/src/Console.c:1055:12:ConsolePrintHelp	48	static
C:/Users/maxor/Documents/local_projects/HW-nahes_Programmieren/Graviermaschine/libs/LibRTOSConsole/src/Console.c:1101:12:ConsoleExecReset	24	static
C:/Users/maxor/Documents/local_projects/HW-nahes_Programmieren/Graviermaschine/libs/LibRTOSConsole/src/Console.c:1120:12:ConsolePrintKernelTicks	24	static
C:/Users/maxor/Documents/local_projects/HW-nahes_Programmieren/Graviermaschine/libs/LibRTOSConsole/src/Console.c:1132:12:ConsolePrintTaskStats	1504	static
C:/Users/maxor/Documents/local_projects/HW-nahes_Programmieren/Graviermaschine/libs/LibRTOSConsole/src/Console.c:1169:12:ConsolePrintKernelVersion	32	static
C:/Users/maxor/Documents/local_projects/HW-nahes_Programmieren/Graviermaschine/libs/LibRTOSConsole/src/Console.c:1182:12:ConsoleWhoAmI	32	static
C:/Users/maxor/Documents/local_projects/HW-nahes_Programmieren/Graviermaschine/libs/LibRTOSConsole/src/Console.c:1202:12:ConsoleExit	32	static
C:/Users/maxor/Documents/local_projects/HW-nahes_Programmieren/Graviermaschine/libs/LibRTOSConsole/src/Console.c:1215:12:ConsoleMallInfo	72	static
C:/Users/maxor/Documents/local_projects/HW-nahes_Programmieren/Graviermaschine/libs/LibRTOSConsole/src/Console.c:1238:12:ConsoleGetEnv	32	static
C:/Users/maxor/Documents/local_projects/HW-nahes_Programmieren/Graviermaschine/libs/LibRTOSConsole/src/Console.c:1266:12:ConsoleSetEnv	32	static
C:/Users/maxor/Documents/local_projects/HW-nahes_Programmieren/Graviermaschine/libs/LibRTOSConsole/src/Console.c:1292:12:ConsoleAliasConfig	168	static
C:/Users/maxor/Documents/local_projects/HW-nahes_Programmieren/Graviermaschine/libs/LibRTOSConsole/src/Console.c:1367:13:ConsoleRegisterBasicCommands	24	static
C:/Users/maxor/Documents/local_projects/HW-nahes_Programmieren/Graviermaschine/libs/LibRTOSConsole/src/Console.c:1397:17:CONSOLE_CreateInstance	32	static
C:/Users/maxor/Documents/local_projects/HW-nahes_Programmieren/Graviermaschine/libs/LibRTOSConsole/src/Console.c:1442:5:CONSOLE_RegisterCommand	56	static
C:/Users/maxor/Documents/local_projects/HW-nahes_Programmieren/Graviermaschine/libs/LibRTOSConsole/src/Console.c:1498:5:CONSOLE_RegisterAlias	56	static
C:/Users/maxor/Documents/local_projects/HW-nahes_Programmieren/Graviermaschine/libs/LibRTOSConsole/src/Console.c:1553:5:CONSOLE_RemoveAliasOrCommand	40	static
C:/Users/maxor/Documents/local_projects/HW-nahes_Programmieren/Graviermaschine/libs/LibRTOSConsole/src/Console.c:1592:6:CONSOLE_DestroyInstance	16	static
