C:/Users/Max/Documents/local_projects/graviermaschine/graviermaschine/libs/FreeRTOS-LTS/FreeRTOS/FreeRTOS-Kernel/stream_buffer.c:1566:15:prvBytesInBuffer	0	static
C:/Users/Max/Documents/local_projects/graviermaschine/graviermaschine/libs/FreeRTOS-LTS/FreeRTOS/FreeRTOS-Kernel/stream_buffer.c:1476:15:prvWriteBytesToBuffer	32	static,ignoring_inline_asm
C:/Users/Max/Documents/local_projects/graviermaschine/graviermaschine/libs/FreeRTOS-LTS/FreeRTOS/FreeRTOS-Kernel/stream_buffer.c:1000:15:prvWriteMessageToBuffer	24	static
C:/Users/Max/Documents/local_projects/graviermaschine/graviermaschine/libs/FreeRTOS-LTS/FreeRTOS/FreeRTOS-Kernel/stream_buffer.c:1522:15:prvReadBytesFromBuffer	24	static,ignoring_inline_asm
C:/Users/Max/Documents/local_projects/graviermaschine/graviermaschine/libs/FreeRTOS-LTS/FreeRTOS/FreeRTOS-Kernel/stream_buffer.c:1276:15:prvReadMessageFromBuffer	32	static
C:/Users/Max/Documents/local_projects/graviermaschine/graviermaschine/libs/FreeRTOS-LTS/FreeRTOS/FreeRTOS-Kernel/stream_buffer.c:1587:13:prvInitialiseNewStreamBuffer.isra	24	static,ignoring_inline_asm
C:/Users/Max/Documents/local_projects/graviermaschine/graviermaschine/libs/FreeRTOS-LTS/FreeRTOS/FreeRTOS-Kernel/stream_buffer.c:331:26:xStreamBufferGenericCreate	32	static,ignoring_inline_asm
C:/Users/Max/Documents/local_projects/graviermaschine/graviermaschine/libs/FreeRTOS-LTS/FreeRTOS/FreeRTOS-Kernel/stream_buffer.c:557:6:vStreamBufferDelete	8	static,ignoring_inline_asm
C:/Users/Max/Documents/local_projects/graviermaschine/graviermaschine/libs/FreeRTOS-LTS/FreeRTOS/FreeRTOS-Kernel/stream_buffer.c:594:12:xStreamBufferReset	24	static,ignoring_inline_asm
C:/Users/Max/Documents/local_projects/graviermaschine/graviermaschine/libs/FreeRTOS-LTS/FreeRTOS/FreeRTOS-Kernel/stream_buffer.c:655:12:xStreamBufferResetFromISR	24	static,ignoring_inline_asm
C:/Users/Max/Documents/local_projects/graviermaschine/graviermaschine/libs/FreeRTOS-LTS/FreeRTOS/FreeRTOS-Kernel/stream_buffer.c:720:12:xStreamBufferSetTriggerLevel	16	static,ignoring_inline_asm
C:/Users/Max/Documents/local_projects/graviermaschine/graviermaschine/libs/FreeRTOS-LTS/FreeRTOS/FreeRTOS-Kernel/stream_buffer.c:754:8:xStreamBufferSpacesAvailable	16	static,ignoring_inline_asm
C:/Users/Max/Documents/local_projects/graviermaschine/graviermaschine/libs/FreeRTOS-LTS/FreeRTOS/FreeRTOS-Kernel/stream_buffer.c:791:8:xStreamBufferBytesAvailable	8	static,ignoring_inline_asm
C:/Users/Max/Documents/local_projects/graviermaschine/graviermaschine/libs/FreeRTOS-LTS/FreeRTOS/FreeRTOS-Kernel/stream_buffer.c:808:8:xStreamBufferSend	56	static,ignoring_inline_asm
C:/Users/Max/Documents/local_projects/graviermaschine/graviermaschine/libs/FreeRTOS-LTS/FreeRTOS/FreeRTOS-Kernel/stream_buffer.c:943:8:xStreamBufferSendFromISR	32	static,ignoring_inline_asm
C:/Users/Max/Documents/local_projects/graviermaschine/graviermaschine/libs/FreeRTOS-LTS/FreeRTOS/FreeRTOS-Kernel/stream_buffer.c:1053:8:xStreamBufferReceive	40	static,ignoring_inline_asm
C:/Users/Max/Documents/local_projects/graviermaschine/graviermaschine/libs/FreeRTOS-LTS/FreeRTOS/FreeRTOS-Kernel/stream_buffer.c:1169:8:xStreamBufferNextMessageLengthBytes	16	static,ignoring_inline_asm
C:/Users/Max/Documents/local_projects/graviermaschine/graviermaschine/libs/FreeRTOS-LTS/FreeRTOS/FreeRTOS-Kernel/stream_buffer.c:1213:8:xStreamBufferReceiveFromISR	32	static,ignoring_inline_asm
C:/Users/Max/Documents/local_projects/graviermaschine/graviermaschine/libs/FreeRTOS-LTS/FreeRTOS/FreeRTOS-Kernel/stream_buffer.c:1331:12:xStreamBufferIsEmpty	8	static,ignoring_inline_asm
C:/Users/Max/Documents/local_projects/graviermaschine/graviermaschine/libs/FreeRTOS-LTS/FreeRTOS/FreeRTOS-Kernel/stream_buffer.c:1359:12:xStreamBufferIsFull	16	static,ignoring_inline_asm
C:/Users/Max/Documents/local_projects/graviermaschine/graviermaschine/libs/FreeRTOS-LTS/FreeRTOS/FreeRTOS-Kernel/stream_buffer.c:1398:12:xStreamBufferSendCompletedFromISR	32	static,ignoring_inline_asm
C:/Users/Max/Documents/local_projects/graviermaschine/graviermaschine/libs/FreeRTOS-LTS/FreeRTOS/FreeRTOS-Kernel/stream_buffer.c:1437:12:xStreamBufferReceiveCompletedFromISR	32	static,ignoring_inline_asm
C:/Users/Max/Documents/local_projects/graviermaschine/graviermaschine/libs/FreeRTOS-LTS/FreeRTOS/FreeRTOS-Kernel/stream_buffer.c:1635:13:uxStreamBufferGetStreamBufferNotificationIndex	8	static,ignoring_inline_asm
C:/Users/Max/Documents/local_projects/graviermaschine/graviermaschine/libs/FreeRTOS-LTS/FreeRTOS/FreeRTOS-Kernel/stream_buffer.c:1649:6:vStreamBufferSetStreamBufferNotificationIndex	16	static,ignoring_inline_asm
C:/Users/Max/Documents/local_projects/graviermaschine/graviermaschine/libs/FreeRTOS-LTS/FreeRTOS/FreeRTOS-Kernel/stream_buffer.c:1673:17:uxStreamBufferGetStreamBufferNumber	0	static
C:/Users/Max/Documents/local_projects/graviermaschine/graviermaschine/libs/FreeRTOS-LTS/FreeRTOS/FreeRTOS-Kernel/stream_buffer.c:1687:10:vStreamBufferSetStreamBufferNumber	0	static
C:/Users/Max/Documents/local_projects/graviermaschine/graviermaschine/libs/FreeRTOS-LTS/FreeRTOS/FreeRTOS-Kernel/stream_buffer.c:1702:13:ucStreamBufferGetStreamBufferType	0	static
