C:/Users/Max/Documents/local_projects/graviermaschine/graviermaschine/libs/FreeRTOS-LTS/FreeRTOS/FreeRTOS-Kernel/timers.c:894:23:prvInsertTimerInActiveList	8	static
C:/Users/Max/Documents/local_projects/graviermaschine/graviermaschine/libs/FreeRTOS-LTS/FreeRTOS/FreeRTOS-Kernel/timers.c:699:17:prvReloadTimer	16	static
C:/Users/Max/Documents/local_projects/graviermaschine/graviermaschine/libs/FreeRTOS-LTS/FreeRTOS/FreeRTOS-Kernel/timers.c:718:17:prvProcessExpiredTimer	16	static
C:/Users/Max/Documents/local_projects/graviermaschine/graviermaschine/libs/FreeRTOS-LTS/FreeRTOS/FreeRTOS-Kernel/timers.c:871:23:prvSampleTimeNow	24	static
C:/Users/Max/Documents/local_projects/graviermaschine/graviermaschine/libs/FreeRTOS-LTS/FreeRTOS/FreeRTOS-Kernel/timers.c:748:12:prvTimerTask	48	static,ignoring_inline_asm
C:/Users/Max/Documents/local_projects/graviermaschine/graviermaschine/libs/FreeRTOS-LTS/FreeRTOS/FreeRTOS-Kernel/timers.c:1111:17:prvCheckForValidListAndQueue	24	static
C:/Users/Max/Documents/local_projects/graviermaschine/graviermaschine/libs/FreeRTOS-LTS/FreeRTOS/FreeRTOS-Kernel/timers.c:237:16:xTimerCreateTimerTask	16	static,ignoring_inline_asm
C:/Users/Max/Documents/local_projects/graviermaschine/graviermaschine/libs/FreeRTOS-LTS/FreeRTOS/FreeRTOS-Kernel/timers.c:336:23:xTimerCreate	24	static,ignoring_inline_asm
C:/Users/Max/Documents/local_projects/graviermaschine/graviermaschine/libs/FreeRTOS-LTS/FreeRTOS/FreeRTOS-Kernel/timers.c:448:16:xTimerGenericCommandFromTask	40	static,ignoring_inline_asm
C:/Users/Max/Documents/local_projects/graviermaschine/graviermaschine/libs/FreeRTOS-LTS/FreeRTOS/FreeRTOS-Kernel/timers.c:499:16:xTimerGenericCommandFromISR	40	static,ignoring_inline_asm
C:/Users/Max/Documents/local_projects/graviermaschine/graviermaschine/libs/FreeRTOS-LTS/FreeRTOS/FreeRTOS-Kernel/timers.c:543:18:xTimerGetTimerDaemonTaskHandle	8	static,ignoring_inline_asm
C:/Users/Max/Documents/local_projects/graviermaschine/graviermaschine/libs/FreeRTOS-LTS/FreeRTOS/FreeRTOS-Kernel/timers.c:557:16:xTimerGetPeriod	8	static,ignoring_inline_asm
C:/Users/Max/Documents/local_projects/graviermaschine/graviermaschine/libs/FreeRTOS-LTS/FreeRTOS/FreeRTOS-Kernel/timers.c:571:10:vTimerSetReloadMode	16	static,ignoring_inline_asm
C:/Users/Max/Documents/local_projects/graviermaschine/graviermaschine/libs/FreeRTOS-LTS/FreeRTOS/FreeRTOS-Kernel/timers.c:596:16:xTimerGetReloadMode	8	static,ignoring_inline_asm
C:/Users/Max/Documents/local_projects/graviermaschine/graviermaschine/libs/FreeRTOS-LTS/FreeRTOS/FreeRTOS-Kernel/timers.c:624:17:uxTimerGetReloadMode	0	static
C:/Users/Max/Documents/local_projects/graviermaschine/graviermaschine/libs/FreeRTOS-LTS/FreeRTOS/FreeRTOS-Kernel/timers.c:638:16:xTimerGetExpiryTime	8	static,ignoring_inline_asm
C:/Users/Max/Documents/local_projects/graviermaschine/graviermaschine/libs/FreeRTOS-LTS/FreeRTOS/FreeRTOS-Kernel/timers.c:685:18:pcTimerGetName	8	static,ignoring_inline_asm
C:/Users/Max/Documents/local_projects/graviermaschine/graviermaschine/libs/FreeRTOS-LTS/FreeRTOS/FreeRTOS-Kernel/timers.c:1162:16:xTimerIsTimerActive	8	static,ignoring_inline_asm
C:/Users/Max/Documents/local_projects/graviermaschine/graviermaschine/libs/FreeRTOS-LTS/FreeRTOS/FreeRTOS-Kernel/timers.c:1191:12:pvTimerGetTimerID	8	static,ignoring_inline_asm
C:/Users/Max/Documents/local_projects/graviermaschine/graviermaschine/libs/FreeRTOS-LTS/FreeRTOS/FreeRTOS-Kernel/timers.c:1212:10:vTimerSetTimerID	16	static,ignoring_inline_asm
C:/Users/Max/Documents/local_projects/graviermaschine/graviermaschine/libs/FreeRTOS-LTS/FreeRTOS/FreeRTOS-Kernel/timers.c:1298:21:uxTimerGetTimerNumber	0	static
C:/Users/Max/Documents/local_projects/graviermaschine/graviermaschine/libs/FreeRTOS-LTS/FreeRTOS/FreeRTOS-Kernel/timers.c:1312:14:vTimerSetTimerNumber	0	static
C:/Users/Max/Documents/local_projects/graviermaschine/graviermaschine/libs/FreeRTOS-LTS/FreeRTOS/FreeRTOS-Kernel/timers.c:1330:10:vTimerResetState	0	static
