Archive member included to satisfy reference by file (symbol)

C:/ST/STM32CubeIDE_1.14.1/STM32CubeIDE/plugins/com.st.stm32cube.ide.mcu.externaltools.gnu-tools-for-stm32.13.3.rel1.win32_1.0.0.202411081344/tools/bin/../lib/gcc/arm-none-eabi/13.3.1/../../../../arm-none-eabi/lib/thumb/v7e-m+fp/hard\libc_nano.a(libc_a-assert.o)
                              ./Core/Src/main.o (__assert_func)
C:/ST/STM32CubeIDE_1.14.1/STM32CubeIDE/plugins/com.st.stm32cube.ide.mcu.externaltools.gnu-tools-for-stm32.13.3.rel1.win32_1.0.0.202411081344/tools/bin/../lib/gcc/arm-none-eabi/13.3.1/../../../../arm-none-eabi/lib/thumb/v7e-m+fp/hard\libc_nano.a(libc_a-atof.o)
                              ./Core/Src/Spindle/Spindle.o (atof)
C:/ST/STM32CubeIDE_1.14.1/STM32CubeIDE/plugins/com.st.stm32cube.ide.mcu.externaltools.gnu-tools-for-stm32.13.3.rel1.win32_1.0.0.202411081344/tools/bin/../lib/gcc/arm-none-eabi/13.3.1/../../../../arm-none-eabi/lib/thumb/v7e-m+fp/hard\libc_nano.a(libc_a-calloc.o)
                              ./Core/Src/Console/Console.o (calloc)
C:/ST/STM32CubeIDE_1.14.1/STM32CubeIDE/plugins/com.st.stm32cube.ide.mcu.externaltools.gnu-tools-for-stm32.13.3.rel1.win32_1.0.0.202411081344/tools/bin/../lib/gcc/arm-none-eabi/13.3.1/../../../../arm-none-eabi/lib/thumb/v7e-m+fp/hard\libc_nano.a(libc_a-callocr.o)
                              C:/ST/STM32CubeIDE_1.14.1/STM32CubeIDE/plugins/com.st.stm32cube.ide.mcu.externaltools.gnu-tools-for-stm32.13.3.rel1.win32_1.0.0.202411081344/tools/bin/../lib/gcc/arm-none-eabi/13.3.1/../../../../arm-none-eabi/lib/thumb/v7e-m+fp/hard\libc_nano.a(libc_a-calloc.o) (_calloc_r)
C:/ST/STM32CubeIDE_1.14.1/STM32CubeIDE/plugins/com.st.stm32cube.ide.mcu.externaltools.gnu-tools-for-stm32.13.3.rel1.win32_1.0.0.202411081344/tools/bin/../lib/gcc/arm-none-eabi/13.3.1/../../../../arm-none-eabi/lib/thumb/v7e-m+fp/hard\libc_nano.a(libc_a-exit.o)
                              C:/ST/STM32CubeIDE_1.14.1/STM32CubeIDE/plugins/com.st.stm32cube.ide.mcu.externaltools.gnu-tools-for-stm32.13.3.rel1.win32_1.0.0.202411081344/tools/bin/../lib/gcc/arm-none-eabi/13.3.1/../../../../arm-none-eabi/lib/thumb/v7e-m+fp/hard/crt0.o (exit)
C:/ST/STM32CubeIDE_1.14.1/STM32CubeIDE/plugins/com.st.stm32cube.ide.mcu.externaltools.gnu-tools-for-stm32.13.3.rel1.win32_1.0.0.202411081344/tools/bin/../lib/gcc/arm-none-eabi/13.3.1/../../../../arm-none-eabi/lib/thumb/v7e-m+fp/hard\libc_nano.a(libc_a-getenv.o)
                              ./Core/Src/Console/Console.o (getenv)
C:/ST/STM32CubeIDE_1.14.1/STM32CubeIDE/plugins/com.st.stm32cube.ide.mcu.externaltools.gnu-tools-for-stm32.13.3.rel1.win32_1.0.0.202411081344/tools/bin/../lib/gcc/arm-none-eabi/13.3.1/../../../../arm-none-eabi/lib/thumb/v7e-m+fp/hard\libc_nano.a(libc_a-getenv_r.o)
                              C:/ST/STM32CubeIDE_1.14.1/STM32CubeIDE/plugins/com.st.stm32cube.ide.mcu.externaltools.gnu-tools-for-stm32.13.3.rel1.win32_1.0.0.202411081344/tools/bin/../lib/gcc/arm-none-eabi/13.3.1/../../../../arm-none-eabi/lib/thumb/v7e-m+fp/hard\libc_nano.a(libc_a-getenv.o) (_findenv_r)
C:/ST/STM32CubeIDE_1.14.1/STM32CubeIDE/plugins/com.st.stm32cube.ide.mcu.externaltools.gnu-tools-for-stm32.13.3.rel1.win32_1.0.0.202411081344/tools/bin/../lib/gcc/arm-none-eabi/13.3.1/../../../../arm-none-eabi/lib/thumb/v7e-m+fp/hard\libc_nano.a(libc_a-malloc.o)
                              ./Core/Src/Console/Console.o (malloc)
C:/ST/STM32CubeIDE_1.14.1/STM32CubeIDE/plugins/com.st.stm32cube.ide.mcu.externaltools.gnu-tools-for-stm32.13.3.rel1.win32_1.0.0.202411081344/tools/bin/../lib/gcc/arm-none-eabi/13.3.1/../../../../arm-none-eabi/lib/thumb/v7e-m+fp/hard\libc_nano.a(libc_a-mallocr.o)
                              C:/ST/STM32CubeIDE_1.14.1/STM32CubeIDE/plugins/com.st.stm32cube.ide.mcu.externaltools.gnu-tools-for-stm32.13.3.rel1.win32_1.0.0.202411081344/tools/bin/../lib/gcc/arm-none-eabi/13.3.1/../../../../arm-none-eabi/lib/thumb/v7e-m+fp/hard\libc_nano.a(libc_a-callocr.o) (_malloc_r)
C:/ST/STM32CubeIDE_1.14.1/STM32CubeIDE/plugins/com.st.stm32cube.ide.mcu.externaltools.gnu-tools-for-stm32.13.3.rel1.win32_1.0.0.202411081344/tools/bin/../lib/gcc/arm-none-eabi/13.3.1/../../../../arm-none-eabi/lib/thumb/v7e-m+fp/hard\libc_nano.a(libc_a-mstats.o)
                              ./Core/Src/Console/Console.o (mallinfo)
C:/ST/STM32CubeIDE_1.14.1/STM32CubeIDE/plugins/com.st.stm32cube.ide.mcu.externaltools.gnu-tools-for-stm32.13.3.rel1.win32_1.0.0.202411081344/tools/bin/../lib/gcc/arm-none-eabi/13.3.1/../../../../arm-none-eabi/lib/thumb/v7e-m+fp/hard\libc_nano.a(libc_a-strtod.o)
                              C:/ST/STM32CubeIDE_1.14.1/STM32CubeIDE/plugins/com.st.stm32cube.ide.mcu.externaltools.gnu-tools-for-stm32.13.3.rel1.win32_1.0.0.202411081344/tools/bin/../lib/gcc/arm-none-eabi/13.3.1/../../../../arm-none-eabi/lib/thumb/v7e-m+fp/hard\libc_nano.a(libc_a-atof.o) (strtod)
[...]
Memory Configuration

Name             Origin             Length             Attributes
RAM              0x20000000         0x00050000         xrw
FLASH            0x08000000         0x00100000         xr
*default*        0x00000000         0xffffffff

Linker script and memory map

LOAD C:/ST/STM32CubeIDE_1.14.1/STM32CubeIDE/plugins/com.st.stm32cube.ide.mcu.externaltools.gnu-tools-for-stm32.13.3.rel1.win32_1.0.0.202411081344/tools/bin/../lib/gcc/arm-none-eabi/13.3.1/thumb/v7e-m+fp/hard/crti.o
LOAD C:/ST/STM32CubeIDE_1.14.1/STM32CubeIDE/plugins/com.st.stm32cube.ide.mcu.externaltools.gnu-tools-for-stm32.13.3.rel1.win32_1.0.0.202411081344/tools/bin/../lib/gcc/arm-none-eabi/13.3.1/thumb/v7e-m+fp/hard/crtbegin.o
LOAD C:/ST/STM32CubeIDE_1.14.1/STM32CubeIDE/plugins/com.st.stm32cube.ide.mcu.externaltools.gnu-tools-for-stm32.13.3.rel1.win32_1.0.0.202411081344/tools/bin/../lib/gcc/arm-none-eabi/13.3.1/../../../../arm-none-eabi/lib/thumb/v7e-m+fp/hard/crt0.o
LOAD ./Core/Src/Code/tom_init.o
LOAD ./Core/Src/Code/tom_spindle.o
LOAD ./Core/Src/Code/tom_stepper.o
LOAD ./Core/Src/Console/Console.o
LOAD ./Core/Src/OwnCode/spindle.o
LOAD ./Core/Src/OwnCode/stepper.o
LOAD ./Core/Src/Spindle/Spindle.o
LOAD ./Core/Src/Stepper/LibL6474x.o
LOAD ./Core/Src/main.o
LOAD ./Core/Src/newlib_abs.o
LOAD ./Core/Src/stm32f7xx_hal_msp.o
LOAD ./Core/Src/stm32f7xx_it.o
LOAD ./Core/Src/system_stm32f7xx.o
LOAD ./Core/Startup/startup_stm32f746zgtx.o
LOAD ./Drivers/STM32F7xx_HAL_Driver/Src/stm32f7xx_hal.o
LOAD ./Drivers/STM32F7xx_HAL_Driver/Src/stm32f7xx_hal_cortex.o
LOAD ./Drivers/STM32F7xx_HAL_Driver/Src/stm32f7xx_hal_dma.o
LOAD ./Drivers/STM32F7xx_HAL_Driver/Src/stm32f7xx_hal_dma_ex.o
LOAD ./Drivers/STM32F7xx_HAL_Driver/Src/stm32f7xx_hal_exti.o
LOAD ./Drivers/STM32F7xx_HAL_Driver/Src/stm32f7xx_hal_flash.o
LOAD ./Drivers/STM32F7xx_HAL_Driver/Src/stm32f7xx_hal_flash_ex.o
LOAD ./Drivers/STM32F7xx_HAL_Driver/Src/stm32f7xx_hal_gpio.o
LOAD ./Drivers/STM32F7xx_HAL_Driver/Src/stm32f7xx_hal_i2c.o
LOAD ./Drivers/STM32F7xx_HAL_Driver/Src/stm32f7xx_hal_i2c_ex.o
LOAD ./Drivers/STM32F7xx_HAL_Driver/Src/stm32f7xx_hal_pwr.o
LOAD ./Drivers/STM32F7xx_HAL_Driver/Src/stm32f7xx_hal_pwr_ex.o
LOAD ./Drivers/STM32F7xx_HAL_Driver/Src/stm32f7xx_hal_rcc.o
LOAD ./Drivers/STM32F7xx_HAL_Driver/Src/stm32f7xx_hal_rcc_ex.o
LOAD ./Drivers/STM32F7xx_HAL_Driver/Src/stm32f7xx_hal_spi.o
LOAD ./Drivers/STM32F7xx_HAL_Driver/Src/stm32f7xx_hal_spi_ex.o
LOAD ./Drivers/STM32F7xx_HAL_Driver/Src/stm32f7xx_hal_tim.o
LOAD ./Drivers/STM32F7xx_HAL_Driver/Src/stm32f7xx_hal_tim_ex.o
LOAD ./Drivers/STM32F7xx_HAL_Driver/Src/stm32f7xx_hal_uart.o
LOAD ./Drivers/STM32F7xx_HAL_Driver/Src/stm32f7xx_hal_uart_ex.o
LOAD ./FreeRTOS-Kernel/croutine.o
LOAD ./FreeRTOS-Kernel/event_groups.o
LOAD ./FreeRTOS-Kernel/list.o
LOAD ./FreeRTOS-Kernel/queue.o
LOAD ./FreeRTOS-Kernel/stream_buffer.o
LOAD ./FreeRTOS-Kernel/tasks.o
LOAD ./FreeRTOS-Kernel/timers.o
LOAD ./FreeRTOS-Kernel/portable/Common/mpu_wrappers.o
LOAD ./FreeRTOS-Kernel/portable/Common/mpu_wrappers_v2.o
LOAD ./FreeRTOS-Kernel/portable/GCC/ARM_CM7/r0p1/port.o
START GROUP
LOAD C:/ST/STM32CubeIDE_1.14.1/STM32CubeIDE/plugins/com.st.stm32cube.ide.mcu.externaltools.gnu-tools-for-stm32.13.3.rel1.win32_1.0.0.202411081344/tools/bin/../lib/gcc/arm-none-eabi/13.3.1/../../../../arm-none-eabi/lib/thumb/v7e-m+fp/hard\libc_nano.a
LOAD C:/ST/STM32CubeIDE_1.14.1/STM32CubeIDE/plugins/com.st.stm32cube.ide.mcu.externaltools.gnu-tools-for-stm32.13.3.rel1.win32_1.0.0.202411081344/tools/bin/../lib/gcc/arm-none-eabi/13.3.1/../../../../arm-none-eabi/lib/thumb/v7e-m+fp/hard\libm.a
END GROUP
START GROUP
LOAD C:/ST/STM32CubeIDE_1.14.1/STM32CubeIDE/plugins/com.st.stm32cube.ide.mcu.externaltools.gnu-tools-for-stm32.13.3.rel1.win32_1.0.0.202411081344/tools/bin/../lib/gcc/arm-none-eabi/13.3.1/thumb/v7e-m+fp/hard\libgcc.a
LOAD C:/ST/STM32CubeIDE_1.14.1/STM32CubeIDE/plugins/com.st.stm32cube.ide.mcu.externaltools.gnu-tools-for-stm32.13.3.rel1.win32_1.0.0.202411081344/tools/bin/../lib/gcc/arm-none-eabi/13.3.1/../../../../arm-none-eabi/lib/thumb/v7e-m+fp/hard\libc_nano.a
END GROUP
START GROUP
LOAD C:/ST/STM32CubeIDE_1.14.1/STM32CubeIDE/plugins/com.st.stm32cube.ide.mcu.externaltools.gnu-tools-for-stm32.13.3.rel1.win32_1.0.0.202411081344/tools/bin/../lib/gcc/arm-none-eabi/13.3.1/thumb/v7e-m+fp/hard\libgcc.a
LOAD C:/ST/STM32CubeIDE_1.14.1/STM32CubeIDE/plugins/com.st.stm32cube.ide.mcu.externaltools.gnu-tools-for-stm32.13.3.rel1.win32_1.0.0.202411081344/tools/bin/../lib/gcc/arm-none-eabi/13.3.1/../../../../arm-none-eabi/lib/thumb/v7e-m+fp/hard\libc_nano.a
LOAD C:/ST/STM32CubeIDE_1.14.1/STM32CubeIDE/plugins/com.st.stm32cube.ide.mcu.externaltools.gnu-tools-for-stm32.13.3.rel1.win32_1.0.0.202411081344/tools/bin/../lib/gcc/arm-none-eabi/13.3.1/../../../../arm-none-eabi/lib/thumb/v7e-m+fp/hard\libnosys.a
END GROUP
START GROUP
LOAD C:/ST/STM32CubeIDE_1.14.1/STM32CubeIDE/plugins/com.st.stm32cube.ide.mcu.externaltools.gnu-tools-for-stm32.13.3.rel1.win32_1.0.0.202411081344/tools/bin/../lib/gcc/arm-none-eabi/13.3.1/thumb/v7e-m+fp/hard\libgcc.a
LOAD C:/ST/STM32CubeIDE_1.14.1/STM32CubeIDE/plugins/com.st.stm32cube.ide.mcu.externaltools.gnu-tools-for-stm32.13.3.rel1.win32_1.0.0.202411081344/tools/bin/../lib/gcc/arm-none-eabi/13.3.1/../../../../arm-none-eabi/lib/thumb/v7e-m+fp/hard\libc_nano.a
LOAD C:/ST/STM32CubeIDE_1.14.1/STM32CubeIDE/plugins/com.st.stm32cube.ide.mcu.externaltools.gnu-tools-for-stm32.13.3.rel1.win32_1.0.0.202411081344/tools/bin/../lib/gcc/arm-none-eabi/13.3.1/../../../../arm-none-eabi/lib/thumb/v7e-m+fp/hard\libnosys.a
END GROUP
LOAD C:/ST/STM32CubeIDE_1.14.1/STM32CubeIDE/plugins/com.st.stm32cube.ide.mcu.externaltools.gnu-tools-for-stm32.13.3.rel1.win32_1.0.0.202411081344/tools/bin/../lib/gcc/arm-none-eabi/13.3.1/thumb/v7e-m+fp/hard/crtend.o
LOAD C:/ST/STM32CubeIDE_1.14.1/STM32CubeIDE/plugins/com.st.stm32cube.ide.mcu.externaltools.gnu-tools-for-stm32.13.3.rel1.win32_1.0.0.202411081344/tools/bin/../lib/gcc/arm-none-eabi/13.3.1/thumb/v7e-m+fp/hard/crtn.o
                0x20050000                        _estack = (ORIGIN (RAM) + LENGTH (RAM))
                0x00028000                        _Min_Heap_Size = 0x28000
                0x00010000                        _Min_Stack_Size = 0x10000

.isr_vector     0x08000000      0x1c8
                0x08000000                        . = ALIGN (0x4)
 *(.isr_vector)
 .isr_vector    0x08000000      0x1c8 ./Core/Startup/startup_stm32f746zgtx.o
                0x08000000                g_pfnVectors
                0x080001c8                        . = ALIGN (0x4)

.text           0x080001d0    0x12cc0
                0x080001d0                        . = ALIGN (0x4)
 *(.text)
 .text          0x080001d0       0x40 C:/ST/STM32CubeIDE_1.14.1/STM32CubeIDE/plugins/com.st.stm32cube.ide.mcu.externaltools.gnu-tools-for-stm32.13.3.rel1.win32_1.0.0.202411081344/tools/bin/../lib/gcc/arm-none-eabi/13.3.1/thumb/v7e-m+fp/hard/crtbegin.o
 .text          0x08000210       0x14 C:/ST/STM32CubeIDE_1.14.1/STM32CubeIDE/plugins/com.st.stm32cube.ide.mcu.externaltools.gnu-tools-for-stm32.13.3.rel1.win32_1.0.0.202411081344/tools/bin/../lib/gcc/arm-none-eabi/13.3.1/../../../../arm-none-eabi/lib/thumb/v7e-m+fp/hard\libc_nano.a(libc_a-strcmp.o)
                0x08000210                strcmp
 *fill*         0x08000224        0xc 
 .text          0x08000230       0xa0 C:/ST/STM32CubeIDE_1.14.1/STM32CubeIDE/plugins/com.st.stm32cube.ide.mcu.externaltools.gnu-tools-for-stm32.13.3.rel1.win32_1.0.0.202411081344/tools/bin/../lib/gcc/arm-none-eabi/13.3.1/../../../../arm-none-eabi/lib/thumb/v7e-m+fp/hard\libc_nano.a(libc_a-memchr.o)
                0x08000230                memchr
 .text          0x080002d0       0x10 C:/ST/STM32CubeIDE_1.14.1/STM32CubeIDE/plugins/com.st.stm32cube.ide.mcu.externaltools.gnu-tools-for-stm32.13.3.rel1.win32_1.0.0.202411081344/tools/bin/../lib/gcc/arm-none-eabi/13.3.1/../../../../arm-none-eabi/lib/thumb/v7e-m+fp/hard\libc_nano.a(libc_a-strlen.o)
                0x080002d0                strlen
 .text          0x080002e0      0x378 C:/ST/STM32CubeIDE_1.14.1/STM32CubeIDE/plugins/com.st.stm32cube.ide.mcu.externaltools.gnu-tools-for-stm32.13.3.rel1.win32_1.0.0.202411081344/tools/bin/../lib/gcc/arm-none-eabi/13.3.1/thumb/v7e-m+fp/hard\libgcc.a(_arm_addsubdf3.o)
                0x080002e0                __aeabi_drsub
                0x080002e8                __aeabi_dsub
                0x080002e8                __subdf3
                0x080002ec                __aeabi_dadd
                0x080002ec                __adddf3
                0x08000564                __floatunsidf
                0x08000564                __aeabi_ui2d
                0x08000584                __floatsidf
                0x08000584                __aeabi_i2d
                0x080005a8                __aeabi_f2d
                0x080005a8                __extendsfdf2
                0x080005ec                __floatundidf
                0x080005ec                __aeabi_ul2d
                0x080005fc                __floatdidf
                0x080005fc                __aeabi_l2d
 .text          0x08000658      0x424 C:/ST/STM32CubeIDE_1.14.1/STM32CubeIDE/plugins/com.st.stm32cube.ide.mcu.externaltools.gnu-tools-for-stm32.13.3.rel1.win32_1.0.0.202411081344/tools/bin/../lib/gcc/arm-none-eabi/13.3.1/thumb/v7e-m+fp/hard\libgcc.a(_arm_muldivdf3.o)
                0x08000658                __aeabi_dmul
                0x08000658                __muldf3
                0x080008ac                __divdf3
                0x080008ac                __aeabi_ddiv
 .text          0x08000a7c      0x110 C:/ST/STM32CubeIDE_1.14.1/STM32CubeIDE/plugins/com.st.stm32cube.ide.mcu.externaltools.gnu-tools-for-stm32.13.3.rel1.win32_1.0.0.202411081344/tools/bin/../lib/gcc/arm-none-eabi/13.3.1/thumb/v7e-m+fp/hard\libgcc.a(_arm_cmpdf2.o)
                0x08000a7c                __gtdf2
                0x08000a7c                __gedf2
                0x08000a84                __ltdf2
                0x08000a84                __ledf2
                0x08000a8c                __nedf2
                0x08000a8c                __eqdf2
                0x08000a8c                __cmpdf2
                0x08000b08                __aeabi_cdrcmple
                0x08000b18                __aeabi_cdcmpeq
                0x08000b18                __aeabi_cdcmple
                0x08000b28                __aeabi_dcmpeq
                0x08000b3c                __aeabi_dcmplt
                0x08000b50                __aeabi_dcmple
                0x08000b64                __aeabi_dcmpge
                0x08000b78                __aeabi_dcmpgt
 .text          0x08000b8c       0x2c C:/ST/STM32CubeIDE_1.14.1/STM32CubeIDE/plugins/com.st.stm32cube.ide.mcu.externaltools.gnu-tools-for-stm32.13.3.rel1.win32_1.0.0.202411081344/tools/bin/../lib/gcc/arm-none-eabi/13.3.1/thumb/v7e-m+fp/hard\libgcc.a(_arm_unorddf2.o)
                0x08000b8c                __unorddf2
                0x08000b8c                __aeabi_dcmpun
 .text          0x08000bb8       0x50 C:/ST/STM32CubeIDE_1.14.1/STM32CubeIDE/plugins/com.st.stm32cube.ide.mcu.externaltools.gnu-tools-for-stm32.13.3.rel1.win32_1.0.0.202411081344/tools/bin/../lib/gcc/arm-none-eabi/13.3.1/thumb/v7e-m+fp/hard\libgcc.a(_arm_fixdfsi.o)
                0x08000bb8                __aeabi_d2iz
                0x08000bb8                __fixdfsi
 .text          0x08000c08       0x40 C:/ST/STM32CubeIDE_1.14.1/STM32CubeIDE/plugins/com.st.stm32cube.ide.mcu.externaltools.gnu-tools-for-stm32.13.3.rel1.win32_1.0.0.202411081344/tools/bin/../lib/gcc/arm-none-eabi/13.3.1/thumb/v7e-m+fp/hard\libgcc.a(_arm_fixunsdfsi.o)
                0x08000c08                __aeabi_d2uiz
                0x08000c08                __fixunsdfsi
 .text          0x08000c48       0xa0 C:/ST/STM32CubeIDE_1.14.1/STM32CubeIDE/plugins/com.st.stm32cube.ide.mcu.externaltools.gnu-tools-for-stm32.13.3.rel1.win32_1.0.0.202411081344/tools/bin/../lib/gcc/arm-none-eabi/13.3.1/thumb/v7e-m+fp/hard\libgcc.a(_arm_truncdfsf2.o)
                0x08000c48                __truncdfsf2
                0x08000c48                __aeabi_d2f
 .text          0x08000ce8       0x30 C:/ST/STM32CubeIDE_1.14.1/STM32CubeIDE/plugins/com.st.stm32cube.ide.mcu.externaltools.gnu-tools-for-stm32.13.3.rel1.win32_1.0.0.202411081344/tools/bin/../lib/gcc/arm-none-eabi/13.3.1/thumb/v7e-m+fp/hard\libgcc.a(_aeabi_uldivmod.o)
                0x08000ce8                __aeabi_uldivmod
 .text          0x08000d18       0x30 C:/ST/STM32CubeIDE_1.14.1/STM32CubeIDE/plugins/com.st.stm32cube.ide.mcu.externaltools.gnu-tools-for-stm32.13.3.rel1.win32_1.0.0.202411081344/tools/bin/../lib/gcc/arm-none-eabi/13.3.1/thumb/v7e-m+fp/hard\libgcc.a(_fixdfdi.o)
                0x08000d18                __fixdfdi
                0x08000d18                __aeabi_d2lz
 .text          0x08000d48       0x3c C:/ST/STM32CubeIDE_1.14.1/STM32CubeIDE/plugins/com.st.stm32cube.ide.mcu.externaltools.gnu-tools-for-stm32.13.3.rel1.win32_1.0.0.202411081344/tools/bin/../lib/gcc/arm-none-eabi/13.3.1/thumb/v7e-m+fp/hard\libgcc.a(_fixunsdfdi.o)
                0x08000d48                __fixunsdfdi
                0x08000d48                __aeabi_d2ulz
 .text          0x08000d84      0x2f8 C:/ST/STM32CubeIDE_1.14.1/STM32CubeIDE/plugins/com.st.stm32cube.ide.mcu.externaltools.gnu-tools-for-stm32.13.3.rel1.win32_1.0.0.202411081344/tools/bin/../lib/gcc/arm-none-eabi/13.3.1/thumb/v7e-m+fp/hard\libgcc.a(_udivmoddi4.o)
                0x08000d84                __udivmoddi4
 .text          0x0800107c        0x4 C:/ST/STM32CubeIDE_1.14.1/STM32CubeIDE/plugins/com.st.stm32cube.ide.mcu.externaltools.gnu-tools-for-stm32.13.3.rel1.win32_1.0.0.202411081344/tools/bin/../lib/gcc/arm-none-eabi/13.3.1/thumb/v7e-m+fp/hard\libgcc.a(_dvmd_tls.o)
                0x0800107c                __aeabi_idiv0
                0x0800107c                __aeabi_ldiv0
 *(.text*)
 .text.__NVIC_SystemReset
                0x08001080       0x2c ./Core/Src/Console/Console.o
 .text.ControlSequenceParserConsume
                0x080010ac      0x288 ./Core/Src/Console/Console.o
                0x080010ac                ControlSequenceParserConsume
 .text.ProcessCommand
                0x08001334      0x3a0 ./Core/Src/Console/Console.o
 .text.TransformAndProcessTheCommand
                0x080016d4      0x290 ./Core/Src/Console/Console.o
 .text.PrintConsoleControl
                0x08001964       0x58 ./Core/Src/Console/Console.o
 .text.ConsoleIsArrowLeft
                0x080019bc       0x38 ./Core/Src/Console/Console.o
 .text.ConsoleIsArrowRight
                0x080019f4       0x38 ./Core/Src/Console/Console.o
 .text.ConsoleIsArrowUp
                0x08001a2c       0x38 ./Core/Src/Console/Console.o
 .text.ConsoleIsArrowDown
                0x08001a64       0x38 ./Core/Src/Console/Console.o
 .text.ConsoleIsEntf
                0x08001a9c       0x44 ./Core/Src/Console/Console.o
 .text.PrintConsoleArrowLeft
                0x08001ae0       0x2c ./Core/Src/Console/Console.o
 .text.CONSOLE_RedirectStreams
                0x08001b0c      0x128 ./Core/Src/Console/Console.o
                0x08001b0c                CONSOLE_RedirectStreams
 .text.ConsoleFunction
                0x08001c34      0x984 ./Core/Src/Console/Console.o
 .text.ConsolePrintHelp
                0x080025b8      0x130 ./Core/Src/Console/Console.o
 .text.ConsoleExecReset
                0x080026e8       0x10 ./Core/Src/Console/Console.o
 .text.ConsolePrintKernelTicks
                0x080026f8       0x28 ./Core/Src/Console/Console.o
 .text.ConsolePrintTaskStats
                0x08002720      0x25c ./Core/Src/Console/Console.o
 .text.ConsolePrintKernelVersion
                0x0800297c       0x2c ./Core/Src/Console/Console.o
 .text.ConsoleWhoAmI
                0x080029a8       0x40 ./Core/Src/Console/Console.o
 .text.ConsoleExit
                0x080029e8       0x24 ./Core/Src/Console/Console.o
 .text.ConsoleMallInfo
                0x08002a0c       0x6c ./Core/Src/Console/Console.o
 .text.ConsoleGetEnv
                0x08002a78       0x6c ./Core/Src/Console/Console.o
 .text.ConsoleSetEnv
                0x08002ae4       0x68 ./Core/Src/Console/Console.o
 .text.ConsoleAliasConfig
                0x08002b4c      0x18c ./Core/Src/Console/Console.o
 .text.ConsoleRegisterBasicCommands
                0x08002cd8      0x144 ./Core/Src/Console/Console.o
 .text.CONSOLE_CreateInstance
                0x08002e1c       0xf8 ./Core/Src/Console/Console.o
                0x08002e1c                CONSOLE_CreateInstance
 .text.CONSOLE_RegisterCommand
                0x08002f14      0x19e ./Core/Src/Console/Console.o
                0x08002f14                CONSOLE_RegisterCommand
 .text.CONSOLE_RegisterAlias
                0x080030b2      0x192 ./Core/Src/Console/Console.o
                0x080030b2                CONSOLE_RegisterAlias
 .text.CONSOLE_RemoveAliasOrCommand
                0x08003244       0xf0 ./Core/Src/Console/Console.o
                0x08003244                CONSOLE_RemoveAliasOrCommand
 .text.SPINDLE_SetDirection
                0x08003334       0x3c ./Core/Src/OwnCode/spindle.o
                0x08003334                SPINDLE_SetDirection
 .text.SPINDLE_SetDutyCycle
                0x08003370       0x80 ./Core/Src/OwnCode/spindle.o
                0x08003370                SPINDLE_SetDutyCycle
 .text.SPINDLE_EnaPWM
                0x080033f0       0x5c ./Core/Src/OwnCode/spindle.o
                0x080033f0                SPINDLE_EnaPWM
 .text.InitSpindle
                0x0800344c       0x88 ./Core/Src/OwnCode/spindle.o
                0x0800344c                InitSpindle
 .text.SpindleFunction
                0x080034d4      0x318 ./Core/Src/Spindle/Spindle.o
 .text.GetCommandEvent
                0x080037ec       0x68 ./Core/Src/Spindle/Spindle.o
 .text.ReleaseCommandEvent
                0x08003854       0x60 ./Core/Src/Spindle/Spindle.o
 .text.SpindleConsoleFunction
                0x080038b4      0x18c ./Core/Src/Spindle/Spindle.o
 .text.SpindleRegisterBasicCommands
                0x08003a40       0x30 ./Core/Src/Spindle/Spindle.o
 .text.SPINDLE_CreateInstance
                0x08003a70      0x234 ./Core/Src/Spindle/Spindle.o
                0x08003a70                SPINDLE_CreateInstance
 .text.vApplicationMallocFailedHook
                0x08003ca4       0x24 ./Core/Src/main.o
                0x08003ca4                vApplicationMallocFailedHook
 .text.vApplicationStackOverflowHook
                0x08003cc8       0x28 ./Core/Src/main.o
                0x08003cc8                vApplicationStackOverflowHook
 .text.InitTask
                0x08003cf0       0x8c ./Core/Src/main.o
                0x08003cf0                InitTask
 .text.CapabilityFunc
                0x08003d7c       0x88 ./Core/Src/main.o
 .text.main     0x08003e04       0x70 ./Core/Src/main.o
                0x08003e04                main
 .text.SystemClock_Config
                0x08003e74       0xcc ./Core/Src/main.o
                0x08003e74                SystemClock_Config
 .text.MX_SPI1_Init
                0x08003f40       0x7c ./Core/Src/main.o
 .text.MX_TIM2_Init
                0x08003fbc      0x104 ./Core/Src/main.o
 .text.MX_USART3_UART_Init
                0x080040c0       0x60 ./Core/Src/main.o
 .text.MX_GPIO_Init
                0x08004120      0x238 ./Core/Src/main.o
 .text.vAssertCalled
                0x08004358       0x26 ./Core/Src/main.o
                0x08004358                vAssertCalled
 *fill*         0x0800437e        0x2 
 .text.__stdout_put_char
                0x08004380       0x48 ./Core/Src/main.o
                0x08004380                __stdout_put_char
 .text.__stdin_get_char
                0x080043c8       0x70 ./Core/Src/main.o
                0x080043c8                __stdin_get_char
 .text.MPU_Config
                0x08004438       0x7e ./Core/Src/main.o
 .text.Error_Handler
                0x080044b6        0xc ./Core/Src/main.o
                0x080044b6                Error_Handler
 *fill*         0x080044c2        0x2 
 .text.assert_failed
                0x080044c4       0x38 ./Core/Src/main.o
                0x080044c4                assert_failed
 .text.initialise_monitor_handles
                0x080044fc        0xe ./Core/Src/newlib_abs.o
                0x080044fc                initialise_monitor_handles
 *fill*         0x0800450a        0x2 
 .text.initialise_stdlib_abstraction
                0x0800450c       0x78 ./Core/Src/newlib_abs.o
                0x0800450c                initialise_stdlib_abstraction
 .text._getpid  0x08004584       0x10 ./Core/Src/newlib_abs.o
                0x08004584                _getpid
 .text._kill    0x08004594       0x34 ./Core/Src/newlib_abs.o
                0x08004594                _kill
 .text._exit    0x080045c8       0x16 ./Core/Src/newlib_abs.o
                0x080045c8                _exit
 *fill*         0x080045de        0x2 
 .text._read    0x080045e0       0x8c ./Core/Src/newlib_abs.o
                0x080045e0                _read
 .text._write   0x0800466c       0xe0 ./Core/Src/newlib_abs.o
                0x0800466c                _write
 .text._close   0x0800474c       0x18 ./Core/Src/newlib_abs.o
                0x0800474c                _close
 .text._fstat   0x08004764       0x4e ./Core/Src/newlib_abs.o
                0x08004764                _fstat
 .text._isatty  0x080047b2       0x26 ./Core/Src/newlib_abs.o
                0x080047b2                _isatty
 .text._lseek   0x080047d8       0x1a ./Core/Src/newlib_abs.o
                0x080047d8                _lseek
 *fill*         0x080047f2        0x2 
 .text._sbrk_r  0x080047f4      0x108 ./Core/Src/newlib_abs.o
                0x080047f4                _sbrk_r
 .text.__malloc_lock
                0x080048fc       0x74 ./Core/Src/newlib_abs.o
                0x080048fc                __malloc_lock
 .text.__malloc_unlock
                0x08004970       0x28 ./Core/Src/newlib_abs.o
                0x08004970                __malloc_unlock
 .text.__env_lock
                0x08004998       0x70 ./Core/Src/newlib_abs.o
                0x08004998                __env_lock
 .text.__env_unlock
                0x08004a08       0x20 ./Core/Src/newlib_abs.o
                0x08004a08                __env_unlock
 .text.pvPortMalloc
                0x08004a28       0x1c ./Core/Src/newlib_abs.o
                0x08004a28                pvPortMalloc
 .text.vPortFree
                0x08004a44       0x16 ./Core/Src/newlib_abs.o
                0x08004a44                vPortFree
 *fill*         0x08004a5a        0x2 
 .text.xPortGetFreeHeapSize
                0x08004a5c       0x48 ./Core/Src/newlib_abs.o
                0x08004a5c                xPortGetFreeHeapSize
 .text.HAL_MspInit
                0x08004aa4       0x48 ./Core/Src/stm32f7xx_hal_msp.o
                0x08004aa4                HAL_MspInit
 .text.HAL_SPI_MspInit
                0x08004aec       0x98 ./Core/Src/stm32f7xx_hal_msp.o
                0x08004aec                HAL_SPI_MspInit
 .text.HAL_TIM_Base_MspInit
                0x08004b84       0x3c ./Core/Src/stm32f7xx_hal_msp.o
                0x08004b84                HAL_TIM_Base_MspInit
 .text.HAL_TIM_MspPostInit
                0x08004bc0       0x6c ./Core/Src/stm32f7xx_hal_msp.o
                0x08004bc0                HAL_TIM_MspPostInit
 .text.HAL_UART_MspInit
                0x08004c2c       0xc0 ./Core/Src/stm32f7xx_hal_msp.o
                0x08004c2c                HAL_UART_MspInit
 .text.NMI_Handler
                0x08004cec        0x8 ./Core/Src/stm32f7xx_it.o
                0x08004cec                NMI_Handler
 .text.HardFault_Handler
                0x08004cf4        0x8 ./Core/Src/stm32f7xx_it.o
                0x08004cf4                HardFault_Handler
 .text.MemManage_Handler
                0x08004cfc        0x8 ./Core/Src/stm32f7xx_it.o
                0x08004cfc                MemManage_Handler
 .text.BusFault_Handler
                0x08004d04        0x8 ./Core/Src/stm32f7xx_it.o
                0x08004d04                BusFault_Handler
 .text.UsageFault_Handler
                0x08004d0c        0x8 ./Core/Src/stm32f7xx_it.o
                0x08004d0c                UsageFault_Handler
 .text.DebugMon_Handler
                0x08004d14        0xe ./Core/Src/stm32f7xx_it.o
                0x08004d14                DebugMon_Handler
 .text.SysTick_Handler
                0x08004d22       0x10 ./Core/Src/stm32f7xx_it.o
                0x08004d22                SysTick_Handler
 *fill*         0x08004d32        0x2 
 .text.SPI1_IRQHandler
                0x08004d34       0x14 ./Core/Src/stm32f7xx_it.o
                0x08004d34                SPI1_IRQHandler
 .text.SystemInit
                0x08004d48       0x24 ./Core/Src/system_stm32f7xx.o
                0x08004d48                SystemInit
 .text.Reset_Handler
                0x08004d6c       0x50 ./Core/Startup/startup_stm32f746zgtx.o
                0x08004d6c                Reset_Handler
 .text.Default_Handler
                0x08004dbc        0x2 ./Core/Startup/startup_stm32f746zgtx.o
                0x08004dbc                RTC_Alarm_IRQHandler
                0x08004dbc                EXTI2_IRQHandler
                0x08004dbc                TIM8_CC_IRQHandler
                0x08004dbc                UART8_IRQHandler
                0x08004dbc                SPI4_IRQHandler
                0x08004dbc                TIM1_CC_IRQHandler
                0x08004dbc                DMA2_Stream5_IRQHandler
                0x08004dbc                DMA1_Stream5_IRQHandler
                0x08004dbc                PVD_IRQHandler
                0x08004dbc                TAMP_STAMP_IRQHandler
                0x08004dbc                CAN2_RX1_IRQHandler
                0x08004dbc                EXTI3_IRQHandler
                0x08004dbc                TIM8_TRG_COM_TIM14_IRQHandler
                0x08004dbc                TIM1_UP_TIM10_IRQHandler
                0x08004dbc                TIM8_UP_TIM13_IRQHandler
                0x08004dbc                I2C3_ER_IRQHandler
                0x08004dbc                EXTI0_IRQHandler
                0x08004dbc                I2C2_EV_IRQHandler
                0x08004dbc                DMA1_Stream2_IRQHandler
                0x08004dbc                CAN1_RX0_IRQHandler
                0x08004dbc                FPU_IRQHandler
                0x08004dbc                OTG_HS_WKUP_IRQHandler
                0x08004dbc                LTDC_ER_IRQHandler
                0x08004dbc                CAN2_SCE_IRQHandler
                0x08004dbc                DMA2_Stream2_IRQHandler
                0x08004dbc                TIM6_DAC_IRQHandler
                0x08004dbc                TIM1_BRK_TIM9_IRQHandler
                0x08004dbc                DCMI_IRQHandler
                0x08004dbc                CAN2_RX0_IRQHandler
                0x08004dbc                DMA2_Stream3_IRQHandler
                0x08004dbc                SAI2_IRQHandler
                0x08004dbc                USART6_IRQHandler
                0x08004dbc                USART3_IRQHandler
                0x08004dbc                CAN1_RX1_IRQHandler
                0x08004dbc                UART5_IRQHandler
                0x08004dbc                DMA2_Stream0_IRQHandler
                0x08004dbc                TIM4_IRQHandler
                0x08004dbc                QUADSPI_IRQHandler
                0x08004dbc                I2C1_EV_IRQHandler
                0x08004dbc                DMA1_Stream6_IRQHandler
                0x08004dbc                DMA1_Stream1_IRQHandler
                0x08004dbc                UART4_IRQHandler
                0x08004dbc                TIM3_IRQHandler
                0x08004dbc                RCC_IRQHandler
                0x08004dbc                TIM8_BRK_TIM12_IRQHandler
                0x08004dbc                Default_Handler
                0x08004dbc                CEC_IRQHandler
                0x08004dbc                EXTI15_10_IRQHandler
                0x08004dbc                ADC_IRQHandler
                0x08004dbc                DMA1_Stream7_IRQHandler
                0x08004dbc                SPI5_IRQHandler
                0x08004dbc                TIM7_IRQHandler
                0x08004dbc                SDMMC1_IRQHandler
                0x08004dbc                CAN2_TX_IRQHandler
                0x08004dbc                TIM5_IRQHandler
                0x08004dbc                DMA2_Stream7_IRQHandler
                0x08004dbc                I2C3_EV_IRQHandler
                0x08004dbc                EXTI9_5_IRQHandler
                0x08004dbc                RTC_WKUP_IRQHandler
                0x08004dbc                LTDC_IRQHandler
                0x08004dbc                ETH_WKUP_IRQHandler
                0x08004dbc                SPDIF_RX_IRQHandler
                0x08004dbc                SPI2_IRQHandler
                0x08004dbc                OTG_HS_EP1_IN_IRQHandler
                0x08004dbc                DMA1_Stream0_IRQHandler
                0x08004dbc                CAN1_TX_IRQHandler
                0x08004dbc                EXTI4_IRQHandler
                0x08004dbc                RNG_IRQHandler
                0x08004dbc                ETH_IRQHandler
                0x08004dbc                OTG_HS_EP1_OUT_IRQHandler
                0x08004dbc                WWDG_IRQHandler
                0x08004dbc                SPI6_IRQHandler
                0x08004dbc                I2C4_EV_IRQHandler
                0x08004dbc                TIM2_IRQHandler
                0x08004dbc                OTG_FS_WKUP_IRQHandler
                0x08004dbc                TIM1_TRG_COM_TIM11_IRQHandler
                0x08004dbc                OTG_HS_IRQHandler
                0x08004dbc                DMA2D_IRQHandler
                0x08004dbc                EXTI1_IRQHandler
                0x08004dbc                UART7_IRQHandler
                0x08004dbc                USART2_IRQHandler
                0x08004dbc                I2C2_ER_IRQHandler
                0x08004dbc                DMA2_Stream1_IRQHandler
                0x08004dbc                CAN1_SCE_IRQHandler
                0x08004dbc                FLASH_IRQHandler
                0x08004dbc                DMA2_Stream4_IRQHandler
                0x08004dbc                USART1_IRQHandler
                0x08004dbc                OTG_FS_IRQHandler
                0x08004dbc                SPI3_IRQHandler
                0x08004dbc                DMA1_Stream4_IRQHandler
                0x08004dbc                I2C1_ER_IRQHandler
                0x08004dbc                FMC_IRQHandler
                0x08004dbc                LPTIM1_IRQHandler
                0x08004dbc                I2C4_ER_IRQHandler
                0x08004dbc                DMA2_Stream6_IRQHandler
                0x08004dbc                SAI1_IRQHandler
                0x08004dbc                DMA1_Stream3_IRQHandler
 .text.HAL_Init
                0x08004dbe       0x1a ./Drivers/STM32F7xx_HAL_Driver/Src/stm32f7xx_hal.o
                0x08004dbe                HAL_Init
 .text.HAL_InitTick
                0x08004dd8       0x60 ./Drivers/STM32F7xx_HAL_Driver/Src/stm32f7xx_hal.o
                0x08004dd8                HAL_InitTick
 .text.HAL_IncTick
                0x08004e38       0x28 ./Drivers/STM32F7xx_HAL_Driver/Src/stm32f7xx_hal.o
                0x08004e38                HAL_IncTick
 .text.HAL_GetTick
                0x08004e60       0x18 ./Drivers/STM32F7xx_HAL_Driver/Src/stm32f7xx_hal.o
                0x08004e60                HAL_GetTick
 .text.__NVIC_SetPriorityGrouping
                0x08004e78       0x48 ./Drivers/STM32F7xx_HAL_Driver/Src/stm32f7xx_hal_cortex.o
 .text.__NVIC_GetPriorityGrouping
                0x08004ec0       0x1c ./Drivers/STM32F7xx_HAL_Driver/Src/stm32f7xx_hal_cortex.o
 .text.__NVIC_EnableIRQ
                0x08004edc       0x3c ./Drivers/STM32F7xx_HAL_Driver/Src/stm32f7xx_hal_cortex.o
 .text.__NVIC_SetPriority
                0x08004f18       0x54 ./Drivers/STM32F7xx_HAL_Driver/Src/stm32f7xx_hal_cortex.o
 .text.NVIC_EncodePriority
                0x08004f6c       0x66 ./Drivers/STM32F7xx_HAL_Driver/Src/stm32f7xx_hal_cortex.o
 *fill*         0x08004fd2        0x2 
 .text.SysTick_Config
                0x08004fd4       0x44 ./Drivers/STM32F7xx_HAL_Driver/Src/stm32f7xx_hal_cortex.o
 .text.HAL_NVIC_SetPriorityGrouping
                0x08005018       0x40 ./Drivers/STM32F7xx_HAL_Driver/Src/stm32f7xx_hal_cortex.o
                0x08005018                HAL_NVIC_SetPriorityGrouping
 .text.HAL_NVIC_SetPriority
                0x08005058       0x58 ./Drivers/STM32F7xx_HAL_Driver/Src/stm32f7xx_hal_cortex.o
                0x08005058                HAL_NVIC_SetPriority
 .text.HAL_NVIC_EnableIRQ
                0x080050b0       0x30 ./Drivers/STM32F7xx_HAL_Driver/Src/stm32f7xx_hal_cortex.o
                0x080050b0                HAL_NVIC_EnableIRQ
 .text.HAL_SYSTICK_Config
                0x080050e0       0x18 ./Drivers/STM32F7xx_HAL_Driver/Src/stm32f7xx_hal_cortex.o
                0x080050e0                HAL_SYSTICK_Config
 .text.HAL_MPU_Disable
                0x080050f8       0x30 ./Drivers/STM32F7xx_HAL_Driver/Src/stm32f7xx_hal_cortex.o
                0x080050f8                HAL_MPU_Disable
 .text.HAL_MPU_Enable
                0x08005128       0x40 ./Drivers/STM32F7xx_HAL_Driver/Src/stm32f7xx_hal_cortex.o
                0x08005128                HAL_MPU_Enable
 .text.HAL_MPU_ConfigRegion
                0x08005168      0x2ac ./Drivers/STM32F7xx_HAL_Driver/Src/stm32f7xx_hal_cortex.o
                0x08005168                HAL_MPU_ConfigRegion
 .text.HAL_DMA_Abort_IT
                0x08005414       0x44 ./Drivers/STM32F7xx_HAL_Driver/Src/stm32f7xx_hal_dma.o
                0x08005414                HAL_DMA_Abort_IT
 .text.HAL_GPIO_Init
                0x08005458      0x6e0 ./Drivers/STM32F7xx_HAL_Driver/Src/stm32f7xx_hal_gpio.o
                0x08005458                HAL_GPIO_Init
 .text.HAL_GPIO_WritePin
                0x08005b38       0x58 ./Drivers/STM32F7xx_HAL_Driver/Src/stm32f7xx_hal_gpio.o
                0x08005b38                HAL_GPIO_WritePin
 .text.HAL_RCC_OscConfig
                0x08005b90      0x6b4 ./Drivers/STM32F7xx_HAL_Driver/Src/stm32f7xx_hal_rcc.o
                0x08005b90                HAL_RCC_OscConfig
 .text.HAL_RCC_ClockConfig
                0x08006244      0x350 ./Drivers/STM32F7xx_HAL_Driver/Src/stm32f7xx_hal_rcc.o
                0x08006244                HAL_RCC_ClockConfig
 .text.HAL_RCC_GetSysClockFreq
                0x08006594      0x18c ./Drivers/STM32F7xx_HAL_Driver/Src/stm32f7xx_hal_rcc.o
                0x08006594                HAL_RCC_GetSysClockFreq
 .text.HAL_RCC_GetHCLKFreq
                0x08006720       0x18 ./Drivers/STM32F7xx_HAL_Driver/Src/stm32f7xx_hal_rcc.o
                0x08006720                HAL_RCC_GetHCLKFreq
 .text.HAL_RCC_GetPCLK1Freq
                0x08006738       0x28 ./Drivers/STM32F7xx_HAL_Driver/Src/stm32f7xx_hal_rcc.o
                0x08006738                HAL_RCC_GetPCLK1Freq
 .text.HAL_RCC_GetPCLK2Freq
                0x08006760       0x28 ./Drivers/STM32F7xx_HAL_Driver/Src/stm32f7xx_hal_rcc.o
                0x08006760                HAL_RCC_GetPCLK2Freq
 .text.HAL_RCCEx_PeriphCLKConfig
                0x08006788      0xfc8 ./Drivers/STM32F7xx_HAL_Driver/Src/stm32f7xx_hal_rcc_ex.o
                0x08006788                HAL_RCCEx_PeriphCLKConfig
 .text.HAL_SPI_Init
                0x08007750      0x418 ./Drivers/STM32F7xx_HAL_Driver/Src/stm32f7xx_hal_spi.o
                0x08007750                HAL_SPI_Init
 .text.HAL_SPI_IRQHandler
                0x08007b68      0x200 ./Drivers/STM32F7xx_HAL_Driver/Src/stm32f7xx_hal_spi.o
                0x08007b68                HAL_SPI_IRQHandler
 .text.HAL_SPI_ErrorCallback
                0x08007d68       0x14 ./Drivers/STM32F7xx_HAL_Driver/Src/stm32f7xx_hal_spi.o
                0x08007d68                HAL_SPI_ErrorCallback
 .text.SPI_DMAAbortOnError
                0x08007d7c       0x2a ./Drivers/STM32F7xx_HAL_Driver/Src/stm32f7xx_hal_spi.o
 *fill*         0x08007da6        0x2 
 .text.HAL_TIM_Base_Init
                0x08007da8      0x240 ./Drivers/STM32F7xx_HAL_Driver/Src/stm32f7xx_hal_tim.o
                0x08007da8                HAL_TIM_Base_Init
 .text.HAL_TIM_PWM_Init
                0x08007fe8      0x240 ./Drivers/STM32F7xx_HAL_Driver/Src/stm32f7xx_hal_tim.o
                0x08007fe8                HAL_TIM_PWM_Init
 .text.HAL_TIM_PWM_MspInit
                0x08008228       0x14 ./Drivers/STM32F7xx_HAL_Driver/Src/stm32f7xx_hal_tim.o
                0x08008228                HAL_TIM_PWM_MspInit
 .text.HAL_TIM_PWM_Start
                0x0800823c      0x394 ./Drivers/STM32F7xx_HAL_Driver/Src/stm32f7xx_hal_tim.o
                0x0800823c                HAL_TIM_PWM_Start
 .text.HAL_TIM_PWM_ConfigChannel
                0x080085d0      0x4d0 ./Drivers/STM32F7xx_HAL_Driver/Src/stm32f7xx_hal_tim.o
                0x080085d0                HAL_TIM_PWM_ConfigChannel
 .text.HAL_TIM_ConfigClockSource
                0x08008aa0      0x6a4 ./Drivers/STM32F7xx_HAL_Driver/Src/stm32f7xx_hal_tim.o
                0x08008aa0                HAL_TIM_ConfigClockSource
 .text.TIM_Base_SetConfig
                0x08009144      0x158 ./Drivers/STM32F7xx_HAL_Driver/Src/stm32f7xx_hal_tim.o
                0x08009144                TIM_Base_SetConfig
 .text.TIM_OC1_SetConfig
                0x0800929c      0x138 ./Drivers/STM32F7xx_HAL_Driver/Src/stm32f7xx_hal_tim.o
 .text.TIM_OC2_SetConfig
                0x080093d4      0x140 ./Drivers/STM32F7xx_HAL_Driver/Src/stm32f7xx_hal_tim.o
                0x080093d4                TIM_OC2_SetConfig
 .text.TIM_OC3_SetConfig
                0x08009514      0x140 ./Drivers/STM32F7xx_HAL_Driver/Src/stm32f7xx_hal_tim.o
 .text.TIM_OC4_SetConfig
                0x08009654       0xcc ./Drivers/STM32F7xx_HAL_Driver/Src/stm32f7xx_hal_tim.o
 .text.TIM_OC5_SetConfig
                0x08009720       0xa4 ./Drivers/STM32F7xx_HAL_Driver/Src/stm32f7xx_hal_tim.o
 .text.TIM_OC6_SetConfig
                0x080097c4       0xa8 ./Drivers/STM32F7xx_HAL_Driver/Src/stm32f7xx_hal_tim.o
 .text.TIM_TI1_ConfigInputStage
                0x0800986c       0x5e ./Drivers/STM32F7xx_HAL_Driver/Src/stm32f7xx_hal_tim.o
 .text.TIM_TI2_ConfigInputStage
                0x080098ca       0x60 ./Drivers/STM32F7xx_HAL_Driver/Src/stm32f7xx_hal_tim.o
 .text.TIM_ITRx_SetConfig
                0x0800992a       0x36 ./Drivers/STM32F7xx_HAL_Driver/Src/stm32f7xx_hal_tim.o
 .text.TIM_ETR_SetConfig
                0x08009960       0x40 ./Drivers/STM32F7xx_HAL_Driver/Src/stm32f7xx_hal_tim.o
                0x08009960                TIM_ETR_SetConfig
 .text.TIM_CCxChannelCmd
                0x080099a0      0x114 ./Drivers/STM32F7xx_HAL_Driver/Src/stm32f7xx_hal_tim.o
                0x080099a0                TIM_CCxChannelCmd
 .text.HAL_TIMEx_MasterConfigSynchronization
                0x08009ab4      0x2b0 ./Drivers/STM32F7xx_HAL_Driver/Src/stm32f7xx_hal_tim_ex.o
                0x08009ab4                HAL_TIMEx_MasterConfigSynchronization
 .text.HAL_UART_Init
                0x08009d64      0x180 ./Drivers/STM32F7xx_HAL_Driver/Src/stm32f7xx_hal_uart.o
                0x08009d64                HAL_UART_Init
 .text.UART_SetConfig
                0x08009ee4      0x5ec ./Drivers/STM32F7xx_HAL_Driver/Src/stm32f7xx_hal_uart.o
                0x08009ee4                UART_SetConfig
 .text.UART_AdvFeatureConfig
                0x0800a4d0      0x2b0 ./Drivers/STM32F7xx_HAL_Driver/Src/stm32f7xx_hal_uart.o
                0x0800a4d0                UART_AdvFeatureConfig
 .text.UART_CheckIdleState
                0x0800a780       0xae ./Drivers/STM32F7xx_HAL_Driver/Src/stm32f7xx_hal_uart.o
                0x0800a780                UART_CheckIdleState
 .text.UART_WaitOnFlagUntilTimeout
                0x0800a82e       0xda ./Drivers/STM32F7xx_HAL_Driver/Src/stm32f7xx_hal_uart.o
                0x0800a82e                UART_WaitOnFlagUntilTimeout
 .text.UART_EndRxTransfer
                0x0800a908       0xc8 ./Drivers/STM32F7xx_HAL_Driver/Src/stm32f7xx_hal_uart.o
 .text.vListInitialise
                0x0800a9d0       0x40 ./FreeRTOS-Kernel/list.o
                0x0800a9d0                vListInitialise
 .text.vListInitialiseItem
                0x0800aa10       0x1a ./FreeRTOS-Kernel/list.o
                0x0800aa10                vListInitialiseItem
 .text.vListInsertEnd
                0x0800aa2a       0x48 ./FreeRTOS-Kernel/list.o
                0x0800aa2a                vListInsertEnd
 .text.vListInsert
                0x0800aa72       0x72 ./FreeRTOS-Kernel/list.o
                0x0800aa72                vListInsert
 .text.uxListRemove
                0x0800aae4       0x54 ./FreeRTOS-Kernel/list.o
                0x0800aae4                uxListRemove
 .text.xQueueGenericReset
                0x0800ab38      0x13c ./FreeRTOS-Kernel/queue.o
                0x0800ab38                xQueueGenericReset
 .text.xQueueGenericCreate
                0x0800ac74       0xac ./FreeRTOS-Kernel/queue.o
                0x0800ac74                xQueueGenericCreate
 .text.prvInitialiseNewQueue
                0x0800ad20       0x46 ./FreeRTOS-Kernel/queue.o
 .text.prvInitialiseMutex
                0x0800ad66       0x34 ./FreeRTOS-Kernel/queue.o
 .text.xQueueCreateMutex
                0x0800ad9a       0x30 ./FreeRTOS-Kernel/queue.o
                0x0800ad9a                xQueueCreateMutex
 *fill*         0x0800adca        0x2 
 .text.xQueueGiveMutexRecursive
                0x0800adcc       0x78 ./FreeRTOS-Kernel/queue.o
                0x0800adcc                xQueueGiveMutexRecursive
 .text.xQueueTakeMutexRecursive
                0x0800ae44       0x7c ./FreeRTOS-Kernel/queue.o
                0x0800ae44                xQueueTakeMutexRecursive
 .text.xQueueGenericSend
                0x0800aec0      0x230 ./FreeRTOS-Kernel/queue.o
                0x0800aec0                xQueueGenericSend
 .text.xQueueReceive
                0x0800b0f0      0x1e8 ./FreeRTOS-Kernel/queue.o
                0x0800b0f0                xQueueReceive
 .text.xQueueSemaphoreTake
                0x0800b2d8      0x224 ./FreeRTOS-Kernel/queue.o
                0x0800b2d8                xQueueSemaphoreTake
 .text.vQueueDelete
                0x0800b4fc       0x48 ./FreeRTOS-Kernel/queue.o
                0x0800b4fc                vQueueDelete
 .text.prvGetDisinheritPriorityAfterTimeout
                0x0800b544       0x30 ./FreeRTOS-Kernel/queue.o
 .text.prvCopyDataToQueue
                0x0800b574       0xd4 ./FreeRTOS-Kernel/queue.o
 .text.prvCopyDataFromQueue
                0x0800b648       0x4c ./FreeRTOS-Kernel/queue.o
 .text.prvUnlockQueue
                0x0800b694       0xa4 ./FreeRTOS-Kernel/queue.o
 .text.prvIsQueueEmpty
                0x0800b738       0x2c ./FreeRTOS-Kernel/queue.o
 .text.prvIsQueueFull
                0x0800b764       0x30 ./FreeRTOS-Kernel/queue.o
 .text.vQueueWaitForMessageRestricted
                0x0800b794       0x68 ./FreeRTOS-Kernel/queue.o
                0x0800b794                vQueueWaitForMessageRestricted
 .text.prvCreateTask
                0x0800b7fc       0x78 ./FreeRTOS-Kernel/tasks.o
 .text.xTaskCreate
                0x0800b874       0x46 ./FreeRTOS-Kernel/tasks.o
                0x0800b874                xTaskCreate
 *fill*         0x0800b8ba        0x2 
 .text.prvInitialiseNewTask
                0x0800b8bc      0x16c ./FreeRTOS-Kernel/tasks.o
 .text.prvAddNewTaskToReadyList
                0x0800ba28      0x130 ./FreeRTOS-Kernel/tasks.o
 .text.vTaskDelete
                0x0800bb58      0x154 ./FreeRTOS-Kernel/tasks.o
                0x0800bb58                vTaskDelete
 .text.vTaskDelay
                0x0800bcac       0x78 ./FreeRTOS-Kernel/tasks.o
                0x0800bcac                vTaskDelay
 .text.eTaskGetState
                0x0800bd24      0x11c ./FreeRTOS-Kernel/tasks.o
                0x0800bd24                eTaskGetState
 .text.prvCreateIdleTasks
                0x0800be40       0x98 ./FreeRTOS-Kernel/tasks.o
 .text.vTaskStartScheduler
                0x0800bed8       0xac ./FreeRTOS-Kernel/tasks.o
                0x0800bed8                vTaskStartScheduler
 .text.vTaskSuspendAll
                0x0800bf84       0x1c ./FreeRTOS-Kernel/tasks.o
                0x0800bf84                vTaskSuspendAll
 .text.xTaskResumeAll
                0x0800bfa0      0x220 ./FreeRTOS-Kernel/tasks.o
                0x0800bfa0                xTaskResumeAll
 .text.xTaskGetTickCount
                0x0800c1c0       0x20 ./FreeRTOS-Kernel/tasks.o
                0x0800c1c0                xTaskGetTickCount
 .text.uxTaskGetNumberOfTasks
                0x0800c1e0       0x18 ./FreeRTOS-Kernel/tasks.o
                0x0800c1e0                uxTaskGetNumberOfTasks
 .text.uxTaskGetSystemState
                0x0800c1f8      0x10c ./FreeRTOS-Kernel/tasks.o
                0x0800c1f8                uxTaskGetSystemState
 .text.xTaskIncrementTick
                0x0800c304      0x240 ./FreeRTOS-Kernel/tasks.o
                0x0800c304                xTaskIncrementTick
 .text.vTaskSwitchContext
                0x0800c544      0x15c ./FreeRTOS-Kernel/tasks.o
                0x0800c544                vTaskSwitchContext
 .text.vTaskPlaceOnEventList
                0x0800c6a0       0x58 ./FreeRTOS-Kernel/tasks.o
                0x0800c6a0                vTaskPlaceOnEventList
 .text.vTaskPlaceOnEventListRestricted
                0x0800c6f8       0x9c ./FreeRTOS-Kernel/tasks.o
                0x0800c6f8                vTaskPlaceOnEventListRestricted
 .text.xTaskRemoveFromEventList
                0x0800c794      0x1bc ./FreeRTOS-Kernel/tasks.o
                0x0800c794                xTaskRemoveFromEventList
 .text.vTaskInternalSetTimeOutState
                0x0800c950       0x2c ./FreeRTOS-Kernel/tasks.o
                0x0800c950                vTaskInternalSetTimeOutState
 .text.xTaskCheckForTimeOut
                0x0800c97c       0xe8 ./FreeRTOS-Kernel/tasks.o
                0x0800c97c                xTaskCheckForTimeOut
 .text.vTaskMissedYield
                0x0800ca64       0x18 ./FreeRTOS-Kernel/tasks.o
                0x0800ca64                vTaskMissedYield
 .text.prvIdleTask
                0x0800ca7c       0x30 ./FreeRTOS-Kernel/tasks.o
 .text.prvInitialiseTaskLists
                0x0800caac       0x80 ./FreeRTOS-Kernel/tasks.o
 .text.prvCheckTasksWaitingTermination
                0x0800cb2c       0x5c ./FreeRTOS-Kernel/tasks.o
 .text.vTaskGetInfo
                0x0800cb88      0x124 ./FreeRTOS-Kernel/tasks.o
                0x0800cb88                vTaskGetInfo
 .text.prvListTasksWithinSingleList
                0x0800ccac       0x66 ./FreeRTOS-Kernel/tasks.o
 .text.prvTaskCheckFreeStackSpace
                0x0800cd12       0x36 ./FreeRTOS-Kernel/tasks.o
 .text.prvDeleteTCB
                0x0800cd48       0x2a ./FreeRTOS-Kernel/tasks.o
 *fill*         0x0800cd72        0x2 
 .text.prvResetNextTaskUnblockTime
                0x0800cd74       0x38 ./FreeRTOS-Kernel/tasks.o
 .text.xTaskGetCurrentTaskHandle
                0x0800cdac       0x20 ./FreeRTOS-Kernel/tasks.o
                0x0800cdac                xTaskGetCurrentTaskHandle
 .text.xTaskGetSchedulerState
                0x0800cdcc       0x3c ./FreeRTOS-Kernel/tasks.o
                0x0800cdcc                xTaskGetSchedulerState
 .text.xTaskPriorityInherit
                0x0800ce08      0x140 ./FreeRTOS-Kernel/tasks.o
                0x0800ce08                xTaskPriorityInherit
 .text.xTaskPriorityDisinherit
                0x0800cf48      0x168 ./FreeRTOS-Kernel/tasks.o
                0x0800cf48                xTaskPriorityDisinherit
 .text.vTaskPriorityDisinheritAfterTimeout
                0x0800d0b0      0x194 ./FreeRTOS-Kernel/tasks.o
                0x0800d0b0                vTaskPriorityDisinheritAfterTimeout
 .text.pvTaskIncrementMutexHeldCount
                0x0800d244       0x30 ./FreeRTOS-Kernel/tasks.o
                0x0800d244                pvTaskIncrementMutexHeldCount
 .text.prvAddCurrentTaskToDelayedList
                0x0800d274      0x104 ./FreeRTOS-Kernel/tasks.o
 .text.xTimerCreateTimerTask
                0x0800d378       0x74 ./FreeRTOS-Kernel/timers.o
                0x0800d378                xTimerCreateTimerTask
 .text.prvReloadTimer
                0x0800d3ec       0x42 ./FreeRTOS-Kernel/timers.o
 *fill*         0x0800d42e        0x2 
 .text.prvProcessExpiredTimer
                0x0800d430       0x60 ./FreeRTOS-Kernel/timers.o
 .text.prvTimerTask
                0x0800d490       0x26 ./FreeRTOS-Kernel/timers.o
 *fill*         0x0800d4b6        0x2 
 .text.prvProcessTimerOrBlockTask
                0x0800d4b8       0x9c ./FreeRTOS-Kernel/timers.o
 .text.prvGetNextExpireTime
                0x0800d554       0x48 ./FreeRTOS-Kernel/timers.o
 .text.prvSampleTimeNow
                0x0800d59c       0x40 ./FreeRTOS-Kernel/timers.o
 .text.prvInsertTimerInActiveList
                0x0800d5dc       0x84 ./FreeRTOS-Kernel/timers.o
 .text.prvProcessReceivedCommands
                0x0800d660      0x19c ./FreeRTOS-Kernel/timers.o
 .text.prvSwitchTimerLists
                0x0800d7fc       0x4c ./FreeRTOS-Kernel/timers.o
 .text.prvCheckForValidListAndQueue
                0x0800d848       0x54 ./FreeRTOS-Kernel/timers.o
 .text.pxPortInitialiseStack
                0x0800d89c       0x68 ./FreeRTOS-Kernel/portable/GCC/ARM_CM7/r0p1/port.o
                0x0800d89c                pxPortInitialiseStack
 .text.prvTaskExitError
                0x0800d904       0x68 ./FreeRTOS-Kernel/portable/GCC/ARM_CM7/r0p1/port.o
 *fill*         0x0800d96c        0x4 
 .text.SVC_Handler
                0x0800d970       0x28 ./FreeRTOS-Kernel/portable/GCC/ARM_CM7/r0p1/port.o
                0x0800d970                SVC_Handler
 .text.prvPortStartFirstTask
                0x0800d998       0x2c ./FreeRTOS-Kernel/portable/GCC/ARM_CM7/r0p1/port.o
 .text.xPortStartScheduler
                0x0800d9c4      0x1bc ./FreeRTOS-Kernel/portable/GCC/ARM_CM7/r0p1/port.o
                0x0800d9c4                xPortStartScheduler
 .text.vPortEnterCritical
                0x0800db80       0x70 ./FreeRTOS-Kernel/portable/GCC/ARM_CM7/r0p1/port.o
                0x0800db80                vPortEnterCritical
 .text.vPortExitCritical
                0x0800dbf0       0x60 ./FreeRTOS-Kernel/portable/GCC/ARM_CM7/r0p1/port.o
                0x0800dbf0                vPortExitCritical
 .text.PendSV_Handler
                0x0800dc50       0x68 ./FreeRTOS-Kernel/portable/GCC/ARM_CM7/r0p1/port.o
                0x0800dc50                PendSV_Handler
 .text.xPortSysTickHandler
                0x0800dcb8       0x48 ./FreeRTOS-Kernel/portable/GCC/ARM_CM7/r0p1/port.o
                0x0800dcb8                xPortSysTickHandler
 .text.vPortSetupTimerInterrupt
                0x0800dd00       0x48 ./FreeRTOS-Kernel/portable/GCC/ARM_CM7/r0p1/port.o
                0x0800dd00                vPortSetupTimerInterrupt
 .text.vPortEnableVFP
                0x0800dd48       0x18 ./FreeRTOS-Kernel/portable/GCC/ARM_CM7/r0p1/port.o
 .text.__assert_func
                0x0800dd60       0x3c C:/ST/STM32CubeIDE_1.14.1/STM32CubeIDE/plugins/com.st.stm32cube.ide.mcu.externaltools.gnu-tools-for-stm32.13.3.rel1.win32_1.0.0.202411081344/tools/bin/../lib/gcc/arm-none-eabi/13.3.1/../../../../arm-none-eabi/lib/thumb/v7e-m+fp/hard\libc_nano.a(libc_a-assert.o)
                0x0800dd60                __assert_func
 .text.atof     0x0800dd9c        0x6 C:/ST/STM32CubeIDE_1.14.1/STM32CubeIDE/plugins/com.st.stm32cube.ide.mcu.externaltools.gnu-tools-for-stm32.13.3.rel1.win32_1.0.0.202411081344/tools/bin/../lib/gcc/arm-none-eabi/13.3.1/../../../../arm-none-eabi/lib/thumb/v7e-m+fp/hard\libc_nano.a(libc_a-atof.o)
                0x0800dd9c                atof
 *fill*         0x0800dda2        0x2 
 .text.calloc   0x0800dda4       0x10 C:/ST/STM32CubeIDE_1.14.1/STM32CubeIDE/plugins/com.st.stm32cube.ide.mcu.externaltools.gnu-tools-for-stm32.13.3.rel1.win32_1.0.0.202411081344/tools/bin/../lib/gcc/arm-none-eabi/13.3.1/../../../../arm-none-eabi/lib/thumb/v7e-m+fp/hard\libc_nano.a(libc_a-calloc.o)
                0x0800dda4                calloc
 .text._calloc_r
                0x0800ddb4       0x28 C:/ST/STM32CubeIDE_1.14.1/STM32CubeIDE/plugins/com.st.stm32cube.ide.mcu.externaltools.gnu-tools-for-stm32.13.3.rel1.win32_1.0.0.202411081344/tools/bin/../lib/gcc/arm-none-eabi/13.3.1/../../../../arm-none-eabi/lib/thumb/v7e-m+fp/hard\libc_nano.a(libc_a-callocr.o)
                0x0800ddb4                _calloc_r
 .text.getenv   0x0800dddc       0x18 C:/ST/STM32CubeIDE_1.14.1/STM32CubeIDE/plugins/com.st.stm32cube.ide.mcu.externaltools.gnu-tools-for-stm32.13.3.rel1.win32_1.0.0.202411081344/tools/bin/../lib/gcc/arm-none-eabi/13.3.1/../../../../arm-none-eabi/lib/thumb/v7e-m+fp/hard\libc_nano.a(libc_a-getenv.o)
                0x0800dddc                getenv
 .text._findenv_r
                0x0800ddf4       0x78 C:/ST/STM32CubeIDE_1.14.1/STM32CubeIDE/plugins/com.st.stm32cube.ide.mcu.externaltools.gnu-tools-for-stm32.13.3.rel1.win32_1.0.0.202411081344/tools/bin/../lib/gcc/arm-none-eabi/13.3.1/../../../../arm-none-eabi/lib/thumb/v7e-m+fp/hard\libc_nano.a(libc_a-getenv_r.o)
                0x0800ddf4                _findenv_r
 .text.malloc   0x0800de6c       0x10 C:/ST/STM32CubeIDE_1.14.1/STM32CubeIDE/plugins/com.st.stm32cube.ide.mcu.externaltools.gnu-tools-for-stm32.13.3.rel1.win32_1.0.0.202411081344/tools/bin/../lib/gcc/arm-none-eabi/13.3.1/../../../../arm-none-eabi/lib/thumb/v7e-m+fp/hard\libc_nano.a(libc_a-malloc.o)
                0x0800de6c                malloc
 .text.free     0x0800de7c       0x10 C:/ST/STM32CubeIDE_1.14.1/STM32CubeIDE/plugins/com.st.stm32cube.ide.mcu.externaltools.gnu-tools-for-stm32.13.3.rel1.win32_1.0.0.202411081344/tools/bin/../lib/gcc/arm-none-eabi/13.3.1/../../../../arm-none-eabi/lib/thumb/v7e-m+fp/hard\libc_nano.a(libc_a-malloc.o)
                0x0800de7c                free
 .text.sbrk_aligned
                0x0800de8c       0x44 C:/ST/STM32CubeIDE_1.14.1/STM32CubeIDE/plugins/com.st.stm32cube.ide.mcu.externaltools.gnu-tools-for-stm32.13.3.rel1.win32_1.0.0.202411081344/tools/bin/../lib/gcc/arm-none-eabi/13.3.1/../../../../arm-none-eabi/lib/thumb/v7e-m+fp/hard\libc_nano.a(libc_a-mallocr.o)
 .text._malloc_r
                0x0800ded0      0x100 C:/ST/STM32CubeIDE_1.14.1/STM32CubeIDE/plugins/com.st.stm32cube.ide.mcu.externaltools.gnu-tools-for-stm32.13.3.rel1.win32_1.0.0.202411081344/tools/bin/../lib/gcc/arm-none-eabi/13.3.1/../../../../arm-none-eabi/lib/thumb/v7e-m+fp/hard\libc_nano.a(libc_a-mallocr.o)
                0x0800ded0                _malloc_r
 .text.mallinfo
                0x0800dfd0       0x14 C:/ST/STM32CubeIDE_1.14.1/STM32CubeIDE/plugins/com.st.stm32cube.ide.mcu.externaltools.gnu-tools-for-stm32.13.3.rel1.win32_1.0.0.202411081344/tools/bin/../lib/gcc/arm-none-eabi/13.3.1/../../../../arm-none-eabi/lib/thumb/v7e-m+fp/hard\libc_nano.a(libc_a-mstats.o)
                0x0800dfd0                mallinfo
 .text.sulp     0x0800dfe4       0x3c C:/ST/STM32CubeIDE_1.14.1/STM32CubeIDE/plugins/com.st.stm32cube.ide.mcu.externaltools.gnu-tools-for-stm32.13.3.rel1.win32_1.0.0.202411081344/tools/bin/../lib/gcc/arm-none-eabi/13.3.1/../../../../arm-none-eabi/lib/thumb/v7e-m+fp/hard\libc_nano.a(libc_a-strtod.o)
 .text._strtod_l
                0x0800e020      0xbc8 C:/ST/STM32CubeIDE_1.14.1/STM32CubeIDE/plugins/com.st.stm32cube.ide.mcu.externaltools.gnu-tools-for-stm32.13.3.rel1.win32_1.0.0.202411081344/tools/bin/../lib/gcc/arm-none-eabi/13.3.1/../../../../arm-none-eabi/lib/thumb/v7e-m+fp/hard\libc_nano.a(libc_a-strtod.o)
                0x0800e020                _strtod_l
 .text._strtod_r
                0x0800ebe8        0xc C:/ST/STM32CubeIDE_1.14.1/STM32CubeIDE/plugins/com.st.stm32cube.ide.mcu.externaltools.gnu-tools-for-stm32.13.3.rel1.win32_1.0.0.202411081344/tools/bin/../lib/gcc/arm-none-eabi/13.3.1/../../../../arm-none-eabi/lib/thumb/v7e-m+fp/hard\libc_nano.a(libc_a-strtod.o)
                0x0800ebe8                _strtod_r
 .text.strtod   0x0800ebf4       0x18 C:/ST/STM32CubeIDE_1.14.1/STM32CubeIDE/plugins/com.st.stm32cube.ide.mcu.externaltools.gnu-tools-for-stm32.13.3.rel1.win32_1.0.0.202411081344/tools/bin/../lib/gcc/arm-none-eabi/13.3.1/../../../../arm-none-eabi/lib/thumb/v7e-m+fp/hard\libc_nano.a(libc_a-strtod.o)
                0x0800ebf4                strtod
 .text.setenv   0x0800ec0c       0x14 C:/ST/STM32CubeIDE_1.14.1/STM32CubeIDE/plugins/com.st.stm32cube.ide.mcu.externaltools.gnu-tools-for-stm32.13.3.rel1.win32_1.0.0.202411081344/tools/bin/../lib/gcc/arm-none-eabi/13.3.1/../../../../arm-none-eabi/lib/thumb/v7e-m+fp/hard\libc_nano.a(libc_a-setenv.o)
                0x0800ec0c                setenv
 .text._setenv_r
                0x0800ec20      0x130 C:/ST/STM32CubeIDE_1.14.1/STM32CubeIDE/plugins/com.st.stm32cube.ide.mcu.externaltools.gnu-tools-for-stm32.13.3.rel1.win32_1.0.0.202411081344/tools/bin/../lib/gcc/arm-none-eabi/13.3.1/../../../../arm-none-eabi/lib/thumb/v7e-m+fp/hard\libc_nano.a(libc_a-setenv_r.o)
                0x0800ec20                _setenv_r
 .text.__cvt    0x0800ed50       0xca C:/ST/STM32CubeIDE_1.14.1/STM32CubeIDE/plugins/com.st.stm32cube.ide.mcu.externaltools.gnu-tools-for-stm32.13.3.rel1.win32_1.0.0.202411081344/tools/bin/../lib/gcc/arm-none-eabi/13.3.1/../../../../arm-none-eabi/lib/thumb/v7e-m+fp/hard\libc_nano.a(libc_a-nano-vfprintf_float.o)
                0x0800ed50                __cvt
 .text.__exponent
                0x0800ee1a       0x74 C:/ST/STM32CubeIDE_1.14.1/STM32CubeIDE/plugins/com.st.stm32cube.ide.mcu.externaltools.gnu-tools-for-stm32.13.3.rel1.win32_1.0.0.202411081344/tools/bin/../lib/gcc/arm-none-eabi/13.3.1/../../../../arm-none-eabi/lib/thumb/v7e-m+fp/hard\libc_nano.a(libc_a-nano-vfprintf_float.o)
                0x0800ee1a                __exponent
 *fill*         0x0800ee8e        0x2 
 .text._printf_float
                0x0800ee90      0x454 C:/ST/STM32CubeIDE_1.14.1/STM32CubeIDE/plugins/com.st.stm32cube.ide.mcu.externaltools.gnu-tools-for-stm32.13.3.rel1.win32_1.0.0.202411081344/tools/bin/../lib/gcc/arm-none-eabi/13.3.1/../../../../arm-none-eabi/lib/thumb/v7e-m+fp/hard\libc_nano.a(libc_a-nano-vfprintf_float.o)
                0x0800ee90                _printf_float
 .text._printf_common
                0x0800f2e4       0xda C:/ST/STM32CubeIDE_1.14.1/STM32CubeIDE/plugins/com.st.stm32cube.ide.mcu.externaltools.gnu-tools-for-stm32.13.3.rel1.win32_1.0.0.202411081344/tools/bin/../lib/gcc/arm-none-eabi/13.3.1/../../../../arm-none-eabi/lib/thumb/v7e-m+fp/hard\libc_nano.a(libc_a-nano-vfprintf_i.o)
                0x0800f2e4                _printf_common
 *fill*         0x0800f3be        0x2 
 .text._printf_i
                0x0800f3c0      0x23c C:/ST/STM32CubeIDE_1.14.1/STM32CubeIDE/plugins/com.st.stm32cube.ide.mcu.externaltools.gnu-tools-for-stm32.13.3.rel1.win32_1.0.0.202411081344/tools/bin/../lib/gcc/arm-none-eabi/13.3.1/../../../../arm-none-eabi/lib/thumb/v7e-m+fp/hard\libc_nano.a(libc_a-nano-vfprintf_i.o)
                0x0800f3c0                _printf_i
 .text._scanf_float
                0x0800f5fc      0x41c C:/ST/STM32CubeIDE_1.14.1/STM32CubeIDE/plugins/com.st.stm32cube.ide.mcu.externaltools.gnu-tools-for-stm32.13.3.rel1.win32_1.0.0.202411081344/tools/bin/../lib/gcc/arm-none-eabi/13.3.1/../../../../arm-none-eabi/lib/thumb/v7e-m+fp/hard\libc_nano.a(libc_a-nano-vfscanf_float.o)
                0x0800f5fc                _scanf_float
 .text._fclose_r
                0x0800fa18       0xac C:/ST/STM32CubeIDE_1.14.1/STM32CubeIDE/plugins/com.st.stm32cube.ide.mcu.externaltools.gnu-tools-for-stm32.13.3.rel1.win32_1.0.0.202411081344/tools/bin/../lib/gcc/arm-none-eabi/13.3.1/../../../../arm-none-eabi/lib/thumb/v7e-m+fp/hard\libc_nano.a(libc_a-fclose.o)
                0x0800fa18                _fclose_r
 .text.fclose   0x0800fac4       0x10 C:/ST/STM32CubeIDE_1.14.1/STM32CubeIDE/plugins/com.st.stm32cube.ide.mcu.externaltools.gnu-tools-for-stm32.13.3.rel1.win32_1.0.0.202411081344/tools/bin/../lib/gcc/arm-none-eabi/13.3.1/../../../../arm-none-eabi/lib/thumb/v7e-m+fp/hard\libc_nano.a(libc_a-fclose.o)
                0x0800fac4                fclose
 .text.__sflush_r
                0x0800fad4      0x108 C:/ST/STM32CubeIDE_1.14.1/STM32CubeIDE/plugins/com.st.stm32cube.ide.mcu.externaltools.gnu-tools-for-stm32.13.3.rel1.win32_1.0.0.202411081344/tools/bin/../lib/gcc/arm-none-eabi/13.3.1/../../../../arm-none-eabi/lib/thumb/v7e-m+fp/hard\libc_nano.a(libc_a-fflush.o)
                0x0800fad4                __sflush_r
 .text._fflush_r
                0x0800fbdc       0x50 C:/ST/STM32CubeIDE_1.14.1/STM32CubeIDE/plugins/com.st.stm32cube.ide.mcu.externaltools.gnu-tools-for-stm32.13.3.rel1.win32_1.0.0.202411081344/tools/bin/../lib/gcc/arm-none-eabi/13.3.1/../../../../arm-none-eabi/lib/thumb/v7e-m+fp/hard\libc_nano.a(libc_a-fflush.o)
                0x0800fbdc                _fflush_r
 .text.fflush   0x0800fc2c       0x28 C:/ST/STM32CubeIDE_1.14.1/STM32CubeIDE/plugins/com.st.stm32cube.ide.mcu.externaltools.gnu-tools-for-stm32.13.3.rel1.win32_1.0.0.202411081344/tools/bin/../lib/gcc/arm-none-eabi/13.3.1/../../../../arm-none-eabi/lib/thumb/v7e-m+fp/hard\libc_nano.a(libc_a-fflush.o)
                0x0800fc2c                fflush
 .text.std      0x0800fc54       0x6c C:/ST/STM32CubeIDE_1.14.1/STM32CubeIDE/plugins/com.st.stm32cube.ide.mcu.externaltools.gnu-tools-for-stm32.13.3.rel1.win32_1.0.0.202411081344/tools/bin/../lib/gcc/arm-none-eabi/13.3.1/../../../../arm-none-eabi/lib/thumb/v7e-m+fp/hard\libc_nano.a(libc_a-findfp.o)
 .text.stdio_exit_handler
                0x0800fcc0       0x18 C:/ST/STM32CubeIDE_1.14.1/STM32CubeIDE/plugins/com.st.stm32cube.ide.mcu.externaltools.gnu-tools-for-stm32.13.3.rel1.win32_1.0.0.202411081344/tools/bin/../lib/gcc/arm-none-eabi/13.3.1/../../../../arm-none-eabi/lib/thumb/v7e-m+fp/hard\libc_nano.a(libc_a-findfp.o)
 .text.cleanup_stdio
                0x0800fcd8       0x40 C:/ST/STM32CubeIDE_1.14.1/STM32CubeIDE/plugins/com.st.stm32cube.ide.mcu.externaltools.gnu-tools-for-stm32.13.3.rel1.win32_1.0.0.202411081344/tools/bin/../lib/gcc/arm-none-eabi/13.3.1/../../../../arm-none-eabi/lib/thumb/v7e-m+fp/hard\libc_nano.a(libc_a-findfp.o)
 .text.global_stdio_init.part.0
                0x0800fd18       0x3c C:/ST/STM32CubeIDE_1.14.1/STM32CubeIDE/plugins/com.st.stm32cube.ide.mcu.externaltools.gnu-tools-for-stm32.13.3.rel1.win32_1.0.0.202411081344/tools/bin/../lib/gcc/arm-none-eabi/13.3.1/../../../../arm-none-eabi/lib/thumb/v7e-m+fp/hard\libc_nano.a(libc_a-findfp.o)
 .text.__sfp_lock_acquire
                0x0800fd54        0xc C:/ST/STM32CubeIDE_1.14.1/STM32CubeIDE/plugins/com.st.stm32cube.ide.mcu.externaltools.gnu-tools-for-stm32.13.3.rel1.win32_1.0.0.202411081344/tools/bin/../lib/gcc/arm-none-eabi/13.3.1/../../../../arm-none-eabi/lib/thumb/v7e-m+fp/hard\libc_nano.a(libc_a-findfp.o)
                0x0800fd54                __sfp_lock_acquire
 .text.__sfp_lock_release
                0x0800fd60        0xc C:/ST/STM32CubeIDE_1.14.1/STM32CubeIDE/plugins/com.st.stm32cube.ide.mcu.externaltools.gnu-tools-for-stm32.13.3.rel1.win32_1.0.0.202411081344/tools/bin/../lib/gcc/arm-none-eabi/13.3.1/../../../../arm-none-eabi/lib/thumb/v7e-m+fp/hard\libc_nano.a(libc_a-findfp.o)
                0x0800fd60                __sfp_lock_release
 .text.__sfp    0x0800fd6c       0xa4 C:/ST/STM32CubeIDE_1.14.1/STM32CubeIDE/plugins/com.st.stm32cube.ide.mcu.externaltools.gnu-tools-for-stm32.13.3.rel1.win32_1.0.0.202411081344/tools/bin/../lib/gcc/arm-none-eabi/13.3.1/../../../../arm-none-eabi/lib/thumb/v7e-m+fp/hard\libc_nano.a(libc_a-findfp.o)
                0x0800fd6c                __sfp
 .text.__sinit  0x0800fe10       0x30 C:/ST/STM32CubeIDE_1.14.1/STM32CubeIDE/plugins/com.st.stm32cube.ide.mcu.externaltools.gnu-tools-for-stm32.13.3.rel1.win32_1.0.0.202411081344/tools/bin/../lib/gcc/arm-none-eabi/13.3.1/../../../../arm-none-eabi/lib/thumb/v7e-m+fp/hard\libc_nano.a(libc_a-findfp.o)
                0x0800fe10                __sinit
 .text.fprintf  0x0800fe40       0x24 C:/ST/STM32CubeIDE_1.14.1/STM32CubeIDE/plugins/com.st.stm32cube.ide.mcu.externaltools.gnu-tools-for-stm32.13.3.rel1.win32_1.0.0.202411081344/tools/bin/../lib/gcc/arm-none-eabi/13.3.1/../../../../arm-none-eabi/lib/thumb/v7e-m+fp/hard\libc_nano.a(libc_a-fprintf.o)
                0x0800fe40                fiprintf
                0x0800fe40                fprintf
 .text._fwalk_sglue
                0x0800fe64       0x3c C:/ST/STM32CubeIDE_1.14.1/STM32CubeIDE/plugins/com.st.stm32cube.ide.mcu.externaltools.gnu-tools-for-stm32.13.3.rel1.win32_1.0.0.202411081344/tools/bin/../lib/gcc/arm-none-eabi/13.3.1/../../../../arm-none-eabi/lib/thumb/v7e-m+fp/hard\libc_nano.a(libc_a-fwalk.o)
                0x0800fe64                _fwalk_sglue
 .text.getchar  0x0800fea0       0x10 C:/ST/STM32CubeIDE_1.14.1/STM32CubeIDE/plugins/com.st.stm32cube.ide.mcu.externaltools.gnu-tools-for-stm32.13.3.rel1.win32_1.0.0.202411081344/tools/bin/../lib/gcc/arm-none-eabi/13.3.1/../../../../arm-none-eabi/lib/thumb/v7e-m+fp/hard\libc_nano.a(libc_a-getchar.o)
                0x0800fea0                getchar
 .text.printf   0x0800feb0       0x24 C:/ST/STM32CubeIDE_1.14.1/STM32CubeIDE/plugins/com.st.stm32cube.ide.mcu.externaltools.gnu-tools-for-stm32.13.3.rel1.win32_1.0.0.202411081344/tools/bin/../lib/gcc/arm-none-eabi/13.3.1/../../../../arm-none-eabi/lib/thumb/v7e-m+fp/hard\libc_nano.a(libc_a-printf.o)
                0x0800feb0                iprintf
                0x0800feb0                printf
 .text.putchar  0x0800fed4       0x10 C:/ST/STM32CubeIDE_1.14.1/STM32CubeIDE/plugins/com.st.stm32cube.ide.mcu.externaltools.gnu-tools-for-stm32.13.3.rel1.win32_1.0.0.202411081344/tools/bin/../lib/gcc/arm-none-eabi/13.3.1/../../../../arm-none-eabi/lib/thumb/v7e-m+fp/hard\libc_nano.a(libc_a-putchar.o)
                0x0800fed4                putchar
 .text._puts_r  0x0800fee4       0xaa C:/ST/STM32CubeIDE_1.14.1/STM32CubeIDE/plugins/com.st.stm32cube.ide.mcu.externaltools.gnu-tools-for-stm32.13.3.rel1.win32_1.0.0.202411081344/tools/bin/../lib/gcc/arm-none-eabi/13.3.1/../../../../arm-none-eabi/lib/thumb/v7e-m+fp/hard\libc_nano.a(libc_a-puts.o)
                0x0800fee4                _puts_r
 *fill*         0x0800ff8e        0x2 
 .text.puts     0x0800ff90       0x10 C:/ST/STM32CubeIDE_1.14.1/STM32CubeIDE/plugins/com.st.stm32cube.ide.mcu.externaltools.gnu-tools-for-stm32.13.3.rel1.win32_1.0.0.202411081344/tools/bin/../lib/gcc/arm-none-eabi/13.3.1/../../../../arm-none-eabi/lib/thumb/v7e-m+fp/hard\libc_nano.a(libc_a-puts.o)
                0x0800ff90                puts
 .text.sprintf  0x0800ffa0       0x44 C:/ST/STM32CubeIDE_1.14.1/STM32CubeIDE/plugins/com.st.stm32cube.ide.mcu.externaltools.gnu-tools-for-stm32.13.3.rel1.win32_1.0.0.202411081344/tools/bin/../lib/gcc/arm-none-eabi/13.3.1/../../../../arm-none-eabi/lib/thumb/v7e-m+fp/hard\libc_nano.a(libc_a-sprintf.o)
                0x0800ffa0                siprintf
                0x0800ffa0                sprintf
 .text.__sread  0x0800ffe4       0x22 C:/ST/STM32CubeIDE_1.14.1/STM32CubeIDE/plugins/com.st.stm32cube.ide.mcu.externaltools.gnu-tools-for-stm32.13.3.rel1.win32_1.0.0.202411081344/tools/bin/../lib/gcc/arm-none-eabi/13.3.1/../../../../arm-none-eabi/lib/thumb/v7e-m+fp/hard\libc_nano.a(libc_a-stdio.o)
                0x0800ffe4                __sread
 .text.__swrite
                0x08010006       0x38 C:/ST/STM32CubeIDE_1.14.1/STM32CubeIDE/plugins/com.st.stm32cube.ide.mcu.externaltools.gnu-tools-for-stm32.13.3.rel1.win32_1.0.0.202411081344/tools/bin/../lib/gcc/arm-none-eabi/13.3.1/../../../../arm-none-eabi/lib/thumb/v7e-m+fp/hard\libc_nano.a(libc_a-stdio.o)
                0x08010006                __swrite
 .text.__sseek  0x0801003e       0x24 C:/ST/STM32CubeIDE_1.14.1/STM32CubeIDE/plugins/com.st.stm32cube.ide.mcu.externaltools.gnu-tools-for-stm32.13.3.rel1.win32_1.0.0.202411081344/tools/bin/../lib/gcc/arm-none-eabi/13.3.1/../../../../arm-none-eabi/lib/thumb/v7e-m+fp/hard\libc_nano.a(libc_a-stdio.o)
                0x0801003e                __sseek
 .text.__sclose
                0x08010062        0x8 C:/ST/STM32CubeIDE_1.14.1/STM32CubeIDE/plugins/com.st.stm32cube.ide.mcu.externaltools.gnu-tools-for-stm32.13.3.rel1.win32_1.0.0.202411081344/tools/bin/../lib/gcc/arm-none-eabi/13.3.1/../../../../arm-none-eabi/lib/thumb/v7e-m+fp/hard\libc_nano.a(libc_a-stdio.o)
                0x08010062                __sclose
 .text.__swbuf_r
                0x0801006a       0x7c C:/ST/STM32CubeIDE_1.14.1/STM32CubeIDE/plugins/com.st.stm32cube.ide.mcu.externaltools.gnu-tools-for-stm32.13.3.rel1.win32_1.0.0.202411081344/tools/bin/../lib/gcc/arm-none-eabi/13.3.1/../../../../arm-none-eabi/lib/thumb/v7e-m+fp/hard\libc_nano.a(libc_a-wbuf.o)
                0x0801006a                __swbuf_r
 *fill*         0x080100e6        0x2 
 .text.__swsetup_r
                0x080100e8       0xac C:/ST/STM32CubeIDE_1.14.1/STM32CubeIDE/plugins/com.st.stm32cube.ide.mcu.externaltools.gnu-tools-for-stm32.13.3.rel1.win32_1.0.0.202411081344/tools/bin/../lib/gcc/arm-none-eabi/13.3.1/../../../../arm-none-eabi/lib/thumb/v7e-m+fp/hard\libc_nano.a(libc_a-wsetup.o)
                0x080100e8                __swsetup_r
 .text.funcloser
                0x08010194       0x38 C:/ST/STM32CubeIDE_1.14.1/STM32CubeIDE/plugins/com.st.stm32cube.ide.mcu.externaltools.gnu-tools-for-stm32.13.3.rel1.win32_1.0.0.202411081344/tools/bin/../lib/gcc/arm-none-eabi/13.3.1/../../../../arm-none-eabi/lib/thumb/v7e-m+fp/hard\libc_nano.a(libc_a-funopen.o)
 .text.funwriter
                0x080101cc       0x34 C:/ST/STM32CubeIDE_1.14.1/STM32CubeIDE/plugins/com.st.stm32cube.ide.mcu.externaltools.gnu-tools-for-stm32.13.3.rel1.win32_1.0.0.202411081344/tools/bin/../lib/gcc/arm-none-eabi/13.3.1/../../../../arm-none-eabi/lib/thumb/v7e-m+fp/hard\libc_nano.a(libc_a-funopen.o)
 .text.funseeker
                0x08010200       0x34 C:/ST/STM32CubeIDE_1.14.1/STM32CubeIDE/plugins/com.st.stm32cube.ide.mcu.externaltools.gnu-tools-for-stm32.13.3.rel1.win32_1.0.0.202411081344/tools/bin/../lib/gcc/arm-none-eabi/13.3.1/../../../../arm-none-eabi/lib/thumb/v7e-m+fp/hard\libc_nano.a(libc_a-funopen.o)
 .text.funreader
                0x08010234       0x34 C:/ST/STM32CubeIDE_1.14.1/STM32CubeIDE/plugins/com.st.stm32cube.ide.mcu.externaltools.gnu-tools-for-stm32.13.3.rel1.win32_1.0.0.202411081344/tools/bin/../lib/gcc/arm-none-eabi/13.3.1/../../../../arm-none-eabi/lib/thumb/v7e-m+fp/hard\libc_nano.a(libc_a-funopen.o)
 .text._funopen_r
                0x08010268       0xd4 C:/ST/STM32CubeIDE_1.14.1/STM32CubeIDE/plugins/com.st.stm32cube.ide.mcu.externaltools.gnu-tools-for-stm32.13.3.rel1.win32_1.0.0.202411081344/tools/bin/../lib/gcc/arm-none-eabi/13.3.1/../../../../arm-none-eabi/lib/thumb/v7e-m+fp/hard\libc_nano.a(libc_a-funopen.o)
                0x08010268                _funopen_r
 .text.funopen  0x0801033c       0x20 C:/ST/STM32CubeIDE_1.14.1/STM32CubeIDE/plugins/com.st.stm32cube.ide.mcu.externaltools.gnu-tools-for-stm32.13.3.rel1.win32_1.0.0.202411081344/tools/bin/../lib/gcc/arm-none-eabi/13.3.1/../../../../arm-none-eabi/lib/thumb/v7e-m+fp/hard\libc_nano.a(libc_a-funopen.o)
                0x0801033c                funopen
 .text.memset   0x0801035c       0x10 C:/ST/STM32CubeIDE_1.14.1/STM32CubeIDE/plugins/com.st.stm32cube.ide.mcu.externaltools.gnu-tools-for-stm32.13.3.rel1.win32_1.0.0.202411081344/tools/bin/../lib/gcc/arm-none-eabi/13.3.1/../../../../arm-none-eabi/lib/thumb/v7e-m+fp/hard\libc_nano.a(libc_a-memset.o)
                0x0801035c                memset
 .text.strchr   0x0801036c       0x1a C:/ST/STM32CubeIDE_1.14.1/STM32CubeIDE/plugins/com.st.stm32cube.ide.mcu.externaltools.gnu-tools-for-stm32.13.3.rel1.win32_1.0.0.202411081344/tools/bin/../lib/gcc/arm-none-eabi/13.3.1/../../../../arm-none-eabi/lib/thumb/v7e-m+fp/hard\libc_nano.a(libc_a-strchr.o)
                0x0801036c                strchr
 .text.strncmp  0x08010386       0x24 C:/ST/STM32CubeIDE_1.14.1/STM32CubeIDE/plugins/com.st.stm32cube.ide.mcu.externaltools.gnu-tools-for-stm32.13.3.rel1.win32_1.0.0.202411081344/tools/bin/../lib/gcc/arm-none-eabi/13.3.1/../../../../arm-none-eabi/lib/thumb/v7e-m+fp/hard\libc_nano.a(libc_a-strncmp.o)
                0x08010386                strncmp
 .text.strnlen  0x080103aa       0x18 C:/ST/STM32CubeIDE_1.14.1/STM32CubeIDE/plugins/com.st.stm32cube.ide.mcu.externaltools.gnu-tools-for-stm32.13.3.rel1.win32_1.0.0.202411081344/tools/bin/../lib/gcc/arm-none-eabi/13.3.1/../../../../arm-none-eabi/lib/thumb/v7e-m+fp/hard\libc_nano.a(libc_a-strnlen.o)
                0x080103aa                strnlen
 *fill*         0x080103c2        0x2 
 .text.strtok   0x080103c4       0x68 C:/ST/STM32CubeIDE_1.14.1/STM32CubeIDE/plugins/com.st.stm32cube.ide.mcu.externaltools.gnu-tools-for-stm32.13.3.rel1.win32_1.0.0.202411081344/tools/bin/../lib/gcc/arm-none-eabi/13.3.1/../../../../arm-none-eabi/lib/thumb/v7e-m+fp/hard\libc_nano.a(libc_a-strtok.o)
                0x080103c4                strtok
 .text.__strtok_r
                0x0801042c       0x50 C:/ST/STM32CubeIDE_1.14.1/STM32CubeIDE/plugins/com.st.stm32cube.ide.mcu.externaltools.gnu-tools-for-stm32.13.3.rel1.win32_1.0.0.202411081344/tools/bin/../lib/gcc/arm-none-eabi/13.3.1/../../../../arm-none-eabi/lib/thumb/v7e-m+fp/hard\libc_nano.a(libc_a-strtok_r.o)
                0x0801042c                __strtok_r
 .text._localeconv_r
                0x0801047c        0x8 C:/ST/STM32CubeIDE_1.14.1/STM32CubeIDE/plugins/com.st.stm32cube.ide.mcu.externaltools.gnu-tools-for-stm32.13.3.rel1.win32_1.0.0.202411081344/tools/bin/../lib/gcc/arm-none-eabi/13.3.1/../../../../arm-none-eabi/lib/thumb/v7e-m+fp/hard\libc_nano.a(libc_a-localeconv.o)
                0x0801047c                _localeconv_r
 .text._close_r
                0x08010484       0x20 C:/ST/STM32CubeIDE_1.14.1/STM32CubeIDE/plugins/com.st.stm32cube.ide.mcu.externaltools.gnu-tools-for-stm32.13.3.rel1.win32_1.0.0.202411081344/tools/bin/../lib/gcc/arm-none-eabi/13.3.1/../../../../arm-none-eabi/lib/thumb/v7e-m+fp/hard\libc_nano.a(libc_a-closer.o)
                0x08010484                _close_r
 .text._reclaim_reent
                0x080104a4       0xbc C:/ST/STM32CubeIDE_1.14.1/STM32CubeIDE/plugins/com.st.stm32cube.ide.mcu.externaltools.gnu-tools-for-stm32.13.3.rel1.win32_1.0.0.202411081344/tools/bin/../lib/gcc/arm-none-eabi/13.3.1/../../../../arm-none-eabi/lib/thumb/v7e-m+fp/hard\libc_nano.a(libc_a-reent.o)
                0x080104a4                _reclaim_reent
 .text._lseek_r
                0x08010560       0x24 C:/ST/STM32CubeIDE_1.14.1/STM32CubeIDE/plugins/com.st.stm32cube.ide.mcu.externaltools.gnu-tools-for-stm32.13.3.rel1.win32_1.0.0.202411081344/tools/bin/../lib/gcc/arm-none-eabi/13.3.1/../../../../arm-none-eabi/lib/thumb/v7e-m+fp/hard\libc_nano.a(libc_a-lseekr.o)
                0x08010560                _lseek_r
 .text._read_r  0x08010584       0x24 C:/ST/STM32CubeIDE_1.14.1/STM32CubeIDE/plugins/com.st.stm32cube.ide.mcu.externaltools.gnu-tools-for-stm32.13.3.rel1.win32_1.0.0.202411081344/tools/bin/../lib/gcc/arm-none-eabi/13.3.1/../../../../arm-none-eabi/lib/thumb/v7e-m+fp/hard\libc_nano.a(libc_a-readr.o)
                0x08010584                _read_r
 .text._write_r
                0x080105a8       0x24 C:/ST/STM32CubeIDE_1.14.1/STM32CubeIDE/plugins/com.st.stm32cube.ide.mcu.externaltools.gnu-tools-for-stm32.13.3.rel1.win32_1.0.0.202411081344/tools/bin/../lib/gcc/arm-none-eabi/13.3.1/../../../../arm-none-eabi/lib/thumb/v7e-m+fp/hard\libc_nano.a(libc_a-writer.o)
                0x080105a8                _write_r
 .text.__errno  0x080105cc        0xc C:/ST/STM32CubeIDE_1.14.1/STM32CubeIDE/plugins/com.st.stm32cube.ide.mcu.externaltools.gnu-tools-for-stm32.13.3.rel1.win32_1.0.0.202411081344/tools/bin/../lib/gcc/arm-none-eabi/13.3.1/../../../../arm-none-eabi/lib/thumb/v7e-m+fp/hard\libc_nano.a(libc_a-errno.o)
                0x080105cc                __errno
 .text.__libc_init_array
                0x080105d8       0x48 C:/ST/STM32CubeIDE_1.14.1/STM32CubeIDE/plugins/com.st.stm32cube.ide.mcu.externaltools.gnu-tools-for-stm32.13.3.rel1.win32_1.0.0.202411081344/tools/bin/../lib/gcc/arm-none-eabi/13.3.1/../../../../arm-none-eabi/lib/thumb/v7e-m+fp/hard\libc_nano.a(libc_a-init.o)
                0x080105d8                __libc_init_array
 .text.__retarget_lock_init_recursive
                0x08010620        0x2 C:/ST/STM32CubeIDE_1.14.1/STM32CubeIDE/plugins/com.st.stm32cube.ide.mcu.externaltools.gnu-tools-for-stm32.13.3.rel1.win32_1.0.0.202411081344/tools/bin/../lib/gcc/arm-none-eabi/13.3.1/../../../../arm-none-eabi/lib/thumb/v7e-m+fp/hard\libc_nano.a(libc_a-lock.o)
                0x08010620                __retarget_lock_init_recursive
 .text.__retarget_lock_close_recursive
                0x08010622        0x2 C:/ST/STM32CubeIDE_1.14.1/STM32CubeIDE/plugins/com.st.stm32cube.ide.mcu.externaltools.gnu-tools-for-stm32.13.3.rel1.win32_1.0.0.202411081344/tools/bin/../lib/gcc/arm-none-eabi/13.3.1/../../../../arm-none-eabi/lib/thumb/v7e-m+fp/hard\libc_nano.a(libc_a-lock.o)
                0x08010622                __retarget_lock_close_recursive
 .text.__retarget_lock_acquire_recursive
                0x08010624        0x2 C:/ST/STM32CubeIDE_1.14.1/STM32CubeIDE/plugins/com.st.stm32cube.ide.mcu.externaltools.gnu-tools-for-stm32.13.3.rel1.win32_1.0.0.202411081344/tools/bin/../lib/gcc/arm-none-eabi/13.3.1/../../../../arm-none-eabi/lib/thumb/v7e-m+fp/hard\libc_nano.a(libc_a-lock.o)
                0x08010624                __retarget_lock_acquire_recursive
 .text.__retarget_lock_release_recursive
                0x08010626        0x2 C:/ST/STM32CubeIDE_1.14.1/STM32CubeIDE/plugins/com.st.stm32cube.ide.mcu.externaltools.gnu-tools-for-stm32.13.3.rel1.win32_1.0.0.202411081344/tools/bin/../lib/gcc/arm-none-eabi/13.3.1/../../../../arm-none-eabi/lib/thumb/v7e-m+fp/hard\libc_nano.a(libc_a-lock.o)
                0x08010626                __retarget_lock_release_recursive
 .text.memcpy   0x08010628       0x1c C:/ST/STM32CubeIDE_1.14.1/STM32CubeIDE/plugins/com.st.stm32cube.ide.mcu.externaltools.gnu-tools-for-stm32.13.3.rel1.win32_1.0.0.202411081344/tools/bin/../lib/gcc/arm-none-eabi/13.3.1/../../../../arm-none-eabi/lib/thumb/v7e-m+fp/hard\libc_nano.a(libc_a-memcpy-stub.o)
                0x08010628                memcpy
 *fill*         0x08010644        0x4 
 .text.nan      0x08010648       0x10 C:/ST/STM32CubeIDE_1.14.1/STM32CubeIDE/plugins/com.st.stm32cube.ide.mcu.externaltools.gnu-tools-for-stm32.13.3.rel1.win32_1.0.0.202411081344/tools/bin/../lib/gcc/arm-none-eabi/13.3.1/../../../../arm-none-eabi/lib/thumb/v7e-m+fp/hard\libc_nano.a(libm_a-s_nan.o)
                0x08010648                nan
 .text.nanf     0x08010658        0xc C:/ST/STM32CubeIDE_1.14.1/STM32CubeIDE/plugins/com.st.stm32cube.ide.mcu.externaltools.gnu-tools-for-stm32.13.3.rel1.win32_1.0.0.202411081344/tools/bin/../lib/gcc/arm-none-eabi/13.3.1/../../../../arm-none-eabi/lib/thumb/v7e-m+fp/hard\libc_nano.a(libm_a-sf_nan.o)
                0x08010658                nanf
 .text.abort    0x08010664        0xe C:/ST/STM32CubeIDE_1.14.1/STM32CubeIDE/plugins/com.st.stm32cube.ide.mcu.externaltools.gnu-tools-for-stm32.13.3.rel1.win32_1.0.0.202411081344/tools/bin/../lib/gcc/arm-none-eabi/13.3.1/../../../../arm-none-eabi/lib/thumb/v7e-m+fp/hard\libc_nano.a(libc_a-abort.o)
                0x08010664                abort
 .text.quorem   0x08010672      0x110 C:/ST/STM32CubeIDE_1.14.1/STM32CubeIDE/plugins/com.st.stm32cube.ide.mcu.externaltools.gnu-tools-for-stm32.13.3.rel1.win32_1.0.0.202411081344/tools/bin/../lib/gcc/arm-none-eabi/13.3.1/../../../../arm-none-eabi/lib/thumb/v7e-m+fp/hard\libc_nano.a(libc_a-dtoa.o)
 *fill*         0x08010782        0x6 
 .text._dtoa_r  0x08010788      0xba0 C:/ST/STM32CubeIDE_1.14.1/STM32CubeIDE/plugins/com.st.stm32cube.ide.mcu.externaltools.gnu-tools-for-stm32.13.3.rel1.win32_1.0.0.202411081344/tools/bin/../lib/gcc/arm-none-eabi/13.3.1/../../../../arm-none-eabi/lib/thumb/v7e-m+fp/hard\libc_nano.a(libc_a-dtoa.o)
                0x08010788                _dtoa_r
 .text._free_r  0x08011328       0x94 C:/ST/STM32CubeIDE_1.14.1/STM32CubeIDE/plugins/com.st.stm32cube.ide.mcu.externaltools.gnu-tools-for-stm32.13.3.rel1.win32_1.0.0.202411081344/tools/bin/../lib/gcc/arm-none-eabi/13.3.1/../../../../arm-none-eabi/lib/thumb/v7e-m+fp/hard\libc_nano.a(libc_a-freer.o)
                0x08011328                _free_r
 .text.rshift   0x080113bc       0xa4 C:/ST/STM32CubeIDE_1.14.1/STM32CubeIDE/plugins/com.st.stm32cube.ide.mcu.externaltools.gnu-tools-for-stm32.13.3.rel1.win32_1.0.0.202411081344/tools/bin/../lib/gcc/arm-none-eabi/13.3.1/../../../../arm-none-eabi/lib/thumb/v7e-m+fp/hard\libc_nano.a(libc_a-gdtoa-gethex.o)
 .text.__hexdig_fun
                0x08011460       0x2a C:/ST/STM32CubeIDE_1.14.1/STM32CubeIDE/plugins/com.st.stm32cube.ide.mcu.externaltools.gnu-tools-for-stm32.13.3.rel1.win32_1.0.0.202411081344/tools/bin/../lib/gcc/arm-none-eabi/13.3.1/../../../../arm-none-eabi/lib/thumb/v7e-m+fp/hard\libc_nano.a(libc_a-gdtoa-gethex.o)
                0x08011460                __hexdig_fun
 *fill*         0x0801148a        0x2 
 .text.__gethex
                0x0801148c      0x420 C:/ST/STM32CubeIDE_1.14.1/STM32CubeIDE/plugins/com.st.stm32cube.ide.mcu.externaltools.gnu-tools-for-stm32.13.3.rel1.win32_1.0.0.202411081344/tools/bin/../lib/gcc/arm-none-eabi/13.3.1/../../../../arm-none-eabi/lib/thumb/v7e-m+fp/hard\libc_nano.a(libc_a-gdtoa-gethex.o)
                0x0801148c                __gethex
 .text.L_shift  0x080118ac       0x24 C:/ST/STM32CubeIDE_1.14.1/STM32CubeIDE/plugins/com.st.stm32cube.ide.mcu.externaltools.gnu-tools-for-stm32.13.3.rel1.win32_1.0.0.202411081344/tools/bin/../lib/gcc/arm-none-eabi/13.3.1/../../../../arm-none-eabi/lib/thumb/v7e-m+fp/hard\libc_nano.a(libc_a-gdtoa-hexnan.o)
 .text.__match  0x080118d0       0x28 C:/ST/STM32CubeIDE_1.14.1/STM32CubeIDE/plugins/com.st.stm32cube.ide.mcu.externaltools.gnu-tools-for-stm32.13.3.rel1.win32_1.0.0.202411081344/tools/bin/../lib/gcc/arm-none-eabi/13.3.1/../../../../arm-none-eabi/lib/thumb/v7e-m+fp/hard\libc_nano.a(libc_a-gdtoa-hexnan.o)
                0x080118d0                __match
 .text.__hexnan
                0x080118f8      0x136 C:/ST/STM32CubeIDE_1.14.1/STM32CubeIDE/plugins/com.st.stm32cube.ide.mcu.externaltools.gnu-tools-for-stm32.13.3.rel1.win32_1.0.0.202411081344/tools/bin/../lib/gcc/arm-none-eabi/13.3.1/../../../../arm-none-eabi/lib/thumb/v7e-m+fp/hard\libc_nano.a(libc_a-gdtoa-hexnan.o)
                0x080118f8                __hexnan
 *fill*         0x08011a2e        0x2 
 .text._mallinfo_r
                0x08011a30       0x68 C:/ST/STM32CubeIDE_1.14.1/STM32CubeIDE/plugins/com.st.stm32cube.ide.mcu.externaltools.gnu-tools-for-stm32.13.3.rel1.win32_1.0.0.202411081344/tools/bin/../lib/gcc/arm-none-eabi/13.3.1/../../../../arm-none-eabi/lib/thumb/v7e-m+fp/hard\libc_nano.a(libc_a-mallinfor.o)
                0x08011a30                _mallinfo_r
 .text.__ascii_mbtowc
                0x08011a98       0x24 C:/ST/STM32CubeIDE_1.14.1/STM32CubeIDE/plugins/com.st.stm32cube.ide.mcu.externaltools.gnu-tools-for-stm32.13.3.rel1.win32_1.0.0.202411081344/tools/bin/../lib/gcc/arm-none-eabi/13.3.1/../../../../arm-none-eabi/lib/thumb/v7e-m+fp/hard\libc_nano.a(libc_a-mbtowc_r.o)
                0x08011a98                __ascii_mbtowc
 .text._Balloc  0x08011abc       0x80 C:/ST/STM32CubeIDE_1.14.1/STM32CubeIDE/plugins/com.st.stm32cube.ide.mcu.externaltools.gnu-tools-for-stm32.13.3.rel1.win32_1.0.0.202411081344/tools/bin/../lib/gcc/arm-none-eabi/13.3.1/../../../../arm-none-eabi/lib/thumb/v7e-m+fp/hard\libc_nano.a(libc_a-mprec.o)
                0x08011abc                _Balloc
 .text._Bfree   0x08011b3c       0x44 C:/ST/STM32CubeIDE_1.14.1/STM32CubeIDE/plugins/com.st.stm32cube.ide.mcu.externaltools.gnu-tools-for-stm32.13.3.rel1.win32_1.0.0.202411081344/tools/bin/../lib/gcc/arm-none-eabi/13.3.1/../../../../arm-none-eabi/lib/thumb/v7e-m+fp/hard\libc_nano.a(libc_a-mprec.o)
                0x08011b3c                _Bfree
 .text.__multadd
                0x08011b80       0x8c C:/ST/STM32CubeIDE_1.14.1/STM32CubeIDE/plugins/com.st.stm32cube.ide.mcu.externaltools.gnu-tools-for-stm32.13.3.rel1.win32_1.0.0.202411081344/tools/bin/../lib/gcc/arm-none-eabi/13.3.1/../../../../arm-none-eabi/lib/thumb/v7e-m+fp/hard\libc_nano.a(libc_a-mprec.o)
                0x08011b80                __multadd
 .text.__s2b    0x08011c0c       0x94 C:/ST/STM32CubeIDE_1.14.1/STM32CubeIDE/plugins/com.st.stm32cube.ide.mcu.externaltools.gnu-tools-for-stm32.13.3.rel1.win32_1.0.0.202411081344/tools/bin/../lib/gcc/arm-none-eabi/13.3.1/../../../../arm-none-eabi/lib/thumb/v7e-m+fp/hard\libc_nano.a(libc_a-mprec.o)
                0x08011c0c                __s2b
 .text.__hi0bits
                0x08011ca0       0x3e C:/ST/STM32CubeIDE_1.14.1/STM32CubeIDE/plugins/com.st.stm32cube.ide.mcu.externaltools.gnu-tools-for-stm32.13.3.rel1.win32_1.0.0.202411081344/tools/bin/../lib/gcc/arm-none-eabi/13.3.1/../../../../arm-none-eabi/lib/thumb/v7e-m+fp/hard\libc_nano.a(libc_a-mprec.o)
                0x08011ca0                __hi0bits
 .text.__lo0bits
                0x08011cde       0x5a C:/ST/STM32CubeIDE_1.14.1/STM32CubeIDE/plugins/com.st.stm32cube.ide.mcu.externaltools.gnu-tools-for-stm32.13.3.rel1.win32_1.0.0.202411081344/tools/bin/../lib/gcc/arm-none-eabi/13.3.1/../../../../arm-none-eabi/lib/thumb/v7e-m+fp/hard\libc_nano.a(libc_a-mprec.o)
                0x08011cde                __lo0bits
 .text.__i2b    0x08011d38       0x2c C:/ST/STM32CubeIDE_1.14.1/STM32CubeIDE/plugins/com.st.stm32cube.ide.mcu.externaltools.gnu-tools-for-stm32.13.3.rel1.win32_1.0.0.202411081344/tools/bin/../lib/gcc/arm-none-eabi/13.3.1/../../../../arm-none-eabi/lib/thumb/v7e-m+fp/hard\libc_nano.a(libc_a-mprec.o)
                0x08011d38                __i2b
 .text.__multiply
                0x08011d64      0x144 C:/ST/STM32CubeIDE_1.14.1/STM32CubeIDE/plugins/com.st.stm32cube.ide.mcu.externaltools.gnu-tools-for-stm32.13.3.rel1.win32_1.0.0.202411081344/tools/bin/../lib/gcc/arm-none-eabi/13.3.1/../../../../arm-none-eabi/lib/thumb/v7e-m+fp/hard\libc_nano.a(libc_a-mprec.o)
                0x08011d64                __multiply
 .text.__pow5mult
                0x08011ea8       0xb4 C:/ST/STM32CubeIDE_1.14.1/STM32CubeIDE/plugins/com.st.stm32cube.ide.mcu.externaltools.gnu-tools-for-stm32.13.3.rel1.win32_1.0.0.202411081344/tools/bin/../lib/gcc/arm-none-eabi/13.3.1/../../../../arm-none-eabi/lib/thumb/v7e-m+fp/hard\libc_nano.a(libc_a-mprec.o)
                0x08011ea8                __pow5mult
 .text.__lshift
                0x08011f5c       0xd8 C:/ST/STM32CubeIDE_1.14.1/STM32CubeIDE/plugins/com.st.stm32cube.ide.mcu.externaltools.gnu-tools-for-stm32.13.3.rel1.win32_1.0.0.202411081344/tools/bin/../lib/gcc/arm-none-eabi/13.3.1/../../../../arm-none-eabi/lib/thumb/v7e-m+fp/hard\libc_nano.a(libc_a-mprec.o)
                0x08011f5c                __lshift
 .text.__mcmp   0x08012034       0x36 C:/ST/STM32CubeIDE_1.14.1/STM32CubeIDE/plugins/com.st.stm32cube.ide.mcu.externaltools.gnu-tools-for-stm32.13.3.rel1.win32_1.0.0.202411081344/tools/bin/../lib/gcc/arm-none-eabi/13.3.1/../../../../arm-none-eabi/lib/thumb/v7e-m+fp/hard\libc_nano.a(libc_a-mprec.o)
                0x08012034                __mcmp
 *fill*         0x0801206a        0x2 
 .text.__mdiff  0x0801206c      0x128 C:/ST/STM32CubeIDE_1.14.1/STM32CubeIDE/plugins/com.st.stm32cube.ide.mcu.externaltools.gnu-tools-for-stm32.13.3.rel1.win32_1.0.0.202411081344/tools/bin/../lib/gcc/arm-none-eabi/13.3.1/../../../../arm-none-eabi/lib/thumb/v7e-m+fp/hard\libc_nano.a(libc_a-mprec.o)
                0x0801206c                __mdiff
 .text.__ulp    0x08012194       0x4c C:/ST/STM32CubeIDE_1.14.1/STM32CubeIDE/plugins/com.st.stm32cube.ide.mcu.externaltools.gnu-tools-for-stm32.13.3.rel1.win32_1.0.0.202411081344/tools/bin/../lib/gcc/arm-none-eabi/13.3.1/../../../../arm-none-eabi/lib/thumb/v7e-m+fp/hard\libc_nano.a(libc_a-mprec.o)
                0x08012194                __ulp
 .text.__b2d    0x080121e0       0x94 C:/ST/STM32CubeIDE_1.14.1/STM32CubeIDE/plugins/com.st.stm32cube.ide.mcu.externaltools.gnu-tools-for-stm32.13.3.rel1.win32_1.0.0.202411081344/tools/bin/../lib/gcc/arm-none-eabi/13.3.1/../../../../arm-none-eabi/lib/thumb/v7e-m+fp/hard\libc_nano.a(libc_a-mprec.o)
                0x080121e0                __b2d
 .text.__d2b    0x08012274       0xb0 C:/ST/STM32CubeIDE_1.14.1/STM32CubeIDE/plugins/com.st.stm32cube.ide.mcu.externaltools.gnu-tools-for-stm32.13.3.rel1.win32_1.0.0.202411081344/tools/bin/../lib/gcc/arm-none-eabi/13.3.1/../../../../arm-none-eabi/lib/thumb/v7e-m+fp/hard\libc_nano.a(libc_a-mprec.o)
                0x08012274                __d2b
 .text.__ratio  0x08012324       0x64 C:/ST/STM32CubeIDE_1.14.1/STM32CubeIDE/plugins/com.st.stm32cube.ide.mcu.externaltools.gnu-tools-for-stm32.13.3.rel1.win32_1.0.0.202411081344/tools/bin/../lib/gcc/arm-none-eabi/13.3.1/../../../../arm-none-eabi/lib/thumb/v7e-m+fp/hard\libc_nano.a(libc_a-mprec.o)
                0x08012324                __ratio
 .text.__copybits
                0x08012388       0x46 C:/ST/STM32CubeIDE_1.14.1/STM32CubeIDE/plugins/com.st.stm32cube.ide.mcu.externaltools.gnu-tools-for-stm32.13.3.rel1.win32_1.0.0.202411081344/tools/bin/../lib/gcc/arm-none-eabi/13.3.1/../../../../arm-none-eabi/lib/thumb/v7e-m+fp/hard\libc_nano.a(libc_a-mprec.o)
                0x08012388                __copybits
 .text.__any_on
                0x080123ce       0x42 C:/ST/STM32CubeIDE_1.14.1/STM32CubeIDE/plugins/com.st.stm32cube.ide.mcu.externaltools.gnu-tools-for-stm32.13.3.rel1.win32_1.0.0.202411081344/tools/bin/../lib/gcc/arm-none-eabi/13.3.1/../../../../arm-none-eabi/lib/thumb/v7e-m+fp/hard\libc_nano.a(libc_a-mprec.o)
                0x080123ce                __any_on
 .text._realloc_r
                0x08012410       0x5c C:/ST/STM32CubeIDE_1.14.1/STM32CubeIDE/plugins/com.st.stm32cube.ide.mcu.externaltools.gnu-tools-for-stm32.13.3.rel1.win32_1.0.0.202411081344/tools/bin/../lib/gcc/arm-none-eabi/13.3.1/../../../../arm-none-eabi/lib/thumb/v7e-m+fp/hard\libc_nano.a(libc_a-reallocr.o)
                0x08012410                _realloc_r
 .text._strtol_l.isra.0
                0x0801246c       0xf4 C:/ST/STM32CubeIDE_1.14.1/STM32CubeIDE/plugins/com.st.stm32cube.ide.mcu.externaltools.gnu-tools-for-stm32.13.3.rel1.win32_1.0.0.202411081344/tools/bin/../lib/gcc/arm-none-eabi/13.3.1/../../../../arm-none-eabi/lib/thumb/v7e-m+fp/hard\libc_nano.a(libc_a-strtol.o)
 .text._strtol_r
                0x08012560        0x4 C:/ST/STM32CubeIDE_1.14.1/STM32CubeIDE/plugins/com.st.stm32cube.ide.mcu.externaltools.gnu-tools-for-stm32.13.3.rel1.win32_1.0.0.202411081344/tools/bin/../lib/gcc/arm-none-eabi/13.3.1/../../../../arm-none-eabi/lib/thumb/v7e-m+fp/hard\libc_nano.a(libc_a-strtol.o)
                0x08012560                _strtol_r
 .text.__ascii_wctomb
                0x08012564       0x1a C:/ST/STM32CubeIDE_1.14.1/STM32CubeIDE/plugins/com.st.stm32cube.ide.mcu.externaltools.gnu-tools-for-stm32.13.3.rel1.win32_1.0.0.202411081344/tools/bin/../lib/gcc/arm-none-eabi/13.3.1/../../../../arm-none-eabi/lib/thumb/v7e-m+fp/hard\libc_nano.a(libc_a-wctomb_r.o)
                0x08012564                __ascii_wctomb
 .text.__ssputs_r
                0x0801257e       0xb6 C:/ST/STM32CubeIDE_1.14.1/STM32CubeIDE/plugins/com.st.stm32cube.ide.mcu.externaltools.gnu-tools-for-stm32.13.3.rel1.win32_1.0.0.202411081344/tools/bin/../lib/gcc/arm-none-eabi/13.3.1/../../../../arm-none-eabi/lib/thumb/v7e-m+fp/hard\libc_nano.a(libc_a-nano-svfprintf.o)
                0x0801257e                __ssputs_r
 .text._svfprintf_r
                0x08012634      0x1f8 C:/ST/STM32CubeIDE_1.14.1/STM32CubeIDE/plugins/com.st.stm32cube.ide.mcu.externaltools.gnu-tools-for-stm32.13.3.rel1.win32_1.0.0.202411081344/tools/bin/../lib/gcc/arm-none-eabi/13.3.1/../../../../arm-none-eabi/lib/thumb/v7e-m+fp/hard\libc_nano.a(libc_a-nano-svfprintf.o)
                0x08012634                _svfiprintf_r
                0x08012634                _svfprintf_r
 .text.__sfputc_r
                0x0801282c       0x2e C:/ST/STM32CubeIDE_1.14.1/STM32CubeIDE/plugins/com.st.stm32cube.ide.mcu.externaltools.gnu-tools-for-stm32.13.3.rel1.win32_1.0.0.202411081344/tools/bin/../lib/gcc/arm-none-eabi/13.3.1/../../../../arm-none-eabi/lib/thumb/v7e-m+fp/hard\libc_nano.a(libc_a-nano-vfprintf.o)
 .text.__sfputs_r
                0x0801285a       0x24 C:/ST/STM32CubeIDE_1.14.1/STM32CubeIDE/plugins/com.st.stm32cube.ide.mcu.externaltools.gnu-tools-for-stm32.13.3.rel1.win32_1.0.0.202411081344/tools/bin/../lib/gcc/arm-none-eabi/13.3.1/../../../../arm-none-eabi/lib/thumb/v7e-m+fp/hard\libc_nano.a(libc_a-nano-vfprintf.o)
                0x0801285a                __sfputs_r
 *fill*         0x0801287e        0x2 
 .text._vfprintf_r
                0x08012880      0x230 C:/ST/STM32CubeIDE_1.14.1/STM32CubeIDE/plugins/com.st.stm32cube.ide.mcu.externaltools.gnu-tools-for-stm32.13.3.rel1.win32_1.0.0.202411081344/tools/bin/../lib/gcc/arm-none-eabi/13.3.1/../../../../arm-none-eabi/lib/thumb/v7e-m+fp/hard\libc_nano.a(libc_a-nano-vfprintf.o)
                0x08012880                _vfprintf_r
                0x08012880                _vfiprintf_r
 .text._getc_r  0x08012ab0       0x56 C:/ST/STM32CubeIDE_1.14.1/STM32CubeIDE/plugins/com.st.stm32cube.ide.mcu.externaltools.gnu-tools-for-stm32.13.3.rel1.win32_1.0.0.202411081344/tools/bin/../lib/gcc/arm-none-eabi/13.3.1/../../../../arm-none-eabi/lib/thumb/v7e-m+fp/hard\libc_nano.a(libc_a-getc.o)
                0x08012ab0                _getc_r
 .text.__swhatbuf_r
                0x08012b06       0x4c C:/ST/STM32CubeIDE_1.14.1/STM32CubeIDE/plugins/com.st.stm32cube.ide.mcu.externaltools.gnu-tools-for-stm32.13.3.rel1.win32_1.0.0.202411081344/tools/bin/../lib/gcc/arm-none-eabi/13.3.1/../../../../arm-none-eabi/lib/thumb/v7e-m+fp/hard\libc_nano.a(libc_a-makebuf.o)
                0x08012b06                __swhatbuf_r
 .text.__smakebuf_r
                0x08012b52       0x78 C:/ST/STM32CubeIDE_1.14.1/STM32CubeIDE/plugins/com.st.stm32cube.ide.mcu.externaltools.gnu-tools-for-stm32.13.3.rel1.win32_1.0.0.202411081344/tools/bin/../lib/gcc/arm-none-eabi/13.3.1/../../../../arm-none-eabi/lib/thumb/v7e-m+fp/hard\libc_nano.a(libc_a-makebuf.o)
                0x08012b52                __smakebuf_r