Archive member included to satisfy reference by file (symbol)

G:/Programs/ST/STM32CubeIDE_1.18.1/STM32CubeIDE/plugins/com.st.stm32cube.ide.mcu.externaltools.gnu-tools-for-stm32.13.3.rel1.win32_1.0.0.202411081344/tools/bin/../lib/gcc/arm-none-eabi/13.3.1/../../../../arm-none-eabi/lib/thumb/v7e-m+fp/hard\libc_nano.a(libc_a-assert.o)
                              ./Core/Src/main.o (__assert_func)
G:/Programs/ST/STM32CubeIDE_1.18.1/STM32CubeIDE/plugins/com.st.stm32cube.ide.mcu.externaltools.gnu-tools-for-stm32.13.3.rel1.win32_1.0.0.202411081344/tools/bin/../lib/gcc/arm-none-eabi/13.3.1/../../../../arm-none-eabi/lib/thumb/v7e-m+fp/hard\libc_nano.a(libc_a-atof.o)
                              ./Core/Src/OwnCode/stepper.o (atof)
G:/Programs/ST/STM32CubeIDE_1.18.1/STM32CubeIDE/plugins/com.st.stm32cube.ide.mcu.externaltools.gnu-tools-for-stm32.13.3.rel1.win32_1.0.0.202411081344/tools/bin/../lib/gcc/arm-none-eabi/13.3.1/../../../../arm-none-eabi/lib/thumb/v7e-m+fp/hard\libc_nano.a(libc_a-atoi.o)
                              ./Core/Src/OwnCode/stepper.o (atoi)
G:/Programs/ST/STM32CubeIDE_1.18.1/STM32CubeIDE/plugins/com.st.stm32cube.ide.mcu.externaltools.gnu-tools-for-stm32.13.3.rel1.win32_1.0.0.202411081344/tools/bin/../lib/gcc/arm-none-eabi/13.3.1/../../../../arm-none-eabi/lib/thumb/v7e-m+fp/hard\libc_nano.a(libc_a-calloc.o)
                              ./Core/Src/Console/Console.o (calloc)
G:/Programs/ST/STM32CubeIDE_1.18.1/STM32CubeIDE/plugins/com.st.stm32cube.ide.mcu.externaltools.gnu-tools-for-stm32.13.3.rel1.win32_1.0.0.202411081344/tools/bin/../lib/gcc/arm-none-eabi/13.3.1/../../../../arm-none-eabi/lib/thumb/v7e-m+fp/hard\libc_nano.a(libc_a-callocr.o)
                              G:/Programs/ST/STM32CubeIDE_1.18.1/STM32CubeIDE/plugins/com.st.stm32cube.ide.mcu.externaltools.gnu-tools-for-stm32.13.3.rel1.win32_1.0.0.202411081344/tools/bin/../lib/gcc/arm-none-eabi/13.3.1/../../../../arm-none-eabi/lib/thumb/v7e-m+fp/hard\libc_nano.a(libc_a-calloc.o) (_calloc_r)
G:/Programs/ST/STM32CubeIDE_1.18.1/STM32CubeIDE/plugins/com.st.stm32cube.ide.mcu.externaltools.gnu-tools-for-stm32.13.3.rel1.win32_1.0.0.202411081344/tools/bin/../lib/gcc/arm-none-eabi/13.3.1/../../../../arm-none-eabi/lib/thumb/v7e-m+fp/hard\libc_nano.a(libc_a-exit.o)
                              G:/Programs/ST/STM32CubeIDE_1.18.1/STM32CubeIDE/plugins/com.st.stm32cube.ide.mcu.externaltools.gnu-tools-for-stm32.13.3.rel1.win32_1.0.0.202411081344/tools/bin/../lib/gcc/arm-none-eabi/13.3.1/../../../../arm-none-eabi/lib/thumb/v7e-m+fp/hard/crt0.o (exit)
G:/Programs/ST/STM32CubeIDE_1.18.1/STM32CubeIDE/plugins/com.st.stm32cube.ide.mcu.externaltools.gnu-tools-for-stm32.13.3.rel1.win32_1.0.0.202411081344/tools/bin/../lib/gcc/arm-none-eabi/13.3.1/../../../../arm-none-eabi/lib/thumb/v7e-m+fp/hard\libc_nano.a(libc_a-getenv.o)
                              ./Core/Src/Console/Console.o (getenv)
G:/Programs/ST/STM32CubeIDE_1.18.1/STM32CubeIDE/plugins/com.st.stm32cube.ide.mcu.externaltools.gnu-tools-for-stm32.13.3.rel1.win32_1.0.0.202411081344/tools/bin/../lib/gcc/arm-none-eabi/13.3.1/../../../../arm-none-eabi/lib/thumb/v7e-m+fp/hard\libc_nano.a(libc_a-getenv_r.o)
                              G:/Programs/ST/STM32CubeIDE_1.18.1/STM32CubeIDE/plugins/com.st.stm32cube.ide.mcu.externaltools.gnu-tools-for-stm32.13.3.rel1.win32_1.0.0.202411081344/tools/bin/../lib/gcc/arm-none-eabi/13.3.1/../../../../arm-none-eabi/lib/thumb/v7e-m+fp/hard\libc_nano.a(libc_a-getenv.o) (_findenv_r)
G:/Programs/ST/STM32CubeIDE_1.18.1/STM32CubeIDE/plugins/com.st.stm32cube.ide.mcu.externaltools.gnu-tools-for-stm32.13.3.rel1.win32_1.0.0.202411081344/tools/bin/../lib/gcc/arm-none-eabi/13.3.1/../../../../arm-none-eabi/lib/thumb/v7e-m+fp/hard\libc_nano.a(libc_a-malloc.o)
                              ./Core/Src/Console/Console.o (malloc)
G:/Programs/ST/STM32CubeIDE_1.18.1/STM32CubeIDE/plugins/com.st.stm32cube.ide.mcu.externaltools.gnu-tools-for-stm32.13.3.rel1.win32_1.0.0.202411081344/tools/bin/../lib/gcc/arm-none-eabi/13.3.1/../../../../arm-none-eabi/lib/thumb/v7e-m+fp/hard\libc_nano.a(libc_a-mallocr.o)
                              G:/Programs/ST/STM32CubeIDE_1.18.1/STM32CubeIDE/plugins/com.st.stm32cube.ide.mcu.externaltools.gnu-tools-for-stm32.13.3.rel1.win32_1.0.0.202411081344/tools/bin/../lib/gcc/arm-none-eabi/13.3.1/../../../../arm-none-eabi/lib/thumb/v7e-m+fp/hard\libc_nano.a(libc_a-callocr.o) (_malloc_r)
G:/Programs/ST/STM32CubeIDE_1.18.1/STM32CubeIDE/plugins/com.st.stm32cube.ide.mcu.externaltools.gnu-tools-for-stm32.13.3.rel1.win32_1.0.0.202411081344/tools/bin/../lib/gcc/arm-none-eabi/13.3.1/../../../../arm-none-eabi/lib/thumb/v7e-m+fp/hard\libc_nano.a(libc_a-mstats.o)
                              ./Core/Src/Console/Console.o (mallinfo)
[...]
Memory Configuration

Name             Origin             Length             Attributes
RAM              0x20000000         0x00050000         xrw
FLASH            0x08000000         0x00100000         xr
*default*        0x00000000         0xffffffff

Linker script and memory map

LOAD G:/Programs/ST/STM32CubeIDE_1.18.1/STM32CubeIDE/plugins/com.st.stm32cube.ide.mcu.externaltools.gnu-tools-for-stm32.13.3.rel1.win32_1.0.0.202411081344/tools/bin/../lib/gcc/arm-none-eabi/13.3.1/thumb/v7e-m+fp/hard/crti.o
LOAD G:/Programs/ST/STM32CubeIDE_1.18.1/STM32CubeIDE/plugins/com.st.stm32cube.ide.mcu.externaltools.gnu-tools-for-stm32.13.3.rel1.win32_1.0.0.202411081344/tools/bin/../lib/gcc/arm-none-eabi/13.3.1/thumb/v7e-m+fp/hard/crtbegin.o
LOAD G:/Programs/ST/STM32CubeIDE_1.18.1/STM32CubeIDE/plugins/com.st.stm32cube.ide.mcu.externaltools.gnu-tools-for-stm32.13.3.rel1.win32_1.0.0.202411081344/tools/bin/../lib/gcc/arm-none-eabi/13.3.1/../../../../arm-none-eabi/lib/thumb/v7e-m+fp/hard/crt0.o
LOAD ./Core/Src/Console/Console.o
LOAD ./Core/Src/OwnCode/spindle.o
LOAD ./Core/Src/OwnCode/stepper.o
LOAD ./Core/Src/Spindle/Spindle.o
LOAD ./Core/Src/Stepper/LibL6474x.o
LOAD ./Core/Src/main.o
LOAD ./Core/Src/newlib_abs.o
LOAD ./Core/Src/stm32f7xx_hal_msp.o
LOAD ./Core/Src/stm32f7xx_it.o
LOAD ./Core/Src/system_stm32f7xx.o
LOAD ./Core/Startup/startup_stm32f746zgtx.o
LOAD ./Drivers/STM32F7xx_HAL_Driver/Src/stm32f7xx_hal.o
LOAD ./Drivers/STM32F7xx_HAL_Driver/Src/stm32f7xx_hal_cortex.o
LOAD ./Drivers/STM32F7xx_HAL_Driver/Src/stm32f7xx_hal_dma.o
LOAD ./Drivers/STM32F7xx_HAL_Driver/Src/stm32f7xx_hal_dma_ex.o
LOAD ./Drivers/STM32F7xx_HAL_Driver/Src/stm32f7xx_hal_exti.o
LOAD ./Drivers/STM32F7xx_HAL_Driver/Src/stm32f7xx_hal_flash.o
LOAD ./Drivers/STM32F7xx_HAL_Driver/Src/stm32f7xx_hal_flash_ex.o
LOAD ./Drivers/STM32F7xx_HAL_Driver/Src/stm32f7xx_hal_gpio.o
LOAD ./Drivers/STM32F7xx_HAL_Driver/Src/stm32f7xx_hal_i2c.o
LOAD ./Drivers/STM32F7xx_HAL_Driver/Src/stm32f7xx_hal_i2c_ex.o
LOAD ./Drivers/STM32F7xx_HAL_Driver/Src/stm32f7xx_hal_pwr.o
LOAD ./Drivers/STM32F7xx_HAL_Driver/Src/stm32f7xx_hal_pwr_ex.o
LOAD ./Drivers/STM32F7xx_HAL_Driver/Src/stm32f7xx_hal_rcc.o
LOAD ./Drivers/STM32F7xx_HAL_Driver/Src/stm32f7xx_hal_rcc_ex.o
LOAD ./Drivers/STM32F7xx_HAL_Driver/Src/stm32f7xx_hal_spi.o
LOAD ./Drivers/STM32F7xx_HAL_Driver/Src/stm32f7xx_hal_spi_ex.o
LOAD ./Drivers/STM32F7xx_HAL_Driver/Src/stm32f7xx_hal_tim.o
LOAD ./Drivers/STM32F7xx_HAL_Driver/Src/stm32f7xx_hal_tim_ex.o
LOAD ./Drivers/STM32F7xx_HAL_Driver/Src/stm32f7xx_hal_uart.o
LOAD ./Drivers/STM32F7xx_HAL_Driver/Src/stm32f7xx_hal_uart_ex.o
LOAD ./FreeRTOS-Kernel/croutine.o
LOAD ./FreeRTOS-Kernel/event_groups.o
LOAD ./FreeRTOS-Kernel/list.o
LOAD ./FreeRTOS-Kernel/queue.o
LOAD ./FreeRTOS-Kernel/stream_buffer.o
LOAD ./FreeRTOS-Kernel/tasks.o
LOAD ./FreeRTOS-Kernel/timers.o
LOAD ./FreeRTOS-Kernel/portable/Common/mpu_wrappers.o
LOAD ./FreeRTOS-Kernel/portable/Common/mpu_wrappers_v2.o
LOAD ./FreeRTOS-Kernel/portable/GCC/ARM_CM7/r0p1/port.o
START GROUP
LOAD G:/Programs/ST/STM32CubeIDE_1.18.1/STM32CubeIDE/plugins/com.st.stm32cube.ide.mcu.externaltools.gnu-tools-for-stm32.13.3.rel1.win32_1.0.0.202411081344/tools/bin/../lib/gcc/arm-none-eabi/13.3.1/../../../../arm-none-eabi/lib/thumb/v7e-m+fp/hard\libc_nano.a
LOAD G:/Programs/ST/STM32CubeIDE_1.18.1/STM32CubeIDE/plugins/com.st.stm32cube.ide.mcu.externaltools.gnu-tools-for-stm32.13.3.rel1.win32_1.0.0.202411081344/tools/bin/../lib/gcc/arm-none-eabi/13.3.1/../../../../arm-none-eabi/lib/thumb/v7e-m+fp/hard\libm.a
END GROUP
START GROUP
LOAD G:/Programs/ST/STM32CubeIDE_1.18.1/STM32CubeIDE/plugins/com.st.stm32cube.ide.mcu.externaltools.gnu-tools-for-stm32.13.3.rel1.win32_1.0.0.202411081344/tools/bin/../lib/gcc/arm-none-eabi/13.3.1/thumb/v7e-m+fp/hard\libgcc.a
LOAD G:/Programs/ST/STM32CubeIDE_1.18.1/STM32CubeIDE/plugins/com.st.stm32cube.ide.mcu.externaltools.gnu-tools-for-stm32.13.3.rel1.win32_1.0.0.202411081344/tools/bin/../lib/gcc/arm-none-eabi/13.3.1/../../../../arm-none-eabi/lib/thumb/v7e-m+fp/hard\libc_nano.a
END GROUP
START GROUP
LOAD G:/Programs/ST/STM32CubeIDE_1.18.1/STM32CubeIDE/plugins/com.st.stm32cube.ide.mcu.externaltools.gnu-tools-for-stm32.13.3.rel1.win32_1.0.0.202411081344/tools/bin/../lib/gcc/arm-none-eabi/13.3.1/thumb/v7e-m+fp/hard\libgcc.a
LOAD G:/Programs/ST/STM32CubeIDE_1.18.1/STM32CubeIDE/plugins/com.st.stm32cube.ide.mcu.externaltools.gnu-tools-for-stm32.13.3.rel1.win32_1.0.0.202411081344/tools/bin/../lib/gcc/arm-none-eabi/13.3.1/../../../../arm-none-eabi/lib/thumb/v7e-m+fp/hard\libc_nano.a
LOAD G:/Programs/ST/STM32CubeIDE_1.18.1/STM32CubeIDE/plugins/com.st.stm32cube.ide.mcu.externaltools.gnu-tools-for-stm32.13.3.rel1.win32_1.0.0.202411081344/tools/bin/../lib/gcc/arm-none-eabi/13.3.1/../../../../arm-none-eabi/lib/thumb/v7e-m+fp/hard\libnosys.a
END GROUP
START GROUP
LOAD G:/Programs/ST/STM32CubeIDE_1.18.1/STM32CubeIDE/plugins/com.st.stm32cube.ide.mcu.externaltools.gnu-tools-for-stm32.13.3.rel1.win32_1.0.0.202411081344/tools/bin/../lib/gcc/arm-none-eabi/13.3.1/thumb/v7e-m+fp/hard\libgcc.a
LOAD G:/Programs/ST/STM32CubeIDE_1.18.1/STM32CubeIDE/plugins/com.st.stm32cube.ide.mcu.externaltools.gnu-tools-for-stm32.13.3.rel1.win32_1.0.0.202411081344/tools/bin/../lib/gcc/arm-none-eabi/13.3.1/../../../../arm-none-eabi/lib/thumb/v7e-m+fp/hard\libc_nano.a
LOAD G:/Programs/ST/STM32CubeIDE_1.18.1/STM32CubeIDE/plugins/com.st.stm32cube.ide.mcu.externaltools.gnu-tools-for-stm32.13.3.rel1.win32_1.0.0.202411081344/tools/bin/../lib/gcc/arm-none-eabi/13.3.1/../../../../arm-none-eabi/lib/thumb/v7e-m+fp/hard\libnosys.a
END GROUP
LOAD G:/Programs/ST/STM32CubeIDE_1.18.1/STM32CubeIDE/plugins/com.st.stm32cube.ide.mcu.externaltools.gnu-tools-for-stm32.13.3.rel1.win32_1.0.0.202411081344/tools/bin/../lib/gcc/arm-none-eabi/13.3.1/thumb/v7e-m+fp/hard/crtend.o
LOAD G:/Programs/ST/STM32CubeIDE_1.18.1/STM32CubeIDE/plugins/com.st.stm32cube.ide.mcu.externaltools.gnu-tools-for-stm32.13.3.rel1.win32_1.0.0.202411081344/tools/bin/../lib/gcc/arm-none-eabi/13.3.1/thumb/v7e-m+fp/hard/crtn.o
                0x20050000                        _estack = (ORIGIN (RAM) + LENGTH (RAM))
                0x00028000                        _Min_Heap_Size = 0x28000
                0x00010000                        _Min_Stack_Size = 0x10000

.isr_vector     0x08000000      0x1c8
                0x08000000                        . = ALIGN (0x4)
 *(.isr_vector)
 .isr_vector    0x08000000      0x1c8 ./Core/Startup/startup_stm32f746zgtx.o
                0x08000000                g_pfnVectors
                0x080001c8                        . = ALIGN (0x4)

.text           0x080001d0    0x17fc4
                0x080001d0                        . = ALIGN (0x4)
 *(.text)
 .text          0x080001d0       0x40 G:/Programs/ST/STM32CubeIDE_1.18.1/STM32CubeIDE/plugins/com.st.stm32cube.ide.mcu.externaltools.gnu-tools-for-stm32.13.3.rel1.win32_1.0.0.202411081344/tools/bin/../lib/gcc/arm-none-eabi/13.3.1/thumb/v7e-m+fp/hard/crtbegin.o
 .text          0x08000210       0x14 G:/Programs/ST/STM32CubeIDE_1.18.1/STM32CubeIDE/plugins/com.st.stm32cube.ide.mcu.externaltools.gnu-tools-for-stm32.13.3.rel1.win32_1.0.0.202411081344/tools/bin/../lib/gcc/arm-none-eabi/13.3.1/../../../../arm-none-eabi/lib/thumb/v7e-m+fp/hard\libc_nano.a(libc_a-strcmp.o)
                0x08000210                strcmp
 *fill*         0x08000224        0xc 
 .text          0x08000230       0xa0 G:/Programs/ST/STM32CubeIDE_1.18.1/STM32CubeIDE/plugins/com.st.stm32cube.ide.mcu.externaltools.gnu-tools-for-stm32.13.3.rel1.win32_1.0.0.202411081344/tools/bin/../lib/gcc/arm-none-eabi/13.3.1/../../../../arm-none-eabi/lib/thumb/v7e-m+fp/hard\libc_nano.a(libc_a-memchr.o)
                0x08000230                memchr
 .text          0x080002d0       0x10 G:/Programs/ST/STM32CubeIDE_1.18.1/STM32CubeIDE/plugins/com.st.stm32cube.ide.mcu.externaltools.gnu-tools-for-stm32.13.3.rel1.win32_1.0.0.202411081344/tools/bin/../lib/gcc/arm-none-eabi/13.3.1/../../../../arm-none-eabi/lib/thumb/v7e-m+fp/hard\libc_nano.a(libc_a-strlen.o)
                0x080002d0                strlen
 .text          0x080002e0      0x378 G:/Programs/ST/STM32CubeIDE_1.18.1/STM32CubeIDE/plugins/com.st.stm32cube.ide.mcu.externaltools.gnu-tools-for-stm32.13.3.rel1.win32_1.0.0.202411081344/tools/bin/../lib/gcc/arm-none-eabi/13.3.1/thumb/v7e-m+fp/hard\libgcc.a(_arm_addsubdf3.o)
                0x080002e0                __aeabi_drsub
                0x080002e8                __aeabi_dsub
                0x080002e8                __subdf3
                0x080002ec                __aeabi_dadd
                0x080002ec                __adddf3
                0x08000564                __floatunsidf
                0x08000564                __aeabi_ui2d
                0x08000584                __floatsidf
                0x08000584                __aeabi_i2d
                0x080005a8                __aeabi_f2d
                0x080005a8                __extendsfdf2
                0x080005ec                __floatundidf
                0x080005ec                __aeabi_ul2d
                0x080005fc                __floatdidf
                0x080005fc                __aeabi_l2d
 .text          0x08000658      0x424 G:/Programs/ST/STM32CubeIDE_1.18.1/STM32CubeIDE/plugins/com.st.stm32cube.ide.mcu.externaltools.gnu-tools-for-stm32.13.3.rel1.win32_1.0.0.202411081344/tools/bin/../lib/gcc/arm-none-eabi/13.3.1/thumb/v7e-m+fp/hard\libgcc.a(_arm_muldivdf3.o)
                0x08000658                __aeabi_dmul
                0x08000658                __muldf3
                0x080008ac                __divdf3
                0x080008ac                __aeabi_ddiv
 .text          0x08000a7c      0x110 G:/Programs/ST/STM32CubeIDE_1.18.1/STM32CubeIDE/plugins/com.st.stm32cube.ide.mcu.externaltools.gnu-tools-for-stm32.13.3.rel1.win32_1.0.0.202411081344/tools/bin/../lib/gcc/arm-none-eabi/13.3.1/thumb/v7e-m+fp/hard\libgcc.a(_arm_cmpdf2.o)
                0x08000a7c                __gtdf2
                0x08000a7c                __gedf2
                0x08000a84                __ltdf2
                0x08000a84                __ledf2
                0x08000a8c                __nedf2
                0x08000a8c                __eqdf2
                0x08000a8c                __cmpdf2
                0x08000b08                __aeabi_cdrcmple
                0x08000b18                __aeabi_cdcmpeq
                0x08000b18                __aeabi_cdcmple
                0x08000b28                __aeabi_dcmpeq
                0x08000b3c                __aeabi_dcmplt
                0x08000b50                __aeabi_dcmple
                0x08000b64                __aeabi_dcmpge
                0x08000b78                __aeabi_dcmpgt
 .text          0x08000b8c       0x2c G:/Programs/ST/STM32CubeIDE_1.18.1/STM32CubeIDE/plugins/com.st.stm32cube.ide.mcu.externaltools.gnu-tools-for-stm32.13.3.rel1.win32_1.0.0.202411081344/tools/bin/../lib/gcc/arm-none-eabi/13.3.1/thumb/v7e-m+fp/hard\libgcc.a(_arm_unorddf2.o)
                0x08000b8c                __unorddf2
                0x08000b8c                __aeabi_dcmpun
 .text          0x08000bb8       0x50 G:/Programs/ST/STM32CubeIDE_1.18.1/STM32CubeIDE/plugins/com.st.stm32cube.ide.mcu.externaltools.gnu-tools-for-stm32.13.3.rel1.win32_1.0.0.202411081344/tools/bin/../lib/gcc/arm-none-eabi/13.3.1/thumb/v7e-m+fp/hard\libgcc.a(_arm_fixdfsi.o)
                0x08000bb8                __aeabi_d2iz
                0x08000bb8                __fixdfsi
 .text          0x08000c08       0x40 G:/Programs/ST/STM32CubeIDE_1.18.1/STM32CubeIDE/plugins/com.st.stm32cube.ide.mcu.externaltools.gnu-tools-for-stm32.13.3.rel1.win32_1.0.0.202411081344/tools/bin/../lib/gcc/arm-none-eabi/13.3.1/thumb/v7e-m+fp/hard\libgcc.a(_arm_fixunsdfsi.o)
                0x08000c08                __aeabi_d2uiz
                0x08000c08                __fixunsdfsi
 .text          0x08000c48       0xa0 G:/Programs/ST/STM32CubeIDE_1.18.1/STM32CubeIDE/plugins/com.st.stm32cube.ide.mcu.externaltools.gnu-tools-for-stm32.13.3.rel1.win32_1.0.0.202411081344/tools/bin/../lib/gcc/arm-none-eabi/13.3.1/thumb/v7e-m+fp/hard\libgcc.a(_arm_truncdfsf2.o)
                0x08000c48                __truncdfsf2
                0x08000c48                __aeabi_d2f
 .text          0x08000ce8       0x30 G:/Programs/ST/STM32CubeIDE_1.18.1/STM32CubeIDE/plugins/com.st.stm32cube.ide.mcu.externaltools.gnu-tools-for-stm32.13.3.rel1.win32_1.0.0.202411081344/tools/bin/../lib/gcc/arm-none-eabi/13.3.1/thumb/v7e-m+fp/hard\libgcc.a(_aeabi_uldivmod.o)
                0x08000ce8                __aeabi_uldivmod
 .text          0x08000d18       0x30 G:/Programs/ST/STM32CubeIDE_1.18.1/STM32CubeIDE/plugins/com.st.stm32cube.ide.mcu.externaltools.gnu-tools-for-stm32.13.3.rel1.win32_1.0.0.202411081344/tools/bin/../lib/gcc/arm-none-eabi/13.3.1/thumb/v7e-m+fp/hard\libgcc.a(_fixdfdi.o)
                0x08000d18                __fixdfdi
                0x08000d18                __aeabi_d2lz
 .text          0x08000d48       0x3c G:/Programs/ST/STM32CubeIDE_1.18.1/STM32CubeIDE/plugins/com.st.stm32cube.ide.mcu.externaltools.gnu-tools-for-stm32.13.3.rel1.win32_1.0.0.202411081344/tools/bin/../lib/gcc/arm-none-eabi/13.3.1/thumb/v7e-m+fp/hard\libgcc.a(_fixunsdfdi.o)
                0x08000d48                __fixunsdfdi
                0x08000d48                __aeabi_d2ulz
 .text          0x08000d84      0x2f8 G:/Programs/ST/STM32CubeIDE_1.18.1/STM32CubeIDE/plugins/com.st.stm32cube.ide.mcu.externaltools.gnu-tools-for-stm32.13.3.rel1.win32_1.0.0.202411081344/tools/bin/../lib/gcc/arm-none-eabi/13.3.1/thumb/v7e-m+fp/hard\libgcc.a(_udivmoddi4.o)
                0x08000d84                __udivmoddi4
 .text          0x0800107c        0x4 G:/Programs/ST/STM32CubeIDE_1.18.1/STM32CubeIDE/plugins/com.st.stm32cube.ide.mcu.externaltools.gnu-tools-for-stm32.13.3.rel1.win32_1.0.0.202411081344/tools/bin/../lib/gcc/arm-none-eabi/13.3.1/thumb/v7e-m+fp/hard\libgcc.a(_dvmd_tls.o)
                0x0800107c                __aeabi_idiv0
                0x0800107c                __aeabi_ldiv0
 *(.text*)
 .text.__NVIC_SystemReset
                0x08001080       0x2c ./Core/Src/Console/Console.o
 .text.ControlSequenceParserConsume
                0x080010ac      0x288 ./Core/Src/Console/Console.o
                0x080010ac                ControlSequenceParserConsume
 .text.ProcessCommand
                0x08001334      0x3a0 ./Core/Src/Console/Console.o
 .text.TransformAndProcessTheCommand
                0x080016d4      0x290 ./Core/Src/Console/Console.o
 .text.PrintConsoleControl
                0x08001964       0x58 ./Core/Src/Console/Console.o
 .text.ConsoleIsArrowLeft
                0x080019bc       0x38 ./Core/Src/Console/Console.o
 .text.ConsoleIsArrowRight
                0x080019f4       0x38 ./Core/Src/Console/Console.o
 .text.ConsoleIsArrowUp
                0x08001a2c       0x38 ./Core/Src/Console/Console.o
 .text.ConsoleIsArrowDown
                0x08001a64       0x38 ./Core/Src/Console/Console.o
 .text.ConsoleIsEntf
                0x08001a9c       0x44 ./Core/Src/Console/Console.o
 .text.PrintConsoleArrowLeft
                0x08001ae0       0x2c ./Core/Src/Console/Console.o
 .text.CONSOLE_RedirectStreams
                0x08001b0c      0x128 ./Core/Src/Console/Console.o
                0x08001b0c                CONSOLE_RedirectStreams
 .text.ConsoleFunction
                0x08001c34      0x984 ./Core/Src/Console/Console.o
 .text.ConsolePrintHelp
                0x080025b8      0x130 ./Core/Src/Console/Console.o
 .text.ConsoleExecReset
                0x080026e8       0x10 ./Core/Src/Console/Console.o
 .text.ConsolePrintKernelTicks
                0x080026f8       0x28 ./Core/Src/Console/Console.o
 .text.ConsolePrintTaskStats
                0x08002720      0x25c ./Core/Src/Console/Console.o
 .text.ConsolePrintKernelVersion
                0x0800297c       0x2c ./Core/Src/Console/Console.o
 .text.ConsoleWhoAmI
                0x080029a8       0x40 ./Core/Src/Console/Console.o
 .text.ConsoleExit
                0x080029e8       0x24 ./Core/Src/Console/Console.o
 .text.ConsoleMallInfo
                0x08002a0c       0x6c ./Core/Src/Console/Console.o
 .text.ConsoleGetEnv
                0x08002a78       0x6c ./Core/Src/Console/Console.o
 .text.ConsoleSetEnv
                0x08002ae4       0x68 ./Core/Src/Console/Console.o
 .text.ConsoleAliasConfig
                0x08002b4c      0x18c ./Core/Src/Console/Console.o
 .text.ConsoleRegisterBasicCommands
                0x08002cd8      0x144 ./Core/Src/Console/Console.o
 .text.CONSOLE_CreateInstance
                0x08002e1c       0xf8 ./Core/Src/Console/Console.o
                0x08002e1c                CONSOLE_CreateInstance
 .text.CONSOLE_RegisterCommand
                0x08002f14      0x19e ./Core/Src/Console/Console.o
                0x08002f14                CONSOLE_RegisterCommand
 .text.CONSOLE_RegisterAlias
                0x080030b2      0x192 ./Core/Src/Console/Console.o
                0x080030b2                CONSOLE_RegisterAlias
 .text.CONSOLE_RemoveAliasOrCommand
                0x08003244       0xf0 ./Core/Src/Console/Console.o
                0x08003244                CONSOLE_RemoveAliasOrCommand
 .text.SPINDLE_SetDirection
                0x08003334       0x3c ./Core/Src/OwnCode/spindle.o
                0x08003334                SPINDLE_SetDirection
 .text.SPINDLE_SetDutyCycle
                0x08003370       0x80 ./Core/Src/OwnCode/spindle.o
                0x08003370                SPINDLE_SetDutyCycle
 .text.SPINDLE_EnaPWM
                0x080033f0       0x54 ./Core/Src/OwnCode/spindle.o
                0x080033f0                SPINDLE_EnaPWM
 .text.InitSpindle
                0x08003444       0x90 ./Core/Src/OwnCode/spindle.o
                0x08003444                InitSpindle
 .text.StepLibraryMalloc
                0x080034d4       0x18 ./Core/Src/OwnCode/stepper.o
 .text.StepLibraryFree
                0x080034ec       0x16 ./Core/Src/OwnCode/stepper.o
 *fill*         0x08003502        0x2 
 .text.StepDriverSpiTransfer
                0x08003504       0x84 ./Core/Src/OwnCode/stepper.o
 .text.StepDriverReset
                0x08003588       0x30 ./Core/Src/OwnCode/stepper.o
 .text.StepLibraryDelay
                0x080035b8       0x8e ./Core/Src/OwnCode/stepper.o
 *fill*         0x08003646        0x2 
 .text.StepTimerAsync
                0x08003648       0x4c ./Core/Src/OwnCode/stepper.o
 .text.StepTimerCancelAsync
                0x08003694       0x54 ./Core/Src/OwnCode/stepper.o
 .text.Reset    0x080036e8       0xf8 ./Core/Src/OwnCode/stepper.o
 .text.Reference
                0x080037e0      0x308 ./Core/Src/OwnCode/stepper.o
 .text.Position
                0x08003ae8       0x58 ./Core/Src/OwnCode/stepper.o
 .text.Status   0x08003b40       0xfc ./Core/Src/OwnCode/stepper.o
 .text.Move     0x08003c3c      0x364 ./Core/Src/OwnCode/stepper.o
 .text.Config   0x08003fa0      0x5d0 ./Core/Src/OwnCode/stepper.o
 .text.SetPower
                0x08004570       0x78 ./Core/Src/OwnCode/stepper.o
                0x08004570                SetPower
 .text.SetSpeed
                0x080045e8       0x84 ./Core/Src/OwnCode/stepper.o
                0x080045e8                SetSpeed
 .text.TimerStart
                0x0800466c       0x8c ./Core/Src/OwnCode/stepper.o
                0x0800466c                TimerStart
 .text.HAL_TIM_PWM_PulseFinishedCallback
                0x080046f8       0x50 ./Core/Src/OwnCode/stepper.o
                0x080046f8                HAL_TIM_PWM_PulseFinishedCallback
 .text.StepperHandler
                0x08004748      0x154 ./Core/Src/OwnCode/stepper.o
 .text.InitStepper
                0x0800489c      0x110 ./Core/Src/OwnCode/stepper.o
                0x0800489c                InitStepper
 .text.SpindleFunction
                0x080049ac      0x318 ./Core/Src/Spindle/Spindle.o
 .text.GetCommandEvent
                0x08004cc4       0x68 ./Core/Src/Spindle/Spindle.o
 .text.ReleaseCommandEvent
                0x08004d2c       0x60 ./Core/Src/Spindle/Spindle.o
 .text.SpindleConsoleFunction
                0x08004d8c      0x18c ./Core/Src/Spindle/Spindle.o
 .text.SpindleRegisterBasicCommands
                0x08004f18       0x30 ./Core/Src/Spindle/Spindle.o
 .text.SPINDLE_CreateInstance
                0x08004f48      0x234 ./Core/Src/Spindle/Spindle.o
                0x08004f48                SPINDLE_CreateInstance
 .text.L6474_HelperLock
                0x0800517c       0x16 ./Core/Src/Stepper/LibL6474x.o
 .text.L6474_HelperUnlock
                0x08005192       0x14 ./Core/Src/Stepper/LibL6474x.o
 .text.L6474_HelperReleaseStep
                0x080051a6       0x22 ./Core/Src/Stepper/LibL6474x.o
 .text.L6474_GetStatusCommand
                0x080051c8       0x86 ./Core/Src/Stepper/LibL6474x.o
 *fill*         0x0800524e        0x2 
 .text.L6474_GetParamCommand
                0x08005250      0x160 ./Core/Src/Stepper/LibL6474x.o
 .text.L6474_SetParamCommand
                0x080053b0      0x17c ./Core/Src/Stepper/LibL6474x.o
 .text.L6474_EnableCommand
                0x0800552c       0x86 ./Core/Src/Stepper/LibL6474x.o
 .text.L6474_DisableCommand
                0x080055b2       0x8c ./Core/Src/Stepper/LibL6474x.o
 .text.L6474_CreateInstance
                0x0800563e       0xda ./Core/Src/Stepper/LibL6474x.o
                0x0800563e                L6474_CreateInstance
 .text.L6474_ResetStandBy
                0x08005718       0x9e ./Core/Src/Stepper/LibL6474x.o
                0x08005718                L6474_ResetStandBy
 .text.L6474_SetBaseParameter
                0x080057b6       0x46 ./Core/Src/Stepper/LibL6474x.o
                0x080057b6                L6474_SetBaseParameter
 .text.L6474_Initialize
                0x080057fc      0x28a ./Core/Src/Stepper/LibL6474x.o
                0x080057fc                L6474_Initialize
 .text.L6474_SetStepMode
                0x08005a86       0x8a ./Core/Src/Stepper/LibL6474x.o
                0x08005a86                L6474_SetStepMode
 .text.L6474_SetPowerOutputs
                0x08005b10       0x80 ./Core/Src/Stepper/LibL6474x.o
                0x08005b10                L6474_SetPowerOutputs
 .text.L6474_GetAbsolutePosition
                0x08005b90       0x92 ./Core/Src/Stepper/LibL6474x.o
                0x08005b90                L6474_GetAbsolutePosition
 .text.L6474_SetAbsolutePosition
                0x08005c22       0x72 ./Core/Src/Stepper/LibL6474x.o
                0x08005c22                L6474_SetAbsolutePosition
 .text.L6474_SetProperty
                0x08005c94       0x78 ./Core/Src/Stepper/LibL6474x.o
                0x08005c94                L6474_SetProperty
 .text.L6474_GetProperty
                0x08005d0c       0x7c ./Core/Src/Stepper/LibL6474x.o
                0x08005d0c                L6474_GetProperty
 .text.L6474_GetStatus
                0x08005d88      0x11a ./Core/Src/Stepper/LibL6474x.o
                0x08005d88                L6474_GetStatus
 *fill*         0x08005ea2        0x2 
 .text.L6474_StepIncremental
                0x08005ea4       0xc4 ./Core/Src/Stepper/LibL6474x.o
                0x08005ea4                L6474_StepIncremental
 .text.vApplicationMallocFailedHook
                0x08005f68       0x24 ./Core/Src/main.o
                0x08005f68                vApplicationMallocFailedHook
 .text.vApplicationStackOverflowHook
                0x08005f8c       0x28 ./Core/Src/main.o
                0x08005f8c                vApplicationStackOverflowHook
 .text.InitTask
                0x08005fb4       0x68 ./Core/Src/main.o
                0x08005fb4                InitTask
 .text.CapabilityFunc
                0x0800601c       0x88 ./Core/Src/main.o
 .text.main     0x080060a4       0x40 ./Core/Src/main.o
                0x080060a4                main
 .text.SystemClock_Config
                0x080060e4       0xcc ./Core/Src/main.o
                0x080060e4                SystemClock_Config
 .text.MX_SPI1_Init
                0x080061b0       0x7c ./Core/Src/main.o
 .text.MX_TIM1_Init
                0x0800622c      0x16c ./Core/Src/main.o
 .text.MX_TIM2_Init
                0x08006398      0x104 ./Core/Src/main.o
 .text.MX_TIM4_Init
                0x0800649c      0x11c ./Core/Src/main.o
 .text.MX_USART3_UART_Init
                0x080065b8       0x60 ./Core/Src/main.o
 .text.MX_GPIO_Init
                0x08006618      0x228 ./Core/Src/main.o
 .text.vAssertCalled
                0x08006840       0x26 ./Core/Src/main.o
                0x08006840                vAssertCalled
 *fill*         0x08006866        0x2 
 .text.__stdout_put_char
                0x08006868       0x48 ./Core/Src/main.o
                0x08006868                __stdout_put_char
 .text.__stdin_get_char
                0x080068b0       0x70 ./Core/Src/main.o
                0x080068b0                __stdin_get_char
 .text.MPU_Config
                0x08006920       0x7e ./Core/Src/main.o
 .text.Error_Handler
                0x0800699e        0xc ./Core/Src/main.o
                0x0800699e                Error_Handler
 *fill*         0x080069aa        0x2 
 .text.assert_failed
                0x080069ac       0x38 ./Core/Src/main.o
                0x080069ac                assert_failed
 .text.initialise_monitor_handles
                0x080069e4        0xe ./Core/Src/newlib_abs.o
                0x080069e4                initialise_monitor_handles
 *fill*         0x080069f2        0x2 
 .text.initialise_stdlib_abstraction
                0x080069f4       0x78 ./Core/Src/newlib_abs.o
                0x080069f4                initialise_stdlib_abstraction
 .text._getpid  0x08006a6c       0x10 ./Core/Src/newlib_abs.o
                0x08006a6c                _getpid
 .text._kill    0x08006a7c       0x34 ./Core/Src/newlib_abs.o
                0x08006a7c                _kill
 .text._exit    0x08006ab0       0x16 ./Core/Src/newlib_abs.o
                0x08006ab0                _exit
 *fill*         0x08006ac6        0x2 
 .text._read    0x08006ac8       0x8c ./Core/Src/newlib_abs.o
                0x08006ac8                _read
 .text._write   0x08006b54       0xe0 ./Core/Src/newlib_abs.o
                0x08006b54                _write
 .text._close   0x08006c34       0x18 ./Core/Src/newlib_abs.o
                0x08006c34                _close
 .text._fstat   0x08006c4c       0x4e ./Core/Src/newlib_abs.o
                0x08006c4c                _fstat
 .text._isatty  0x08006c9a       0x26 ./Core/Src/newlib_abs.o
                0x08006c9a                _isatty
 .text._lseek   0x08006cc0       0x1a ./Core/Src/newlib_abs.o
                0x08006cc0                _lseek
 *fill*         0x08006cda        0x2 
 .text._sbrk_r  0x08006cdc      0x108 ./Core/Src/newlib_abs.o
                0x08006cdc                _sbrk_r
 .text.__malloc_lock
                0x08006de4       0x74 ./Core/Src/newlib_abs.o
                0x08006de4                __malloc_lock
 .text.__malloc_unlock
                0x08006e58       0x28 ./Core/Src/newlib_abs.o
                0x08006e58                __malloc_unlock
 .text.__env_lock
                0x08006e80       0x70 ./Core/Src/newlib_abs.o
                0x08006e80                __env_lock
 .text.__env_unlock
                0x08006ef0       0x20 ./Core/Src/newlib_abs.o
                0x08006ef0                __env_unlock
 .text.pvPortMalloc
                0x08006f10       0x1c ./Core/Src/newlib_abs.o
                0x08006f10                pvPortMalloc
 .text.vPortFree
                0x08006f2c       0x16 ./Core/Src/newlib_abs.o
                0x08006f2c                vPortFree
 *fill*         0x08006f42        0x2 
 .text.xPortGetFreeHeapSize
                0x08006f44       0x48 ./Core/Src/newlib_abs.o
                0x08006f44                xPortGetFreeHeapSize
 .text.HAL_MspInit
                0x08006f8c       0x48 ./Core/Src/stm32f7xx_hal_msp.o
                0x08006f8c                HAL_MspInit
 .text.HAL_SPI_MspInit
                0x08006fd4       0x98 ./Core/Src/stm32f7xx_hal_msp.o
                0x08006fd4                HAL_SPI_MspInit
 .text.HAL_TIM_Base_MspInit
                0x0800706c       0xa8 ./Core/Src/stm32f7xx_hal_msp.o
                0x0800706c                HAL_TIM_Base_MspInit
 .text.HAL_TIM_MspPostInit
                0x08007114       0xbc ./Core/Src/stm32f7xx_hal_msp.o
                0x08007114                HAL_TIM_MspPostInit
 .text.HAL_UART_MspInit
                0x080071d0       0xc0 ./Core/Src/stm32f7xx_hal_msp.o
                0x080071d0                HAL_UART_MspInit
 .text.NMI_Handler
                0x08007290        0x8 ./Core/Src/stm32f7xx_it.o
                0x08007290                NMI_Handler
 .text.HardFault_Handler
                0x08007298        0x8 ./Core/Src/stm32f7xx_it.o
                0x08007298                HardFault_Handler
 .text.MemManage_Handler
                0x080072a0        0x8 ./Core/Src/stm32f7xx_it.o
                0x080072a0                MemManage_Handler
 .text.BusFault_Handler
                0x080072a8        0x8 ./Core/Src/stm32f7xx_it.o
                0x080072a8                BusFault_Handler
 .text.UsageFault_Handler
                0x080072b0        0x8 ./Core/Src/stm32f7xx_it.o
                0x080072b0                UsageFault_Handler
 .text.DebugMon_Handler
                0x080072b8        0xe ./Core/Src/stm32f7xx_it.o
                0x080072b8                DebugMon_Handler
 .text.SysTick_Handler
                0x080072c6       0x10 ./Core/Src/stm32f7xx_it.o
                0x080072c6                SysTick_Handler
 *fill*         0x080072d6        0x2 
 .text.TIM1_UP_TIM10_IRQHandler
                0x080072d8       0x14 ./Core/Src/stm32f7xx_it.o
                0x080072d8                TIM1_UP_TIM10_IRQHandler
 .text.TIM1_CC_IRQHandler
                0x080072ec       0x14 ./Core/Src/stm32f7xx_it.o
                0x080072ec                TIM1_CC_IRQHandler
 .text.SPI1_IRQHandler
                0x08007300       0x14 ./Core/Src/stm32f7xx_it.o
                0x08007300                SPI1_IRQHandler
 .text.SystemInit
                0x08007314       0x24 ./Core/Src/system_stm32f7xx.o
                0x08007314                SystemInit
 .text.Reset_Handler
                0x08007338       0x50 ./Core/Startup/startup_stm32f746zgtx.o
                0x08007338                Reset_Handler
 .text.Default_Handler
                0x08007388        0x2 ./Core/Startup/startup_stm32f746zgtx.o
                0x08007388                RTC_Alarm_IRQHandler
                0x08007388                EXTI2_IRQHandler
                0x08007388                TIM8_CC_IRQHandler
                0x08007388                UART8_IRQHandler
                0x08007388                SPI4_IRQHandler
                0x08007388                DMA2_Stream5_IRQHandler
                0x08007388                DMA1_Stream5_IRQHandler
                0x08007388                PVD_IRQHandler
                0x08007388                TAMP_STAMP_IRQHandler
                0x08007388                CAN2_RX1_IRQHandler
                0x08007388                EXTI3_IRQHandler
                0x08007388                TIM8_TRG_COM_TIM14_IRQHandler
                0x08007388                TIM8_UP_TIM13_IRQHandler
                0x08007388                I2C3_ER_IRQHandler
                0x08007388                EXTI0_IRQHandler
                0x08007388                I2C2_EV_IRQHandler
                0x08007388                DMA1_Stream2_IRQHandler
                0x08007388                CAN1_RX0_IRQHandler
                0x08007388                FPU_IRQHandler
                0x08007388                OTG_HS_WKUP_IRQHandler
                0x08007388                LTDC_ER_IRQHandler
                0x08007388                CAN2_SCE_IRQHandler
                0x08007388                DMA2_Stream2_IRQHandler
                0x08007388                TIM6_DAC_IRQHandler
                0x08007388                TIM1_BRK_TIM9_IRQHandler
                0x08007388                DCMI_IRQHandler
                0x08007388                CAN2_RX0_IRQHandler
                0x08007388                DMA2_Stream3_IRQHandler
                0x08007388                SAI2_IRQHandler
                0x08007388                USART6_IRQHandler
                0x08007388                USART3_IRQHandler
                0x08007388                CAN1_RX1_IRQHandler
                0x08007388                UART5_IRQHandler
                0x08007388                DMA2_Stream0_IRQHandler
                0x08007388                TIM4_IRQHandler
                0x08007388                QUADSPI_IRQHandler
                0x08007388                I2C1_EV_IRQHandler
                0x08007388                DMA1_Stream6_IRQHandler
                0x08007388                DMA1_Stream1_IRQHandler
                0x08007388                UART4_IRQHandler
                0x08007388                TIM3_IRQHandler
                0x08007388                RCC_IRQHandler
                0x08007388                TIM8_BRK_TIM12_IRQHandler
                0x08007388                Default_Handler
                0x08007388                CEC_IRQHandler
                0x08007388                EXTI15_10_IRQHandler
                0x08007388                ADC_IRQHandler
                0x08007388                DMA1_Stream7_IRQHandler
                0x08007388                SPI5_IRQHandler
                0x08007388                TIM7_IRQHandler
                0x08007388                SDMMC1_IRQHandler
                0x08007388                CAN2_TX_IRQHandler
                0x08007388                TIM5_IRQHandler
                0x08007388                DMA2_Stream7_IRQHandler
                0x08007388                I2C3_EV_IRQHandler
                0x08007388                EXTI9_5_IRQHandler
                0x08007388                RTC_WKUP_IRQHandler
                0x08007388                LTDC_IRQHandler
                0x08007388                ETH_WKUP_IRQHandler
                0x08007388                SPDIF_RX_IRQHandler
                0x08007388                SPI2_IRQHandler
                0x08007388                OTG_HS_EP1_IN_IRQHandler
                0x08007388                DMA1_Stream0_IRQHandler
                0x08007388                CAN1_TX_IRQHandler
                0x08007388                EXTI4_IRQHandler
                0x08007388                RNG_IRQHandler
                0x08007388                ETH_IRQHandler
                0x08007388                OTG_HS_EP1_OUT_IRQHandler
                0x08007388                WWDG_IRQHandler
                0x08007388                SPI6_IRQHandler
                0x08007388                I2C4_EV_IRQHandler
                0x08007388                TIM2_IRQHandler
                0x08007388                OTG_FS_WKUP_IRQHandler
                0x08007388                TIM1_TRG_COM_TIM11_IRQHandler
                0x08007388                OTG_HS_IRQHandler
                0x08007388                DMA2D_IRQHandler
                0x08007388                EXTI1_IRQHandler
                0x08007388                UART7_IRQHandler
                0x08007388                USART2_IRQHandler
                0x08007388                I2C2_ER_IRQHandler
                0x08007388                DMA2_Stream1_IRQHandler
                0x08007388                CAN1_SCE_IRQHandler
                0x08007388                FLASH_IRQHandler
                0x08007388                DMA2_Stream4_IRQHandler
                0x08007388                USART1_IRQHandler
                0x08007388                OTG_FS_IRQHandler
                0x08007388                SPI3_IRQHandler
                0x08007388                DMA1_Stream4_IRQHandler
                0x08007388                I2C1_ER_IRQHandler
                0x08007388                FMC_IRQHandler
                0x08007388                LPTIM1_IRQHandler
                0x08007388                I2C4_ER_IRQHandler
                0x08007388                DMA2_Stream6_IRQHandler
                0x08007388                SAI1_IRQHandler
                0x08007388                DMA1_Stream3_IRQHandler
 .text.HAL_Init
                0x0800738a       0x1a ./Drivers/STM32F7xx_HAL_Driver/Src/stm32f7xx_hal.o
                0x0800738a                HAL_Init
 .text.HAL_InitTick
                0x080073a4       0x60 ./Drivers/STM32F7xx_HAL_Driver/Src/stm32f7xx_hal.o
                0x080073a4                HAL_InitTick
 .text.HAL_IncTick
                0x08007404       0x28 ./Drivers/STM32F7xx_HAL_Driver/Src/stm32f7xx_hal.o
                0x08007404                HAL_IncTick
 .text.HAL_GetTick
                0x0800742c       0x18 ./Drivers/STM32F7xx_HAL_Driver/Src/stm32f7xx_hal.o
                0x0800742c                HAL_GetTick
 .text.HAL_Delay
                0x08007444       0x48 ./Drivers/STM32F7xx_HAL_Driver/Src/stm32f7xx_hal.o
                0x08007444                HAL_Delay
 .text.__NVIC_SetPriorityGrouping
                0x0800748c       0x48 ./Drivers/STM32F7xx_HAL_Driver/Src/stm32f7xx_hal_cortex.o
 .text.__NVIC_GetPriorityGrouping
                0x080074d4       0x1c ./Drivers/STM32F7xx_HAL_Driver/Src/stm32f7xx_hal_cortex.o
 .text.__NVIC_EnableIRQ
                0x080074f0       0x3c ./Drivers/STM32F7xx_HAL_Driver/Src/stm32f7xx_hal_cortex.o
 .text.__NVIC_SetPriority
                0x0800752c       0x54 ./Drivers/STM32F7xx_HAL_Driver/Src/stm32f7xx_hal_cortex.o
 .text.NVIC_EncodePriority
                0x08007580       0x66 ./Drivers/STM32F7xx_HAL_Driver/Src/stm32f7xx_hal_cortex.o
 *fill*         0x080075e6        0x2 
 .text.SysTick_Config
                0x080075e8       0x44 ./Drivers/STM32F7xx_HAL_Driver/Src/stm32f7xx_hal_cortex.o
 .text.HAL_NVIC_SetPriorityGrouping
                0x0800762c       0x40 ./Drivers/STM32F7xx_HAL_Driver/Src/stm32f7xx_hal_cortex.o
                0x0800762c                HAL_NVIC_SetPriorityGrouping
 .text.HAL_NVIC_SetPriority
                0x0800766c       0x58 ./Drivers/STM32F7xx_HAL_Driver/Src/stm32f7xx_hal_cortex.o
                0x0800766c                HAL_NVIC_SetPriority
 .text.HAL_NVIC_EnableIRQ
                0x080076c4       0x30 ./Drivers/STM32F7xx_HAL_Driver/Src/stm32f7xx_hal_cortex.o
                0x080076c4                HAL_NVIC_EnableIRQ
 .text.HAL_SYSTICK_Config
                0x080076f4       0x18 ./Drivers/STM32F7xx_HAL_Driver/Src/stm32f7xx_hal_cortex.o
                0x080076f4                HAL_SYSTICK_Config
 .text.HAL_MPU_Disable
                0x0800770c       0x30 ./Drivers/STM32F7xx_HAL_Driver/Src/stm32f7xx_hal_cortex.o
                0x0800770c                HAL_MPU_Disable
 .text.HAL_MPU_Enable
                0x0800773c       0x40 ./Drivers/STM32F7xx_HAL_Driver/Src/stm32f7xx_hal_cortex.o
                0x0800773c                HAL_MPU_Enable
 .text.HAL_MPU_ConfigRegion
                0x0800777c      0x2ac ./Drivers/STM32F7xx_HAL_Driver/Src/stm32f7xx_hal_cortex.o
                0x0800777c                HAL_MPU_ConfigRegion
 .text.HAL_DMA_Abort_IT
                0x08007a28       0x44 ./Drivers/STM32F7xx_HAL_Driver/Src/stm32f7xx_hal_dma.o
                0x08007a28                HAL_DMA_Abort_IT
 .text.HAL_GPIO_Init
                0x08007a6c      0x6e0 ./Drivers/STM32F7xx_HAL_Driver/Src/stm32f7xx_hal_gpio.o
                0x08007a6c                HAL_GPIO_Init
 .text.HAL_GPIO_ReadPin
                0x0800814c       0x40 ./Drivers/STM32F7xx_HAL_Driver/Src/stm32f7xx_hal_gpio.o
                0x0800814c                HAL_GPIO_ReadPin
 .text.HAL_GPIO_WritePin
                0x0800818c       0x58 ./Drivers/STM32F7xx_HAL_Driver/Src/stm32f7xx_hal_gpio.o
                0x0800818c                HAL_GPIO_WritePin
 .text.HAL_RCC_OscConfig
                0x080081e4      0x6b4 ./Drivers/STM32F7xx_HAL_Driver/Src/stm32f7xx_hal_rcc.o
                0x080081e4                HAL_RCC_OscConfig
 .text.HAL_RCC_ClockConfig
                0x08008898      0x350 ./Drivers/STM32F7xx_HAL_Driver/Src/stm32f7xx_hal_rcc.o
                0x08008898                HAL_RCC_ClockConfig
 .text.HAL_RCC_GetSysClockFreq
                0x08008be8      0x18c ./Drivers/STM32F7xx_HAL_Driver/Src/stm32f7xx_hal_rcc.o
                0x08008be8                HAL_RCC_GetSysClockFreq
 .text.HAL_RCC_GetHCLKFreq
                0x08008d74       0x18 ./Drivers/STM32F7xx_HAL_Driver/Src/stm32f7xx_hal_rcc.o
                0x08008d74                HAL_RCC_GetHCLKFreq
 .text.HAL_RCC_GetPCLK1Freq
                0x08008d8c       0x28 ./Drivers/STM32F7xx_HAL_Driver/Src/stm32f7xx_hal_rcc.o
                0x08008d8c                HAL_RCC_GetPCLK1Freq
 .text.HAL_RCC_GetPCLK2Freq
                0x08008db4       0x28 ./Drivers/STM32F7xx_HAL_Driver/Src/stm32f7xx_hal_rcc.o
                0x08008db4                HAL_RCC_GetPCLK2Freq
 .text.HAL_RCCEx_PeriphCLKConfig
                0x08008ddc      0xfc8 ./Drivers/STM32F7xx_HAL_Driver/Src/stm32f7xx_hal_rcc_ex.o
                0x08008ddc                HAL_RCCEx_PeriphCLKConfig
 .text.HAL_SPI_Init
                0x08009da4      0x418 ./Drivers/STM32F7xx_HAL_Driver/Src/stm32f7xx_hal_spi.o
                0x08009da4                HAL_SPI_Init
 .text.HAL_SPI_TransmitReceive
                0x0800a1bc      0x45c ./Drivers/STM32F7xx_HAL_Driver/Src/stm32f7xx_hal_spi.o
                0x0800a1bc                HAL_SPI_TransmitReceive
 .text.HAL_SPI_IRQHandler
                0x0800a618      0x200 ./Drivers/STM32F7xx_HAL_Driver/Src/stm32f7xx_hal_spi.o
                0x0800a618                HAL_SPI_IRQHandler
 .text.HAL_SPI_ErrorCallback
                0x0800a818       0x14 ./Drivers/STM32F7xx_HAL_Driver/Src/stm32f7xx_hal_spi.o
                0x0800a818                HAL_SPI_ErrorCallback
 .text.SPI_DMAAbortOnError
                0x0800a82c       0x2a ./Drivers/STM32F7xx_HAL_Driver/Src/stm32f7xx_hal_spi.o
 *fill*         0x0800a856        0x2 
 .text.SPI_WaitFlagStateUntilTimeout
                0x0800a858      0x110 ./Drivers/STM32F7xx_HAL_Driver/Src/stm32f7xx_hal_spi.o
 .text.SPI_WaitFifoStateUntilTimeout
                0x0800a968      0x12c ./Drivers/STM32F7xx_HAL_Driver/Src/stm32f7xx_hal_spi.o
 .text.SPI_EndRxTxTransaction
                0x0800aa94       0xd4 ./Drivers/STM32F7xx_HAL_Driver/Src/stm32f7xx_hal_spi.o
 .text.HAL_TIM_Base_Init
                0x0800ab68      0x240 ./Drivers/STM32F7xx_HAL_Driver/Src/stm32f7xx_hal_tim.o
                0x0800ab68                HAL_TIM_Base_Init
 .text.HAL_TIM_OC_Init
                0x0800ada8      0x240 ./Drivers/STM32F7xx_HAL_Driver/Src/stm32f7xx_hal_tim.o
                0x0800ada8                HAL_TIM_OC_Init
 .text.HAL_TIM_OC_MspInit
                0x0800afe8       0x14 ./Drivers/STM32F7xx_HAL_Driver/Src/stm32f7xx_hal_tim.o
                0x0800afe8                HAL_TIM_OC_MspInit
 .text.HAL_TIM_PWM_Init
                0x0800affc      0x240 ./Drivers/STM32F7xx_HAL_Driver/Src/stm32f7xx_hal_tim.o
                0x0800affc                HAL_TIM_PWM_Init
 .text.HAL_TIM_PWM_MspInit
                0x0800b23c       0x14 ./Drivers/STM32F7xx_HAL_Driver/Src/stm32f7xx_hal_tim.o
                0x0800b23c                HAL_TIM_PWM_MspInit
 .text.HAL_TIM_PWM_Start
                0x0800b250      0x394 ./Drivers/STM32F7xx_HAL_Driver/Src/stm32f7xx_hal_tim.o
                0x0800b250                HAL_TIM_PWM_Start
 .text.HAL_TIM_OnePulse_Init
                0x0800b5e4      0x248 ./Drivers/STM32F7xx_HAL_Driver/Src/stm32f7xx_hal_tim.o
                0x0800b5e4                HAL_TIM_OnePulse_Init
 .text.HAL_TIM_OnePulse_MspInit
                0x0800b82c       0x14 ./Drivers/STM32F7xx_HAL_Driver/Src/stm32f7xx_hal_tim.o
                0x0800b82c                HAL_TIM_OnePulse_MspInit
 .text.HAL_TIM_OnePulse_Start_IT
                0x0800b840       0xe4 ./Drivers/STM32F7xx_HAL_Driver/Src/stm32f7xx_hal_tim.o
                0x0800b840                HAL_TIM_OnePulse_Start_IT
 .text.HAL_TIM_OnePulse_Stop_IT
                0x0800b924       0xf8 ./Drivers/STM32F7xx_HAL_Driver/Src/stm32f7xx_hal_tim.o
                0x0800b924                HAL_TIM_OnePulse_Stop_IT
 .text.HAL_TIM_IRQHandler
                0x0800ba1c      0x20e ./Drivers/STM32F7xx_HAL_Driver/Src/stm32f7xx_hal_tim.o
                0x0800ba1c                HAL_TIM_IRQHandler
 *fill*         0x0800bc2a        0x2 
 .text.HAL_TIM_OC_ConfigChannel
                0x0800bc2c      0x380 ./Drivers/STM32F7xx_HAL_Driver/Src/stm32f7xx_hal_tim.o
                0x0800bc2c                HAL_TIM_OC_ConfigChannel
 .text.HAL_TIM_PWM_ConfigChannel
                0x0800bfac      0x4d0 ./Drivers/STM32F7xx_HAL_Driver/Src/stm32f7xx_hal_tim.o
                0x0800bfac                HAL_TIM_PWM_ConfigChannel
 .text.HAL_TIM_GenerateEvent
                0x0800c47c      0x130 ./Drivers/STM32F7xx_HAL_Driver/Src/stm32f7xx_hal_tim.o
                0x0800c47c                HAL_TIM_GenerateEvent
 .text.HAL_TIM_ConfigClockSource
                0x0800c5ac      0x6a4 ./Drivers/STM32F7xx_HAL_Driver/Src/stm32f7xx_hal_tim.o
                0x0800c5ac                HAL_TIM_ConfigClockSource
 .text.HAL_TIM_SlaveConfigSynchro
                0x0800cc50      0x184 ./Drivers/STM32F7xx_HAL_Driver/Src/stm32f7xx_hal_tim.o
                0x0800cc50                HAL_TIM_SlaveConfigSynchro
 .text.HAL_TIM_PeriodElapsedCallback
                0x0800cdd4       0x14 ./Drivers/STM32F7xx_HAL_Driver/Src/stm32f7xx_hal_tim.o
                0x0800cdd4                HAL_TIM_PeriodElapsedCallback
 .text.HAL_TIM_OC_DelayElapsedCallback
                0x0800cde8       0x14 ./Drivers/STM32F7xx_HAL_Driver/Src/stm32f7xx_hal_tim.o
                0x0800cde8                HAL_TIM_OC_DelayElapsedCallback
 .text.HAL_TIM_IC_CaptureCallback
                0x0800cdfc       0x14 ./Drivers/STM32F7xx_HAL_Driver/Src/stm32f7xx_hal_tim.o
                0x0800cdfc                HAL_TIM_IC_CaptureCallback
 .text.HAL_TIM_TriggerCallback
                0x0800ce10       0x14 ./Drivers/STM32F7xx_HAL_Driver/Src/stm32f7xx_hal_tim.o
                0x0800ce10                HAL_TIM_TriggerCallback
 .text.TIM_Base_SetConfig
                0x0800ce24      0x158 ./Drivers/STM32F7xx_HAL_Driver/Src/stm32f7xx_hal_tim.o
                0x0800ce24                TIM_Base_SetConfig
 .text.TIM_OC1_SetConfig
                0x0800cf7c      0x138 ./Drivers/STM32F7xx_HAL_Driver/Src/stm32f7xx_hal_tim.o
 .text.TIM_OC2_SetConfig
                0x0800d0b4      0x140 ./Drivers/STM32F7xx_HAL_Driver/Src/stm32f7xx_hal_tim.o
                0x0800d0b4                TIM_OC2_SetConfig
 .text.TIM_OC3_SetConfig
                0x0800d1f4      0x140 ./Drivers/STM32F7xx_HAL_Driver/Src/stm32f7xx_hal_tim.o
 .text.TIM_OC4_SetConfig
                0x0800d334       0xcc ./Drivers/STM32F7xx_HAL_Driver/Src/stm32f7xx_hal_tim.o
 .text.TIM_OC5_SetConfig
                0x0800d400       0xa4 ./Drivers/STM32F7xx_HAL_Driver/Src/stm32f7xx_hal_tim.o
 .text.TIM_OC6_SetConfig
                0x0800d4a4       0xa8 ./Drivers/STM32F7xx_HAL_Driver/Src/stm32f7xx_hal_tim.o
 .text.TIM_SlaveTimer_SetConfig
                0x0800d54c      0x4cc ./Drivers/STM32F7xx_HAL_Driver/Src/stm32f7xx_hal_tim.o
 .text.TIM_TI1_ConfigInputStage
                0x0800da18       0x5e ./Drivers/STM32F7xx_HAL_Driver/Src/stm32f7xx_hal_tim.o
 .text.TIM_TI2_ConfigInputStage
                0x0800da76       0x60 ./Drivers/STM32F7xx_HAL_Driver/Src/stm32f7xx_hal_tim.o
 .text.TIM_ITRx_SetConfig
                0x0800dad6       0x36 ./Drivers/STM32F7xx_HAL_Driver/Src/stm32f7xx_hal_tim.o
 .text.TIM_ETR_SetConfig
                0x0800db0c       0x40 ./Drivers/STM32F7xx_HAL_Driver/Src/stm32f7xx_hal_tim.o
                0x0800db0c                TIM_ETR_SetConfig
 .text.TIM_CCxChannelCmd
                0x0800db4c      0x114 ./Drivers/STM32F7xx_HAL_Driver/Src/stm32f7xx_hal_tim.o
                0x0800db4c                TIM_CCxChannelCmd
 .text.HAL_TIMEx_MasterConfigSynchronization
                0x0800dc60      0x2b0 ./Drivers/STM32F7xx_HAL_Driver/Src/stm32f7xx_hal_tim_ex.o
                0x0800dc60                HAL_TIMEx_MasterConfigSynchronization
 .text.HAL_TIMEx_ConfigBreakDeadTime
                0x0800df10      0x244 ./Drivers/STM32F7xx_HAL_Driver/Src/stm32f7xx_hal_tim_ex.o
                0x0800df10                HAL_TIMEx_ConfigBreakDeadTime
 .text.HAL_TIMEx_CommutCallback
                0x0800e154       0x14 ./Drivers/STM32F7xx_HAL_Driver/Src/stm32f7xx_hal_tim_ex.o
                0x0800e154                HAL_TIMEx_CommutCallback
 .text.HAL_TIMEx_BreakCallback
                0x0800e168       0x14 ./Drivers/STM32F7xx_HAL_Driver/Src/stm32f7xx_hal_tim_ex.o
                0x0800e168                HAL_TIMEx_BreakCallback
 .text.HAL_TIMEx_Break2Callback
                0x0800e17c       0x14 ./Drivers/STM32F7xx_HAL_Driver/Src/stm32f7xx_hal_tim_ex.o
                0x0800e17c                HAL_TIMEx_Break2Callback
 .text.HAL_UART_Init
                0x0800e190      0x180 ./Drivers/STM32F7xx_HAL_Driver/Src/stm32f7xx_hal_uart.o
                0x0800e190                HAL_UART_Init
 .text.UART_SetConfig
                0x0800e310      0x5ec ./Drivers/STM32F7xx_HAL_Driver/Src/stm32f7xx_hal_uart.o
                0x0800e310                UART_SetConfig
 .text.UART_AdvFeatureConfig
                0x0800e8fc      0x2b0 ./Drivers/STM32F7xx_HAL_Driver/Src/stm32f7xx_hal_uart.o
                0x0800e8fc                UART_AdvFeatureConfig
 .text.UART_CheckIdleState
                0x0800ebac       0xae ./Drivers/STM32F7xx_HAL_Driver/Src/stm32f7xx_hal_uart.o
                0x0800ebac                UART_CheckIdleState
 .text.UART_WaitOnFlagUntilTimeout
                0x0800ec5a       0xda ./Drivers/STM32F7xx_HAL_Driver/Src/stm32f7xx_hal_uart.o
                0x0800ec5a                UART_WaitOnFlagUntilTimeout
 .text.UART_EndRxTransfer
                0x0800ed34       0xc8 ./Drivers/STM32F7xx_HAL_Driver/Src/stm32f7xx_hal_uart.o
 .text.vListInitialise
                0x0800edfc       0x40 ./FreeRTOS-Kernel/list.o
                0x0800edfc                vListInitialise
 .text.vListInitialiseItem
                0x0800ee3c       0x1a ./FreeRTOS-Kernel/list.o
                0x0800ee3c                vListInitialiseItem
 .text.vListInsertEnd
                0x0800ee56       0x48 ./FreeRTOS-Kernel/list.o
                0x0800ee56                vListInsertEnd
 .text.vListInsert
                0x0800ee9e       0x72 ./FreeRTOS-Kernel/list.o
                0x0800ee9e                vListInsert
 .text.uxListRemove
                0x0800ef10       0x54 ./FreeRTOS-Kernel/list.o
                0x0800ef10                uxListRemove
 .text.xQueueGenericReset
                0x0800ef64      0x13c ./FreeRTOS-Kernel/queue.o
                0x0800ef64                xQueueGenericReset
 .text.xQueueGenericCreate
                0x0800f0a0       0xac ./FreeRTOS-Kernel/queue.o
                0x0800f0a0                xQueueGenericCreate
 .text.prvInitialiseNewQueue
                0x0800f14c       0x46 ./FreeRTOS-Kernel/queue.o
 .text.prvInitialiseMutex
                0x0800f192       0x34 ./FreeRTOS-Kernel/queue.o
 .text.xQueueCreateMutex
                0x0800f1c6       0x30 ./FreeRTOS-Kernel/queue.o
                0x0800f1c6                xQueueCreateMutex
 *fill*         0x0800f1f6        0x2 
 .text.xQueueGiveMutexRecursive
                0x0800f1f8       0x78 ./FreeRTOS-Kernel/queue.o
                0x0800f1f8                xQueueGiveMutexRecursive
 .text.xQueueTakeMutexRecursive
                0x0800f270       0x7c ./FreeRTOS-Kernel/queue.o
                0x0800f270                xQueueTakeMutexRecursive
 .text.xQueueGenericSend
                0x0800f2ec      0x230 ./FreeRTOS-Kernel/queue.o
                0x0800f2ec                xQueueGenericSend
 .text.xQueueReceive
                0x0800f51c      0x1e8 ./FreeRTOS-Kernel/queue.o
                0x0800f51c                xQueueReceive
 .text.xQueueSemaphoreTake
                0x0800f704      0x224 ./FreeRTOS-Kernel/queue.o
                0x0800f704                xQueueSemaphoreTake
 .text.vQueueDelete
                0x0800f928       0x48 ./FreeRTOS-Kernel/queue.o
                0x0800f928                vQueueDelete
 .text.prvGetDisinheritPriorityAfterTimeout
                0x0800f970       0x30 ./FreeRTOS-Kernel/queue.o
 .text.prvCopyDataToQueue
                0x0800f9a0       0xd4 ./FreeRTOS-Kernel/queue.o
 .text.prvCopyDataFromQueue
                0x0800fa74       0x4c ./FreeRTOS-Kernel/queue.o
 .text.prvUnlockQueue
                0x0800fac0       0xa4 ./FreeRTOS-Kernel/queue.o
 .text.prvIsQueueEmpty
                0x0800fb64       0x2c ./FreeRTOS-Kernel/queue.o
 .text.prvIsQueueFull
                0x0800fb90       0x30 ./FreeRTOS-Kernel/queue.o
 .text.vQueueWaitForMessageRestricted
                0x0800fbc0       0x68 ./FreeRTOS-Kernel/queue.o
                0x0800fbc0                vQueueWaitForMessageRestricted
 .text.prvCreateTask
                0x0800fc28       0x78 ./FreeRTOS-Kernel/tasks.o
 .text.xTaskCreate
                0x0800fca0       0x46 ./FreeRTOS-Kernel/tasks.o
                0x0800fca0                xTaskCreate
 *fill*         0x0800fce6        0x2 
 .text.prvInitialiseNewTask
                0x0800fce8      0x16c ./FreeRTOS-Kernel/tasks.o
 .text.prvAddNewTaskToReadyList
                0x0800fe54      0x130 ./FreeRTOS-Kernel/tasks.o
 .text.vTaskDelete
                0x0800ff84      0x154 ./FreeRTOS-Kernel/tasks.o
                0x0800ff84                vTaskDelete
 .text.vTaskDelay
                0x080100d8       0x78 ./FreeRTOS-Kernel/tasks.o
                0x080100d8                vTaskDelay
 .text.eTaskGetState
                0x08010150      0x11c ./FreeRTOS-Kernel/tasks.o
                0x08010150                eTaskGetState
 .text.prvCreateIdleTasks
                0x0801026c       0x98 ./FreeRTOS-Kernel/tasks.o
 .text.vTaskStartScheduler
                0x08010304       0xac ./FreeRTOS-Kernel/tasks.o
                0x08010304                vTaskStartScheduler
 .text.vTaskSuspendAll
                0x080103b0       0x1c ./FreeRTOS-Kernel/tasks.o
                0x080103b0                vTaskSuspendAll
 .text.xTaskResumeAll
                0x080103cc      0x220 ./FreeRTOS-Kernel/tasks.o
                0x080103cc                xTaskResumeAll
 .text.xTaskGetTickCount
                0x080105ec       0x20 ./FreeRTOS-Kernel/tasks.o
                0x080105ec                xTaskGetTickCount
 .text.uxTaskGetNumberOfTasks
                0x0801060c       0x18 ./FreeRTOS-Kernel/tasks.o
                0x0801060c                uxTaskGetNumberOfTasks
 .text.uxTaskGetSystemState
                0x08010624      0x10c ./FreeRTOS-Kernel/tasks.o
                0x08010624                uxTaskGetSystemState
 .text.xTaskIncrementTick
                0x08010730      0x240 ./FreeRTOS-Kernel/tasks.o
                0x08010730                xTaskIncrementTick
 .text.vTaskSwitchContext
                0x08010970      0x15c ./FreeRTOS-Kernel/tasks.o
                0x08010970                vTaskSwitchContext
 .text.vTaskPlaceOnEventList
                0x08010acc       0x58 ./FreeRTOS-Kernel/tasks.o
                0x08010acc                vTaskPlaceOnEventList
 .text.vTaskPlaceOnEventListRestricted
                0x08010b24       0x9c ./FreeRTOS-Kernel/tasks.o
                0x08010b24                vTaskPlaceOnEventListRestricted
 .text.xTaskRemoveFromEventList
                0x08010bc0      0x1bc ./FreeRTOS-Kernel/tasks.o
                0x08010bc0                xTaskRemoveFromEventList
 .text.vTaskInternalSetTimeOutState
                0x08010d7c       0x2c ./FreeRTOS-Kernel/tasks.o
                0x08010d7c                vTaskInternalSetTimeOutState
 .text.xTaskCheckForTimeOut
                0x08010da8       0xe8 ./FreeRTOS-Kernel/tasks.o
                0x08010da8                xTaskCheckForTimeOut
 .text.vTaskMissedYield
                0x08010e90       0x18 ./FreeRTOS-Kernel/tasks.o
                0x08010e90                vTaskMissedYield
 .text.prvIdleTask
                0x08010ea8       0x30 ./FreeRTOS-Kernel/tasks.o
 .text.prvInitialiseTaskLists
                0x08010ed8       0x80 ./FreeRTOS-Kernel/tasks.o
 .text.prvCheckTasksWaitingTermination
                0x08010f58       0x5c ./FreeRTOS-Kernel/tasks.o
 .text.vTaskGetInfo
                0x08010fb4      0x124 ./FreeRTOS-Kernel/tasks.o
                0x08010fb4                vTaskGetInfo
 .text.prvListTasksWithinSingleList
                0x080110d8       0x66 ./FreeRTOS-Kernel/tasks.o
 .text.prvTaskCheckFreeStackSpace
                0x0801113e       0x36 ./FreeRTOS-Kernel/tasks.o
 .text.prvDeleteTCB
                0x08011174       0x2a ./FreeRTOS-Kernel/tasks.o
 *fill*         0x0801119e        0x2 
 .text.prvResetNextTaskUnblockTime
                0x080111a0       0x38 ./FreeRTOS-Kernel/tasks.o
 .text.xTaskGetCurrentTaskHandle
                0x080111d8       0x20 ./FreeRTOS-Kernel/tasks.o
                0x080111d8                xTaskGetCurrentTaskHandle
 .text.xTaskGetSchedulerState
                0x080111f8       0x3c ./FreeRTOS-Kernel/tasks.o
                0x080111f8                xTaskGetSchedulerState
 .text.xTaskPriorityInherit
                0x08011234      0x140 ./FreeRTOS-Kernel/tasks.o
                0x08011234                xTaskPriorityInherit
 .text.xTaskPriorityDisinherit
                0x08011374      0x168 ./FreeRTOS-Kernel/tasks.o
                0x08011374                xTaskPriorityDisinherit
 .text.vTaskPriorityDisinheritAfterTimeout
                0x080114dc      0x194 ./FreeRTOS-Kernel/tasks.o
                0x080114dc                vTaskPriorityDisinheritAfterTimeout
 .text.pvTaskIncrementMutexHeldCount
                0x08011670       0x30 ./FreeRTOS-Kernel/tasks.o
                0x08011670                pvTaskIncrementMutexHeldCount
 .text.prvAddCurrentTaskToDelayedList
                0x080116a0      0x104 ./FreeRTOS-Kernel/tasks.o
 .text.xTimerCreateTimerTask
                0x080117a4       0x74 ./FreeRTOS-Kernel/timers.o
                0x080117a4                xTimerCreateTimerTask
 .text.prvReloadTimer
                0x08011818       0x42 ./FreeRTOS-Kernel/timers.o
 *fill*         0x0801185a        0x2 
 .text.prvProcessExpiredTimer
                0x0801185c       0x60 ./FreeRTOS-Kernel/timers.o
 .text.prvTimerTask
                0x080118bc       0x26 ./FreeRTOS-Kernel/timers.o
 *fill*         0x080118e2        0x2 
 .text.prvProcessTimerOrBlockTask
                0x080118e4       0x9c ./FreeRTOS-Kernel/timers.o
 .text.prvGetNextExpireTime
                0x08011980       0x48 ./FreeRTOS-Kernel/timers.o
 .text.prvSampleTimeNow
                0x080119c8       0x40 ./FreeRTOS-Kernel/timers.o
 .text.prvInsertTimerInActiveList
                0x08011a08       0x84 ./FreeRTOS-Kernel/timers.o
 .text.prvProcessReceivedCommands
                0x08011a8c      0x19c ./FreeRTOS-Kernel/timers.o
 .text.prvSwitchTimerLists
                0x08011c28       0x4c ./FreeRTOS-Kernel/timers.o
 .text.prvCheckForValidListAndQueue
                0x08011c74       0x54 ./FreeRTOS-Kernel/timers.o
 .text.pxPortInitialiseStack
                0x08011cc8       0x68 ./FreeRTOS-Kernel/portable/GCC/ARM_CM7/r0p1/port.o
                0x08011cc8                pxPortInitialiseStack
 .text.prvTaskExitError
                0x08011d30       0x68 ./FreeRTOS-Kernel/portable/GCC/ARM_CM7/r0p1/port.o
 *fill*         0x08011d98        0x8 
 .text.SVC_Handler
                0x08011da0       0x28 ./FreeRTOS-Kernel/portable/GCC/ARM_CM7/r0p1/port.o
                0x08011da0                SVC_Handler
 .text.prvPortStartFirstTask
                0x08011dc8       0x2c ./FreeRTOS-Kernel/portable/GCC/ARM_CM7/r0p1/port.o
 .text.xPortStartScheduler
                0x08011df4      0x1bc ./FreeRTOS-Kernel/portable/GCC/ARM_CM7/r0p1/port.o
                0x08011df4                xPortStartScheduler
 .text.vPortEnterCritical
                0x08011fb0       0x70 ./FreeRTOS-Kernel/portable/GCC/ARM_CM7/r0p1/port.o
                0x08011fb0                vPortEnterCritical
 .text.vPortExitCritical
                0x08012020       0x60 ./FreeRTOS-Kernel/portable/GCC/ARM_CM7/r0p1/port.o
                0x08012020                vPortExitCritical
 .text.PendSV_Handler
                0x08012080       0x68 ./FreeRTOS-Kernel/portable/GCC/ARM_CM7/r0p1/port.o
                0x08012080                PendSV_Handler
 .text.xPortSysTickHandler
                0x080120e8       0x48 ./FreeRTOS-Kernel/portable/GCC/ARM_CM7/r0p1/port.o
                0x080120e8                xPortSysTickHandler
 .text.vPortSetupTimerInterrupt
                0x08012130       0x48 ./FreeRTOS-Kernel/portable/GCC/ARM_CM7/r0p1/port.o
                0x08012130                vPortSetupTimerInterrupt
 .text.vPortEnableVFP
                0x08012178       0x18 ./FreeRTOS-Kernel/portable/GCC/ARM_CM7/r0p1/port.o
 .text.__assert_func
                0x08012190       0x3c G:/Programs/ST/STM32CubeIDE_1.18.1/STM32CubeIDE/plugins/com.st.stm32cube.ide.mcu.externaltools.gnu-tools-for-stm32.13.3.rel1.win32_1.0.0.202411081344/tools/bin/../lib/gcc/arm-none-eabi/13.3.1/../../../../arm-none-eabi/lib/thumb/v7e-m+fp/hard\libc_nano.a(libc_a-assert.o)
                0x08012190                __assert_func
 .text.atof     0x080121cc        0x6 G:/Programs/ST/STM32CubeIDE_1.18.1/STM32CubeIDE/plugins/com.st.stm32cube.ide.mcu.externaltools.gnu-tools-for-stm32.13.3.rel1.win32_1.0.0.202411081344/tools/bin/../lib/gcc/arm-none-eabi/13.3.1/../../../../arm-none-eabi/lib/thumb/v7e-m+fp/hard\libc_nano.a(libc_a-atof.o)
                0x080121cc                atof
 .text.atoi     0x080121d2        0x8 G:/Programs/ST/STM32CubeIDE_1.18.1/STM32CubeIDE/plugins/com.st.stm32cube.ide.mcu.externaltools.gnu-tools-for-stm32.13.3.rel1.win32_1.0.0.202411081344/tools/bin/../lib/gcc/arm-none-eabi/13.3.1/../../../../arm-none-eabi/lib/thumb/v7e-m+fp/hard\libc_nano.a(libc_a-atoi.o)
                0x080121d2                atoi
 *fill*         0x080121da        0x2 
 .text.calloc   0x080121dc       0x10 G:/Programs/ST/STM32CubeIDE_1.18.1/STM32CubeIDE/plugins/com.st.stm32cube.ide.mcu.externaltools.gnu-tools-for-stm32.13.3.rel1.win32_1.0.0.202411081344/tools/bin/../lib/gcc/arm-none-eabi/13.3.1/../../../../arm-none-eabi/lib/thumb/v7e-m+fp/hard\libc_nano.a(libc_a-calloc.o)
                0x080121dc                calloc
 .text._calloc_r
                0x080121ec       0x28 G:/Programs/ST/STM32CubeIDE_1.18.1/STM32CubeIDE/plugins/com.st.stm32cube.ide.mcu.externaltools.gnu-tools-for-stm32.13.3.rel1.win32_1.0.0.202411081344/tools/bin/../lib/gcc/arm-none-eabi/13.3.1/../../../../arm-none-eabi/lib/thumb/v7e-m+fp/hard\libc_nano.a(libc_a-callocr.o)
                0x080121ec                _calloc_r
 .text.getenv   0x08012214       0x18 G:/Programs/ST/STM32CubeIDE_1.18.1/STM32CubeIDE/plugins/com.st.stm32cube.ide.mcu.externaltools.gnu-tools-for-stm32.13.3.rel1.win32_1.0.0.202411081344/tools/bin/../lib/gcc/arm-none-eabi/13.3.1/../../../../arm-none-eabi/lib/thumb/v7e-m+fp/hard\libc_nano.a(libc_a-getenv.o)
                0x08012214                getenv
 .text._findenv_r
                0x0801222c       0x78 G:/Programs/ST/STM32CubeIDE_1.18.1/STM32CubeIDE/plugins/com.st.stm32cube.ide.mcu.externaltools.gnu-tools-for-stm32.13.3.rel1.win32_1.0.0.202411081344/tools/bin/../lib/gcc/arm-none-eabi/13.3.1/../../../../arm-none-eabi/lib/thumb/v7e-m+fp/hard\libc_nano.a(libc_a-getenv_r.o)
                0x0801222c                _findenv_r
 .text.malloc   0x080122a4       0x10 G:/Programs/ST/STM32CubeIDE_1.18.1/STM32CubeIDE/plugins/com.st.stm32cube.ide.mcu.externaltools.gnu-tools-for-stm32.13.3.rel1.win32_1.0.0.202411081344/tools/bin/../lib/gcc/arm-none-eabi/13.3.1/../../../../arm-none-eabi/lib/thumb/v7e-m+fp/hard\libc_nano.a(libc_a-malloc.o)
                0x080122a4                malloc
 .text.free     0x080122b4       0x10 G:/Programs/ST/STM32CubeIDE_1.18.1/STM32CubeIDE/plugins/com.st.stm32cube.ide.mcu.externaltools.gnu-tools-for-stm32.13.3.rel1.win32_1.0.0.202411081344/tools/bin/../lib/gcc/arm-none-eabi/13.3.1/../../../../arm-none-eabi/lib/thumb/v7e-m+fp/hard\libc_nano.a(libc_a-malloc.o)
                0x080122b4                free
 .text.sbrk_aligned
                0x080122c4       0x44 G:/Programs/ST/STM32CubeIDE_1.18.1/STM32CubeIDE/plugins/com.st.stm32cube.ide.mcu.externaltools.gnu-tools-for-stm32.13.3.rel1.win32_1.0.0.202411081344/tools/bin/../lib/gcc/arm-none-eabi/13.3.1/../../../../arm-none-eabi/lib/thumb/v7e-m+fp/hard\libc_nano.a(libc_a-mallocr.o)
 .text._malloc_r
                0x08012308      0x100 G:/Programs/ST/STM32CubeIDE_1.18.1/STM32CubeIDE/plugins/com.st.stm32cube.ide.mcu.externaltools.gnu-tools-for-stm32.13.3.rel1.win32_1.0.0.202411081344/tools/bin/../lib/gcc/arm-none-eabi/13.3.1/../../../../arm-none-eabi/lib/thumb/v7e-m+fp/hard\libc_nano.a(libc_a-mallocr.o)
                0x08012308                _malloc_r
 .text.mallinfo
                0x08012408       0x14 G:/Programs/ST/STM32CubeIDE_1.18.1/STM32CubeIDE/plugins/com.st.stm32cube.ide.mcu.externaltools.gnu-tools-for-stm32.13.3.rel1.win32_1.0.0.202411081344/tools/bin/../lib/gcc/arm-none-eabi/13.3.1/../../../../arm-none-eabi/lib/thumb/v7e-m+fp/hard\libc_nano.a(libc_a-mstats.o)
                0x08012408                mallinfo
 .text.sulp     0x0801241c       0x3c G:/Programs/ST/STM32CubeIDE_1.18.1/STM32CubeIDE/plugins/com.st.stm32cube.ide.mcu.externaltools.gnu-tools-for-stm32.13.3.rel1.win32_1.0.0.202411081344/tools/bin/../lib/gcc/arm-none-eabi/13.3.1/../../../../arm-none-eabi/lib/thumb/v7e-m+fp/hard\libc_nano.a(libc_a-strtod.o)
 .text._strtod_l
                0x08012458      0xbc8 G:/Programs/ST/STM32CubeIDE_1.18.1/STM32CubeIDE/plugins/com.st.stm32cube.ide.mcu.externaltools.gnu-tools-for-stm32.13.3.rel1.win32_1.0.0.202411081344/tools/bin/../lib/gcc/arm-none-eabi/13.3.1/../../../../arm-none-eabi/lib/thumb/v7e-m+fp/hard\libc_nano.a(libc_a-strtod.o)
                0x08012458                _strtod_l
 .text._strtod_r
                0x08013020        0xc G:/Programs/ST/STM32CubeIDE_1.18.1/STM32CubeIDE/plugins/com.st.stm32cube.ide.mcu.externaltools.gnu-tools-for-stm32.13.3.rel1.win32_1.0.0.202411081344/tools/bin/../lib/gcc/arm-none-eabi/13.3.1/../../../../arm-none-eabi/lib/thumb/v7e-m+fp/hard\libc_nano.a(libc_a-strtod.o)
                0x08013020                _strtod_r
 .text.strtod   0x0801302c       0x18 G:/Programs/ST/STM32CubeIDE_1.18.1/STM32CubeIDE/plugins/com.st.stm32cube.ide.mcu.externaltools.gnu-tools-for-stm32.13.3.rel1.win32_1.0.0.202411081344/tools/bin/../lib/gcc/arm-none-eabi/13.3.1/../../../../arm-none-eabi/lib/thumb/v7e-m+fp/hard\libc_nano.a(libc_a-strtod.o)
                0x0801302c                strtod
 .text._strtol_l.isra.0
                0x08013044       0xf4 G:/Programs/ST/STM32CubeIDE_1.18.1/STM32CubeIDE/plugins/com.st.stm32cube.ide.mcu.externaltools.gnu-tools-for-stm32.13.3.rel1.win32_1.0.0.202411081344/tools/bin/../lib/gcc/arm-none-eabi/13.3.1/../../../../arm-none-eabi/lib/thumb/v7e-m+fp/hard\libc_nano.a(libc_a-strtol.o)
 .text._strtol_r
                0x08013138        0x4 G:/Programs/ST/STM32CubeIDE_1.18.1/STM32CubeIDE/plugins/com.st.stm32cube.ide.mcu.externaltools.gnu-tools-for-stm32.13.3.rel1.win32_1.0.0.202411081344/tools/bin/../lib/gcc/arm-none-eabi/13.3.1/../../../../arm-none-eabi/lib/thumb/v7e-m+fp/hard\libc_nano.a(libc_a-strtol.o)
                0x08013138                _strtol_r
 .text.strtol   0x0801313c       0x14 G:/Programs/ST/STM32CubeIDE_1.18.1/STM32CubeIDE/plugins/com.st.stm32cube.ide.mcu.externaltools.gnu-tools-for-stm32.13.3.rel1.win32_1.0.0.202411081344/tools/bin/../lib/gcc/arm-none-eabi/13.3.1/../../../../arm-none-eabi/lib/thumb/v7e-m+fp/hard\libc_nano.a(libc_a-strtol.o)
                0x0801313c                strtol
 .text.setenv   0x08013150       0x14 G:/Programs/ST/STM32CubeIDE_1.18.1/STM32CubeIDE/plugins/com.st.stm32cube.ide.mcu.externaltools.gnu-tools-for-stm32.13.3.rel1.win32_1.0.0.202411081344/tools/bin/../lib/gcc/arm-none-eabi/13.3.1/../../../../arm-none-eabi/lib/thumb/v7e-m+fp/hard\libc_nano.a(libc_a-setenv.o)
                0x08013150                setenv
 .text._setenv_r
                0x08013164      0x130 G:/Programs/ST/STM32CubeIDE_1.18.1/STM32CubeIDE/plugins/com.st.stm32cube.ide.mcu.externaltools.gnu-tools-for-stm32.13.3.rel1.win32_1.0.0.202411081344/tools/bin/../lib/gcc/arm-none-eabi/13.3.1/../../../../arm-none-eabi/lib/thumb/v7e-m+fp/hard\libc_nano.a(libc_a-setenv_r.o)
                0x08013164                _setenv_r
 .text.__cvt    0x08013294       0xca G:/Programs/ST/STM32CubeIDE_1.18.1/STM32CubeIDE/plugins/com.st.stm32cube.ide.mcu.externaltools.gnu-tools-for-stm32.13.3.rel1.win32_1.0.0.202411081344/tools/bin/../lib/gcc/arm-none-eabi/13.3.1/../../../../arm-none-eabi/lib/thumb/v7e-m+fp/hard\libc_nano.a(libc_a-nano-vfprintf_float.o)
                0x08013294                __cvt
 .text.__exponent
                0x0801335e       0x74 G:/Programs/ST/STM32CubeIDE_1.18.1/STM32CubeIDE/plugins/com.st.stm32cube.ide.mcu.externaltools.gnu-tools-for-stm32.13.3.rel1.win32_1.0.0.202411081344/tools/bin/../lib/gcc/arm-none-eabi/13.3.1/../../../../arm-none-eabi/lib/thumb/v7e-m+fp/hard\libc_nano.a(libc_a-nano-vfprintf_float.o)
                0x0801335e                __exponent
 *fill*         0x080133d2        0x2 
 .text._printf_float
                0x080133d4      0x454 G:/Programs/ST/STM32CubeIDE_1.18.1/STM32CubeIDE/plugins/com.st.stm32cube.ide.mcu.externaltools.gnu-tools-for-stm32.13.3.rel1.win32_1.0.0.202411081344/tools/bin/../lib/gcc/arm-none-eabi/13.3.1/../../../../arm-none-eabi/lib/thumb/v7e-m+fp/hard\libc_nano.a(libc_a-nano-vfprintf_float.o)
                0x080133d4                _printf_float
 .text._printf_common
                0x08013828       0xda G:/Programs/ST/STM32CubeIDE_1.18.1/STM32CubeIDE/plugins/com.st.stm32cube.ide.mcu.externaltools.gnu-tools-for-stm32.13.3.rel1.win32_1.0.0.202411081344/tools/bin/../lib/gcc/arm-none-eabi/13.3.1/../../../../arm-none-eabi/lib/thumb/v7e-m+fp/hard\libc_nano.a(libc_a-nano-vfprintf_i.o)
                0x08013828                _printf_common
 *fill*         0x08013902        0x2 
 .text._printf_i
                0x08013904      0x23c G:/Programs/ST/STM32CubeIDE_1.18.1/STM32CubeIDE/plugins/com.st.stm32cube.ide.mcu.externaltools.gnu-tools-for-stm32.13.3.rel1.win32_1.0.0.202411081344/tools/bin/../lib/gcc/arm-none-eabi/13.3.1/../../../../arm-none-eabi/lib/thumb/v7e-m+fp/hard\libc_nano.a(libc_a-nano-vfprintf_i.o)
                0x08013904                _printf_i
 .text._scanf_float
                0x08013b40      0x41c G:/Programs/ST/STM32CubeIDE_1.18.1/STM32CubeIDE/plugins/com.st.stm32cube.ide.mcu.externaltools.gnu-tools-for-stm32.13.3.rel1.win32_1.0.0.202411081344/tools/bin/../lib/gcc/arm-none-eabi/13.3.1/../../../../arm-none-eabi/lib/thumb/v7e-m+fp/hard\libc_nano.a(libc_a-nano-vfscanf_float.o)
                0x08013b40                _scanf_float
 .text._fclose_r
                0x08013f5c       0xac G:/Programs/ST/STM32CubeIDE_1.18.1/STM32CubeIDE/plugins/com.st.stm32cube.ide.mcu.externaltools.gnu-tools-for-stm32.13.3.rel1.win32_1.0.0.202411081344/tools/bin/../lib/gcc/arm-none-eabi/13.3.1/../../../../arm-none-eabi/lib/thumb/v7e-m+fp/hard\libc_nano.a(libc_a-fclose.o)
                0x08013f5c                _fclose_r
 .text.fclose   0x08014008       0x10 G:/Programs/ST/STM32CubeIDE_1.18.1/STM32CubeIDE/plugins/com.st.stm32cube.ide.mcu.externaltools.gnu-tools-for-stm32.13.3.rel1.win32_1.0.0.202411081344/tools/bin/../lib/gcc/arm-none-eabi/13.3.1/../../../../arm-none-eabi/lib/thumb/v7e-m+fp/hard\libc_nano.a(libc_a-fclose.o)
                0x08014008                fclose
 .text.__sflush_r
                0x08014018      0x108 G:/Programs/ST/STM32CubeIDE_1.18.1/STM32CubeIDE/plugins/com.st.stm32cube.ide.mcu.externaltools.gnu-tools-for-stm32.13.3.rel1.win32_1.0.0.202411081344/tools/bin/../lib/gcc/arm-none-eabi/13.3.1/../../../../arm-none-eabi/lib/thumb/v7e-m+fp/hard\libc_nano.a(libc_a-fflush.o)
                0x08014018                __sflush_r
 .text._fflush_r
                0x08014120       0x50 G:/Programs/ST/STM32CubeIDE_1.18.1/STM32CubeIDE/plugins/com.st.stm32cube.ide.mcu.externaltools.gnu-tools-for-stm32.13.3.rel1.win32_1.0.0.202411081344/tools/bin/../lib/gcc/arm-none-eabi/13.3.1/../../../../arm-none-eabi/lib/thumb/v7e-m+fp/hard\libc_nano.a(libc_a-fflush.o)
                0x08014120                _fflush_r
 .text.fflush   0x08014170       0x28 G:/Programs/ST/STM32CubeIDE_1.18.1/STM32CubeIDE/plugins/com.st.stm32cube.ide.mcu.externaltools.gnu-tools-for-stm32.13.3.rel1.win32_1.0.0.202411081344/tools/bin/../lib/gcc/arm-none-eabi/13.3.1/../../../../arm-none-eabi/lib/thumb/v7e-m+fp/hard\libc_nano.a(libc_a-fflush.o)
                0x08014170                fflush
 .text.std      0x08014198       0x6c G:/Programs/ST/STM32CubeIDE_1.18.1/STM32CubeIDE/plugins/com.st.stm32cube.ide.mcu.externaltools.gnu-tools-for-stm32.13.3.rel1.win32_1.0.0.202411081344/tools/bin/../lib/gcc/arm-none-eabi/13.3.1/../../../../arm-none-eabi/lib/thumb/v7e-m+fp/hard\libc_nano.a(libc_a-findfp.o)
 .text.stdio_exit_handler
                0x08014204       0x18 G:/Programs/ST/STM32CubeIDE_1.18.1/STM32CubeIDE/plugins/com.st.stm32cube.ide.mcu.externaltools.gnu-tools-for-stm32.13.3.rel1.win32_1.0.0.202411081344/tools/bin/../lib/gcc/arm-none-eabi/13.3.1/../../../../arm-none-eabi/lib/thumb/v7e-m+fp/hard\libc_nano.a(libc_a-findfp.o)
 .text.cleanup_stdio
                0x0801421c       0x40 G:/Programs/ST/STM32CubeIDE_1.18.1/STM32CubeIDE/plugins/com.st.stm32cube.ide.mcu.externaltools.gnu-tools-for-stm32.13.3.rel1.win32_1.0.0.202411081344/tools/bin/../lib/gcc/arm-none-eabi/13.3.1/../../../../arm-none-eabi/lib/thumb/v7e-m+fp/hard\libc_nano.a(libc_a-findfp.o)
 .text.global_stdio_init.part.0
                0x0801425c       0x3c G:/Programs/ST/STM32CubeIDE_1.18.1/STM32CubeIDE/plugins/com.st.stm32cube.ide.mcu.externaltools.gnu-tools-for-stm32.13.3.rel1.win32_1.0.0.202411081344/tools/bin/../lib/gcc/arm-none-eabi/13.3.1/../../../../arm-none-eabi/lib/thumb/v7e-m+fp/hard\libc_nano.a(libc_a-findfp.o)
 .text.__sfp_lock_acquire
                0x08014298        0xc G:/Programs/ST/STM32CubeIDE_1.18.1/STM32CubeIDE/plugins/com.st.stm32cube.ide.mcu.externaltools.gnu-tools-for-stm32.13.3.rel1.win32_1.0.0.202411081344/tools/bin/../lib/gcc/arm-none-eabi/13.3.1/../../../../arm-none-eabi/lib/thumb/v7e-m+fp/hard\libc_nano.a(libc_a-findfp.o)
                0x08014298                __sfp_lock_acquire
 .text.__sfp_lock_release
                0x080142a4        0xc G:/Programs/ST/STM32CubeIDE_1.18.1/STM32CubeIDE/plugins/com.st.stm32cube.ide.mcu.externaltools.gnu-tools-for-stm32.13.3.rel1.win32_1.0.0.202411081344/tools/bin/../lib/gcc/arm-none-eabi/13.3.1/../../../../arm-none-eabi/lib/thumb/v7e-m+fp/hard\libc_nano.a(libc_a-findfp.o)
                0x080142a4                __sfp_lock_release
 .text.__sfp    0x080142b0       0xa4 G:/Programs/ST/STM32CubeIDE_1.18.1/STM32CubeIDE/plugins/com.st.stm32cube.ide.mcu.externaltools.gnu-tools-for-stm32.13.3.rel1.win32_1.0.0.202411081344/tools/bin/../lib/gcc/arm-none-eabi/13.3.1/../../../../arm-none-eabi/lib/thumb/v7e-m+fp/hard\libc_nano.a(libc_a-findfp.o)
                0x080142b0                __sfp
 .text.__sinit  0x08014354       0x30 G:/Programs/ST/STM32CubeIDE_1.18.1/STM32CubeIDE/plugins/com.st.stm32cube.ide.mcu.externaltools.gnu-tools-for-stm32.13.3.rel1.win32_1.0.0.202411081344/tools/bin/../lib/gcc/arm-none-eabi/13.3.1/../../../../arm-none-eabi/lib/thumb/v7e-m+fp/hard\libc_nano.a(libc_a-findfp.o)
                0x08014354                __sinit
 .text.fprintf  0x08014384       0x24 G:/Programs/ST/STM32CubeIDE_1.18.1/STM32CubeIDE/plugins/com.st.stm32cube.ide.mcu.externaltools.gnu-tools-for-stm32.13.3.rel1.win32_1.0.0.202411081344/tools/bin/../lib/gcc/arm-none-eabi/13.3.1/../../../../arm-none-eabi/lib/thumb/v7e-m+fp/hard\libc_nano.a(libc_a-fprintf.o)
                0x08014384                fiprintf
                0x08014384                fprintf
 .text._fwalk_sglue
                0x080143a8       0x3c G:/Programs/ST/STM32CubeIDE_1.18.1/STM32CubeIDE/plugins/com.st.stm32cube.ide.mcu.externaltools.gnu-tools-for-stm32.13.3.rel1.win32_1.0.0.202411081344/tools/bin/../lib/gcc/arm-none-eabi/13.3.1/../../../../arm-none-eabi/lib/thumb/v7e-m+fp/hard\libc_nano.a(libc_a-fwalk.o)
                0x080143a8                _fwalk_sglue
 .text.getchar  0x080143e4       0x10 G:/Programs/ST/STM32CubeIDE_1.18.1/STM32CubeIDE/plugins/com.st.stm32cube.ide.mcu.externaltools.gnu-tools-for-stm32.13.3.rel1.win32_1.0.0.202411081344/tools/bin/../lib/gcc/arm-none-eabi/13.3.1/../../../../arm-none-eabi/lib/thumb/v7e-m+fp/hard\libc_nano.a(libc_a-getchar.o)
                0x080143e4                getchar
 .text.printf   0x080143f4       0x24 G:/Programs/ST/STM32CubeIDE_1.18.1/STM32CubeIDE/plugins/com.st.stm32cube.ide.mcu.externaltools.gnu-tools-for-stm32.13.3.rel1.win32_1.0.0.202411081344/tools/bin/../lib/gcc/arm-none-eabi/13.3.1/../../../../arm-none-eabi/lib/thumb/v7e-m+fp/hard\libc_nano.a(libc_a-printf.o)
                0x080143f4                iprintf
                0x080143f4                printf
 .text.putchar  0x08014418       0x10 G:/Programs/ST/STM32CubeIDE_1.18.1/STM32CubeIDE/plugins/com.st.stm32cube.ide.mcu.externaltools.gnu-tools-for-stm32.13.3.rel1.win32_1.0.0.202411081344/tools/bin/../lib/gcc/arm-none-eabi/13.3.1/../../../../arm-none-eabi/lib/thumb/v7e-m+fp/hard\libc_nano.a(libc_a-putchar.o)
                0x08014418                putchar
 .text._puts_r  0x08014428       0xaa G:/Programs/ST/STM32CubeIDE_1.18.1/STM32CubeIDE/plugins/com.st.stm32cube.ide.mcu.externaltools.gnu-tools-for-stm32.13.3.rel1.win32_1.0.0.202411081344/tools/bin/../lib/gcc/arm-none-eabi/13.3.1/../../../../arm-none-eabi/lib/thumb/v7e-m+fp/hard\libc_nano.a(libc_a-puts.o)
                0x08014428                _puts_r
 *fill*         0x080144d2        0x2 
 .text.puts     0x080144d4       0x10 G:/Programs/ST/STM32CubeIDE_1.18.1/STM32CubeIDE/plugins/com.st.stm32cube.ide.mcu.externaltools.gnu-tools-for-stm32.13.3.rel1.win32_1.0.0.202411081344/tools/bin/../lib/gcc/arm-none-eabi/13.3.1/../../../../arm-none-eabi/lib/thumb/v7e-m+fp/hard\libc_nano.a(libc_a-puts.o)
                0x080144d4                puts
 .text.sprintf  0x080144e4       0x44 G:/Programs/ST/STM32CubeIDE_1.18.1/STM32CubeIDE/plugins/com.st.stm32cube.ide.mcu.externaltools.gnu-tools-for-stm32.13.3.rel1.win32_1.0.0.202411081344/tools/bin/../lib/gcc/arm-none-eabi/13.3.1/../../../../arm-none-eabi/lib/thumb/v7e-m+fp/hard\libc_nano.a(libc_a-sprintf.o)
                0x080144e4                siprintf
                0x080144e4                sprintf
 .text.__sread  0x08014528       0x22 G:/Programs/ST/STM32CubeIDE_1.18.1/STM32CubeIDE/plugins/com.st.stm32cube.ide.mcu.externaltools.gnu-tools-for-stm32.13.3.rel1.win32_1.0.0.202411081344/tools/bin/../lib/gcc/arm-none-eabi/13.3.1/../../../../arm-none-eabi/lib/thumb/v7e-m+fp/hard\libc_nano.a(libc_a-stdio.o)
                0x08014528                __sread
 .text.__swrite
                0x0801454a       0x38 G:/Programs/ST/STM32CubeIDE_1.18.1/STM32CubeIDE/plugins/com.st.stm32cube.ide.mcu.externaltools.gnu-tools-for-stm32.13.3.rel1.win32_1.0.0.202411081344/tools/bin/../lib/gcc/arm-none-eabi/13.3.1/../../../../arm-none-eabi/lib/thumb/v7e-m+fp/hard\libc_nano.a(libc_a-stdio.o)
                0x0801454a                __swrite
 .text.__sseek  0x08014582       0x24 G:/Programs/ST/STM32CubeIDE_1.18.1/STM32CubeIDE/plugins/com.st.stm32cube.ide.mcu.externaltools.gnu-tools-for-stm32.13.3.rel1.win32_1.0.0.202411081344/tools/bin/../lib/gcc/arm-none-eabi/13.3.1/../../../../arm-none-eabi/lib/thumb/v7e-m+fp/hard\libc_nano.a(libc_a-stdio.o)
                0x08014582                __sseek
 .text.__sclose
                0x080145a6        0x8 G:/Programs/ST/STM32CubeIDE_1.18.1/STM32CubeIDE/plugins/com.st.stm32cube.ide.mcu.externaltools.gnu-tools-for-stm32.13.3.rel1.win32_1.0.0.202411081344/tools/bin/../lib/gcc/arm-none-eabi/13.3.1/../../../../arm-none-eabi/lib/thumb/v7e-m+fp/hard\libc_nano.a(libc_a-stdio.o)
                0x080145a6                __sclose
 .text.__swbuf_r
                0x080145ae       0x7c G:/Programs/ST/STM32CubeIDE_1.18.1/STM32CubeIDE/plugins/com.st.stm32cube.ide.mcu.externaltools.gnu-tools-for-stm32.13.3.rel1.win32_1.0.0.202411081344/tools/bin/../lib/gcc/arm-none-eabi/13.3.1/../../../../arm-none-eabi/lib/thumb/v7e-m+fp/hard\libc_nano.a(libc_a-wbuf.o)
                0x080145ae                __swbuf_r
 *fill*         0x0801462a        0x2 
 .text.__swsetup_r
                0x0801462c       0xac G:/Programs/ST/STM32CubeIDE_1.18.1/STM32CubeIDE/plugins/com.st.stm32cube.ide.mcu.externaltools.gnu-tools-for-stm32.13.3.rel1.win32_1.0.0.202411081344/tools/bin/../lib/gcc/arm-none-eabi/13.3.1/../../../../arm-none-eabi/lib/thumb/v7e-m+fp/hard\libc_nano.a(libc_a-wsetup.o)
                0x0801462c                __swsetup_r
 .text.funcloser
                0x080146d8       0x38 G:/Programs/ST/STM32CubeIDE_1.18.1/STM32CubeIDE/plugins/com.st.stm32cube.ide.mcu.externaltools.gnu-tools-for-stm32.13.3.rel1.win32_1.0.0.202411081344/tools/bin/../lib/gcc/arm-none-eabi/13.3.1/../../../../arm-none-eabi/lib/thumb/v7e-m+fp/hard\libc_nano.a(libc_a-funopen.o)
 .text.funwriter
                0x08014710       0x34 G:/Programs/ST/STM32CubeIDE_1.18.1/STM32CubeIDE/plugins/com.st.stm32cube.ide.mcu.externaltools.gnu-tools-for-stm32.13.3.rel1.win32_1.0.0.202411081344/tools/bin/../lib/gcc/arm-none-eabi/13.3.1/../../../../arm-none-eabi/lib/thumb/v7e-m+fp/hard\libc_nano.a(libc_a-funopen.o)
 .text.funseeker
                0x08014744       0x34 G:/Programs/ST/STM32CubeIDE_1.18.1/STM32CubeIDE/plugins/com.st.stm32cube.ide.mcu.externaltools.gnu-tools-for-stm32.13.3.rel1.win32_1.0.0.202411081344/tools/bin/../lib/gcc/arm-none-eabi/13.3.1/../../../../arm-none-eabi/lib/thumb/v7e-m+fp/hard\libc_nano.a(libc_a-funopen.o)
 .text.funreader
                0x08014778       0x34 G:/Programs/ST/STM32CubeIDE_1.18.1/STM32CubeIDE/plugins/com.st.stm32cube.ide.mcu.externaltools.gnu-tools-for-stm32.13.3.rel1.win32_1.0.0.202411081344/tools/bin/../lib/gcc/arm-none-eabi/13.3.1/../../../../arm-none-eabi/lib/thumb/v7e-m+fp/hard\libc_nano.a(libc_a-funopen.o)
 .text._funopen_r
                0x080147ac       0xd4 G:/Programs/ST/STM32CubeIDE_1.18.1/STM32CubeIDE/plugins/com.st.stm32cube.ide.mcu.externaltools.gnu-tools-for-stm32.13.3.rel1.win32_1.0.0.202411081344/tools/bin/../lib/gcc/arm-none-eabi/13.3.1/../../../../arm-none-eabi/lib/thumb/v7e-m+fp/hard\libc_nano.a(libc_a-funopen.o)
                0x080147ac                _funopen_r
 .text.funopen  0x08014880       0x20 G:/Programs/ST/STM32CubeIDE_1.18.1/STM32CubeIDE/plugins/com.st.stm32cube.ide.mcu.externaltools.gnu-tools-for-stm32.13.3.rel1.win32_1.0.0.202411081344/tools/bin/../lib/gcc/arm-none-eabi/13.3.1/../../../../arm-none-eabi/lib/thumb/v7e-m+fp/hard\libc_nano.a(libc_a-funopen.o)
                0x08014880                funopen
 .text.memset   0x080148a0       0x10 G:/Programs/ST/STM32CubeIDE_1.18.1/STM32CubeIDE/plugins/com.st.stm32cube.ide.mcu.externaltools.gnu-tools-for-stm32.13.3.rel1.win32_1.0.0.202411081344/tools/bin/../lib/gcc/arm-none-eabi/13.3.1/../../../../arm-none-eabi/lib/thumb/v7e-m+fp/hard\libc_nano.a(libc_a-memset.o)
                0x080148a0                memset
 .text.strchr   0x080148b0       0x1a G:/Programs/ST/STM32CubeIDE_1.18.1/STM32CubeIDE/plugins/com.st.stm32cube.ide.mcu.externaltools.gnu-tools-for-stm32.13.3.rel1.win32_1.0.0.202411081344/tools/bin/../lib/gcc/arm-none-eabi/13.3.1/../../../../arm-none-eabi/lib/thumb/v7e-m+fp/hard\libc_nano.a(libc_a-strchr.o)
                0x080148b0                strchr
 .text.strncmp  0x080148ca       0x24 G:/Programs/ST/STM32CubeIDE_1.18.1/STM32CubeIDE/plugins/com.st.stm32cube.ide.mcu.externaltools.gnu-tools-for-stm32.13.3.rel1.win32_1.0.0.202411081344/tools/bin/../lib/gcc/arm-none-eabi/13.3.1/../../../../arm-none-eabi/lib/thumb/v7e-m+fp/hard\libc_nano.a(libc_a-strncmp.o)
                0x080148ca                strncmp
 .text.strnlen  0x080148ee       0x18 G:/Programs/ST/STM32CubeIDE_1.18.1/STM32CubeIDE/plugins/com.st.stm32cube.ide.mcu.externaltools.gnu-tools-for-stm32.13.3.rel1.win32_1.0.0.202411081344/tools/bin/../lib/gcc/arm-none-eabi/13.3.1/../../../../arm-none-eabi/lib/thumb/v7e-m+fp/hard\libc_nano.a(libc_a-strnlen.o)
                0x080148ee                strnlen
 *fill*         0x08014906        0x2 
 .text.strtok   0x08014908       0x68 G:/Programs/ST/STM32CubeIDE_1.18.1/STM32CubeIDE/plugins/com.st.stm32cube.ide.mcu.externaltools.gnu-tools-for-stm32.13.3.rel1.win32_1.0.0.202411081344/tools/bin/../lib/gcc/arm-none-eabi/13.3.1/../../../../arm-none-eabi/lib/thumb/v7e-m+fp/hard\libc_nano.a(libc_a-strtok.o)
                0x08014908                strtok
 .text.__strtok_r
                0x08014970       0x50 G:/Programs/ST/STM32CubeIDE_1.18.1/STM32CubeIDE/plugins/com.st.stm32cube.ide.mcu.externaltools.gnu-tools-for-stm32.13.3.rel1.win32_1.0.0.202411081344/tools/bin/../lib/gcc/arm-none-eabi/13.3.1/../../../../arm-none-eabi/lib/thumb/v7e-m+fp/hard\libc_nano.a(libc_a-strtok_r.o)
                0x08014970                __strtok_r
 .text._localeconv_r
                0x080149c0        0x8 G:/Programs/ST/STM32CubeIDE_1.18.1/STM32CubeIDE/plugins/com.st.stm32cube.ide.mcu.externaltools.gnu-tools-for-stm32.13.3.rel1.win32_1.0.0.202411081344/tools/bin/../lib/gcc/arm-none-eabi/13.3.1/../../../../arm-none-eabi/lib/thumb/v7e-m+fp/hard\libc_nano.a(libc_a-localeconv.o)
                0x080149c0                _localeconv_r
 .text._close_r
                0x080149c8       0x20 G:/Programs/ST/STM32CubeIDE_1.18.1/STM32CubeIDE/plugins/com.st.stm32cube.ide.mcu.externaltools.gnu-tools-for-stm32.13.3.rel1.win32_1.0.0.202411081344/tools/bin/../lib/gcc/arm-none-eabi/13.3.1/../../../../arm-none-eabi/lib/thumb/v7e-m+fp/hard\libc_nano.a(libc_a-closer.o)
                0x080149c8                _close_r
 .text._reclaim_reent
                0x080149e8       0xbc G:/Programs/ST/STM32CubeIDE_1.18.1/STM32CubeIDE/plugins/com.st.stm32cube.ide.mcu.externaltools.gnu-tools-for-stm32.13.3.rel1.win32_1.0.0.202411081344/tools/bin/../lib/gcc/arm-none-eabi/13.3.1/../../../../arm-none-eabi/lib/thumb/v7e-m+fp/hard\libc_nano.a(libc_a-reent.o)
                0x080149e8                _reclaim_reent
 .text._lseek_r
                0x08014aa4       0x24 G:/Programs/ST/STM32CubeIDE_1.18.1/STM32CubeIDE/plugins/com.st.stm32cube.ide.mcu.externaltools.gnu-tools-for-stm32.13.3.rel1.win32_1.0.0.202411081344/tools/bin/../lib/gcc/arm-none-eabi/13.3.1/../../../../arm-none-eabi/lib/thumb/v7e-m+fp/hard\libc_nano.a(libc_a-lseekr.o)
                0x08014aa4                _lseek_r
 .text._read_r  0x08014ac8       0x24 G:/Programs/ST/STM32CubeIDE_1.18.1/STM32CubeIDE/plugins/com.st.stm32cube.ide.mcu.externaltools.gnu-tools-for-stm32.13.3.rel1.win32_1.0.0.202411081344/tools/bin/../lib/gcc/arm-none-eabi/13.3.1/../../../../arm-none-eabi/lib/thumb/v7e-m+fp/hard\libc_nano.a(libc_a-readr.o)
                0x08014ac8                _read_r
 .text._write_r
                0x08014aec       0x24 G:/Programs/ST/STM32CubeIDE_1.18.1/STM32CubeIDE/plugins/com.st.stm32cube.ide.mcu.externaltools.gnu-tools-for-stm32.13.3.rel1.win32_1.0.0.202411081344/tools/bin/../lib/gcc/arm-none-eabi/13.3.1/../../../../arm-none-eabi/lib/thumb/v7e-m+fp/hard\libc_nano.a(libc_a-writer.o)
                0x08014aec                _write_r
 .text.__errno  0x08014b10        0xc G:/Programs/ST/STM32CubeIDE_1.18.1/STM32CubeIDE/plugins/com.st.stm32cube.ide.mcu.externaltools.gnu-tools-for-stm32.13.3.rel1.win32_1.0.0.202411081344/tools/bin/../lib/gcc/arm-none-eabi/13.3.1/../../../../arm-none-eabi/lib/thumb/v7e-m+fp/hard\libc_nano.a(libc_a-errno.o)
                0x08014b10                __errno
 .text.__libc_init_array
                0x08014b1c       0x48 G:/Programs/ST/STM32CubeIDE_1.18.1/STM32CubeIDE/plugins/com.st.stm32cube.ide.mcu.externaltools.gnu-tools-for-stm32.13.3.rel1.win32_1.0.0.202411081344/tools/bin/../lib/gcc/arm-none-eabi/13.3.1/../../../../arm-none-eabi/lib/thumb/v7e-m+fp/hard\libc_nano.a(libc_a-init.o)
                0x08014b1c                __libc_init_array
 .text.__retarget_lock_init_recursive
                0x08014b64        0x2 G:/Programs/ST/STM32CubeIDE_1.18.1/STM32CubeIDE/plugins/com.st.stm32cube.ide.mcu.externaltools.gnu-tools-for-stm32.13.3.rel1.win32_1.0.0.202411081344/tools/bin/../lib/gcc/arm-none-eabi/13.3.1/../../../../arm-none-eabi/lib/thumb/v7e-m+fp/hard\libc_nano.a(libc_a-lock.o)
                0x08014b64                __retarget_lock_init_recursive
 .text.__retarget_lock_close_recursive
                0x08014b66        0x2 G:/Programs/ST/STM32CubeIDE_1.18.1/STM32CubeIDE/plugins/com.st.stm32cube.ide.mcu.externaltools.gnu-tools-for-stm32.13.3.rel1.win32_1.0.0.202411081344/tools/bin/../lib/gcc/arm-none-eabi/13.3.1/../../../../arm-none-eabi/lib/thumb/v7e-m+fp/hard\libc_nano.a(libc_a-lock.o)
                0x08014b66                __retarget_lock_close_recursive
 .text.__retarget_lock_acquire_recursive
                0x08014b68        0x2 G:/Programs/ST/STM32CubeIDE_1.18.1/STM32CubeIDE/plugins/com.st.stm32cube.ide.mcu.externaltools.gnu-tools-for-stm32.13.3.rel1.win32_1.0.0.202411081344/tools/bin/../lib/gcc/arm-none-eabi/13.3.1/../../../../arm-none-eabi/lib/thumb/v7e-m+fp/hard\libc_nano.a(libc_a-lock.o)
                0x08014b68                __retarget_lock_acquire_recursive
 .text.__retarget_lock_release_recursive
                0x08014b6a        0x2 G:/Programs/ST/STM32CubeIDE_1.18.1/STM32CubeIDE/plugins/com.st.stm32cube.ide.mcu.externaltools.gnu-tools-for-stm32.13.3.rel1.win32_1.0.0.202411081344/tools/bin/../lib/gcc/arm-none-eabi/13.3.1/../../../../arm-none-eabi/lib/thumb/v7e-m+fp/hard\libc_nano.a(libc_a-lock.o)
                0x08014b6a                __retarget_lock_release_recursive
 .text.memcpy   0x08014b6c       0x1c G:/Programs/ST/STM32CubeIDE_1.18.1/STM32CubeIDE/plugins/com.st.stm32cube.ide.mcu.externaltools.gnu-tools-for-stm32.13.3.rel1.win32_1.0.0.202411081344/tools/bin/../lib/gcc/arm-none-eabi/13.3.1/../../../../arm-none-eabi/lib/thumb/v7e-m+fp/hard\libc_nano.a(libc_a-memcpy-stub.o)
                0x08014b6c                memcpy
 .text.nan      0x08014b88       0x10 G:/Programs/ST/STM32CubeIDE_1.18.1/STM32CubeIDE/plugins/com.st.stm32cube.ide.mcu.externaltools.gnu-tools-for-stm32.13.3.rel1.win32_1.0.0.202411081344/tools/bin/../lib/gcc/arm-none-eabi/13.3.1/../../../../arm-none-eabi/lib/thumb/v7e-m+fp/hard\libc_nano.a(libm_a-s_nan.o)
                0x08014b88                nan
 .text.nanf     0x08014b98        0xc G:/Programs/ST/STM32CubeIDE_1.18.1/STM32CubeIDE/plugins/com.st.stm32cube.ide.mcu.externaltools.gnu-tools-for-stm32.13.3.rel1.win32_1.0.0.202411081344/tools/bin/../lib/gcc/arm-none-eabi/13.3.1/../../../../arm-none-eabi/lib/thumb/v7e-m+fp/hard\libc_nano.a(libm_a-sf_nan.o)
                0x08014b98                nanf
 .text.abort    0x08014ba4        0xe G:/Programs/ST/STM32CubeIDE_1.18.1/STM32CubeIDE/plugins/com.st.stm32cube.ide.mcu.externaltools.gnu-tools-for-stm32.13.3.rel1.win32_1.0.0.202411081344/tools/bin/../lib/gcc/arm-none-eabi/13.3.1/../../../../arm-none-eabi/lib/thumb/v7e-m+fp/hard\libc_nano.a(libc_a-abort.o)
                0x08014ba4                abort
 .text.quorem   0x08014bb2      0x110 G:/Programs/ST/STM32CubeIDE_1.18.1/STM32CubeIDE/plugins/com.st.stm32cube.ide.mcu.externaltools.gnu-tools-for-stm32.13.3.rel1.win32_1.0.0.202411081344/tools/bin/../lib/gcc/arm-none-eabi/13.3.1/../../../../arm-none-eabi/lib/thumb/v7e-m+fp/hard\libc_nano.a(libc_a-dtoa.o)
 *fill*         0x08014cc2        0x6 
 .text._dtoa_r  0x08014cc8      0xba0 G:/Programs/ST/STM32CubeIDE_1.18.1/STM32CubeIDE/plugins/com.st.stm32cube.ide.mcu.externaltools.gnu-tools-for-stm32.13.3.rel1.win32_1.0.0.202411081344/tools/bin/../lib/gcc/arm-none-eabi/13.3.1/../../../../arm-none-eabi/lib/thumb/v7e-m+fp/hard\libc_nano.a(libc_a-dtoa.o)
                0x08014cc8                _dtoa_r
 .text._free_r  0x08015868       0x94 G:/Programs/ST/STM32CubeIDE_1.18.1/STM32CubeIDE/plugins/com.st.stm32cube.ide.mcu.externaltools.gnu-tools-for-stm32.13.3.rel1.win32_1.0.0.202411081344/tools/bin/../lib/gcc/arm-none-eabi/13.3.1/../../../../arm-none-eabi/lib/thumb/v7e-m+fp/hard\libc_nano.a(libc_a-freer.o)
                0x08015868                _free_r
 .text.rshift   0x080158fc       0xa4 G:/Programs/ST/STM32CubeIDE_1.18.1/STM32CubeIDE/plugins/com.st.stm32cube.ide.mcu.externaltools.gnu-tools-for-stm32.13.3.rel1.win32_1.0.0.202411081344/tools/bin/../lib/gcc/arm-none-eabi/13.3.1/../../../../arm-none-eabi/lib/thumb/v7e-m+fp/hard\libc_nano.a(libc_a-gdtoa-gethex.o)
 .text.__hexdig_fun
                0x080159a0       0x2a G:/Programs/ST/STM32CubeIDE_1.18.1/STM32CubeIDE/plugins/com.st.stm32cube.ide.mcu.externaltools.gnu-tools-for-stm32.13.3.rel1.win32_1.0.0.202411081344/tools/bin/../lib/gcc/arm-none-eabi/13.3.1/../../../../arm-none-eabi/lib/thumb/v7e-m+fp/hard\libc_nano.a(libc_a-gdtoa-gethex.o)
                0x080159a0                __hexdig_fun
 *fill*         0x080159ca        0x2 
 .text.__gethex
                0x080159cc      0x420 G:/Programs/ST/STM32CubeIDE_1.18.1/STM32CubeIDE/plugins/com.st.stm32cube.ide.mcu.externaltools.gnu-tools-for-stm32.13.3.rel1.win32_1.0.0.202411081344/tools/bin/../lib/gcc/arm-none-eabi/13.3.1/../../../../arm-none-eabi/lib/thumb/v7e-m+fp/hard\libc_nano.a(libc_a-gdtoa-gethex.o)
                0x080159cc                __gethex
 .text.L_shift  0x08015dec       0x24 G:/Programs/ST/STM32CubeIDE_1.18.1/STM32CubeIDE/plugins/com.st.stm32cube.ide.mcu.externaltools.gnu-tools-for-stm32.13.3.rel1.win32_1.0.0.202411081344/tools/bin/../lib/gcc/arm-none-eabi/13.3.1/../../../../arm-none-eabi/lib/thumb/v7e-m+fp/hard\libc_nano.a(libc_a-gdtoa-hexnan.o)
 .text.__match  0x08015e10       0x28 G:/Programs/ST/STM32CubeIDE_1.18.1/STM32CubeIDE/plugins/com.st.stm32cube.ide.mcu.externaltools.gnu-tools-for-stm32.13.3.rel1.win32_1.0.0.202411081344/tools/bin/../lib/gcc/arm-none-eabi/13.3.1/../../../../arm-none-eabi/lib/thumb/v7e-m+fp/hard\libc_nano.a(libc_a-gdtoa-hexnan.o)
                0x08015e10                __match
 .text.__hexnan
                0x08015e38      0x136 G:/Programs/ST/STM32CubeIDE_1.18.1/STM32CubeIDE/plugins/com.st.stm32cube.ide.mcu.externaltools.gnu-tools-for-stm32.13.3.rel1.win32_1.0.0.202411081344/tools/bin/../lib/gcc/arm-none-eabi/13.3.1/../../../../arm-none-eabi/lib/thumb/v7e-m+fp/hard\libc_nano.a(libc_a-gdtoa-hexnan.o)
                0x08015e38                __hexnan
 *fill*         0x08015f6e        0x2 
 .text._mallinfo_r