../Core/Src/main.c:83:6:vApplicationMallocFailedHook	16	static,ignoring_inline_asm
../Core/Src/main.c:93:6:vApplicationStackOverflowHook	24	static,ignoring_inline_asm
../Core/Src/main.c:110:6:InitTask	16	static
../Core/Src/main.c:124:12:CapabilityFunc	120	static
../Core/Src/main.c:162:5:main	8	static
../Core/Src/main.c:217:6:SystemClock_Config	88	static
../Core/Src/main.c:265:13:MX_SPI1_Init	8	static
../Core/Src/main.c:304:13:MX_TIM2_Init	64	static
../Core/Src/main.c:369:13:MX_USART3_UART_Init	8	static
../Core/Src/main.c:403:13:MX_GPIO_Init	56	static
../Core/Src/main.c:510:6:vAssertCalled	24	static
../Core/Src/main.c:530:5:__stdout_put_char	24	static
../Core/Src/main.c:541:5:__stdin_get_char	4	static
../Core/Src/main.c:560:6:MPU_Config	24	static
../Core/Src/main.c:603:6:Error_Handler	4	static,ignoring_inline_asm
../Core/Src/main.c:622:6:assert_failed	16	static
