../Core/Src/main.c:104:6:vApplicationMallocFailedHook	16	static,ignoring_inline_asm
../Core/Src/main.c:114:6:vApplicationStackOverflowHook	24	static,ignoring_inline_asm
../Core/Src/main.c:131:14:StepLibraryMalloc	16	static
../Core/Src/main.c:136:13:StepLibraryFree	16	static
../Core/Src/main.c:141:12:StepDriverSpiTransfer	40	static
../Core/Src/main.c:155:12:StepDriverReset	16	static
../Core/Src/main.c:167:13:StepLibraryDelay	40	static
../Core/Src/main.c:172:12:Step	32	static
../Core/Src/main.c:192:6:SPINDLE_SetDirection	24	static
../Core/Src/main.c:210:6:SPINDLE_SetDutyCycle	32	static
../Core/Src/main.c:224:6:SPINDLE_EnaPWM	24	static
../Core/Src/main.c:265:6:InitComponentsTask	72	static
../Core/Src/main.c:330:6:StepperHandler	56	static
../Core/Src/main.c:417:6:SpindleHandler	40	static
../Core/Src/main.c:457:5:StepperMove	24	static
../Core/Src/main.c:493:5:StepperReference	32	static
../Core/Src/main.c:566:5:StepperReset	16	static
../Core/Src/main.c:591:5:SpindleStart	40	static
../Core/Src/main.c:644:5:SpindleStop	8	static
../Core/Src/main.c:667:5:SpindleStatus	8	static
../Core/Src/main.c:685:12:CapabilityFunc	120	static
../Core/Src/main.c:723:5:main	24	static
../Core/Src/main.c:801:6:SystemClock_Config	88	static
../Core/Src/main.c:849:13:MX_SPI1_Init	8	static
../Core/Src/main.c:888:13:MX_TIM2_Init	64	static
../Core/Src/main.c:953:13:MX_USART3_UART_Init	8	static
../Core/Src/main.c:987:13:MX_GPIO_Init	56	static
../Core/Src/main.c:1094:6:vAssertCalled	24	static
../Core/Src/main.c:1114:5:__stdout_put_char	24	static
../Core/Src/main.c:1125:5:__stdin_get_char	4	static
../Core/Src/main.c:1144:6:MPU_Config	24	static
../Core/Src/main.c:1187:6:Error_Handler	4	static,ignoring_inline_asm
../Core/Src/main.c:1206:6:assert_failed	16	static
