../Core/Src/newlib_abs.c:218:32:__stdin_get_char	4	static
../Core/Src/newlib_abs.c:229:46:__stdlib_get_system_clock_ticks	4	static
../Core/Src/newlib_abs.c:240:6:initialise_monitor_handles	4	static
../Core/Src/newlib_abs.c:257:6:initialise_stdlib_abstraction	8	static
../Core/Src/newlib_abs.c:295:5:_getpid	4	static
../Core/Src/newlib_abs.c:308:5:_kill	16	static
C:\ST\STM32CubeIDE_1.18.0\STM32CubeIDE\plugins\com.st.stm32cube.ide.mcu.externaltools.gnu-tools-for-stm32.13.3.rel1.win32_1.0.0.202411081344\tools\bin/../lib/gcc/arm-none-eabi/13.3.1/../../../../arm-none-eabi/include/sys/unistd.h:18:6:_exit	16	static
../Core/Src/newlib_abs.c:345:5:_read	40	static
../Core/Src/newlib_abs.c:395:5:_write	32	static
../Core/Src/newlib_abs.c:461:5:_close	16	static
../Core/Src/newlib_abs.c:478:5:_fstat	16	static
../Core/Src/newlib_abs.c:506:5:_isatty	16	static
../Core/Src/newlib_abs.c:518:5:_lseek	24	static
../Core/Src/newlib_abs.c:529:5:_open	12	static
../Core/Src/newlib_abs.c:540:5:_wait	16	static
../Core/Src/newlib_abs.c:554:5:_unlink	16	static
../Core/Src/newlib_abs.c:568:5:_times	16	static
../Core/Src/newlib_abs.c:577:5:_stat	16	static
../Core/Src/newlib_abs.c:588:5:_link	16	static
../Core/Src/newlib_abs.c:603:5:_fork	8	static
../Core/Src/newlib_abs.c:615:5:_execve	24	static
C:\ST\STM32CubeIDE_1.18.0\STM32CubeIDE\plugins\com.st.stm32cube.ide.mcu.externaltools.gnu-tools-for-stm32.13.3.rel1.win32_1.0.0.202411081344\tools\bin/../lib/gcc/arm-none-eabi/13.3.1/../../../../arm-none-eabi/include/reent.h:154:14:_sbrk_r	40	static,ignoring_inline_asm
C:\ST\STM32CubeIDE_1.18.0\STM32CubeIDE\plugins\com.st.stm32cube.ide.mcu.externaltools.gnu-tools-for-stm32.13.3.rel1.win32_1.0.0.202411081344\tools\bin/../lib/gcc/arm-none-eabi/13.3.1/../../../../arm-none-eabi/include/sys/unistd.h:195:9:sbrk	16	static
../Core/Src/newlib_abs.c:757:7:_sbrk	16	static
C:\ST\STM32CubeIDE_1.18.0\STM32CubeIDE\plugins\com.st.stm32cube.ide.mcu.externaltools.gnu-tools-for-stm32.13.3.rel1.win32_1.0.0.202411081344\tools\bin/../lib/gcc/arm-none-eabi/13.3.1/../../../../arm-none-eabi/include/malloc.h:136:13:__malloc_lock	32	static,ignoring_inline_asm
C:\ST\STM32CubeIDE_1.18.0\STM32CubeIDE\plugins\com.st.stm32cube.ide.mcu.externaltools.gnu-tools-for-stm32.13.3.rel1.win32_1.0.0.202411081344\tools\bin/../lib/gcc/arm-none-eabi/13.3.1/../../../../arm-none-eabi/include/malloc.h:138:13:__malloc_unlock	16	static
../Core/Src/newlib_abs.c:796:32:__env_lock	24	static,ignoring_inline_asm
../Core/Src/newlib_abs.c:810:32:__env_unlock	8	static
../Core/Src/newlib_abs.c:824:7:pvPortMalloc	24	static
../Core/Src/newlib_abs.c:832:6:vPortFree	16	static
../Core/Src/newlib_abs.c:839:8:xPortGetFreeHeapSize	56	static
../Core/Src/newlib_abs.c:853:8:xPortGetMinimumEverFreeHeapSize	4	static
../Core/Src/newlib_abs.c:861:6:vPortInitialiseBlocks	4	static
