../Core/Src/stm32f7xx_it.c:70:6:NMI_Handler	4	static
../Core/Src/stm32f7xx_it.c:85:6:HardFault_Handler	4	static
../Core/Src/stm32f7xx_it.c:100:6:MemManage_Handler	4	static
../Core/Src/stm32f7xx_it.c:115:6:BusFault_Handler	4	static
../Core/Src/stm32f7xx_it.c:130:6:UsageFault_Handler	4	static
../Core/Src/stm32f7xx_it.c:165:6:DebugMon_Handler	4	static
../Core/Src/stm32f7xx_it.c:194:6:SysTick_Handler	8	static
../Core/Src/stm32f7xx_it.c:214:6:TIM1_UP_TIM10_IRQHandler	8	static
../Core/Src/stm32f7xx_it.c:228:6:TIM1_CC_IRQHandler	8	static
../Core/Src/stm32f7xx_it.c:242:6:SPI1_IRQHandler	8	static
